Component: ARM Compiler 5.06 update 7 (build 960) Tool: armlink [4d3601]

==============================================================================

Section Cross References

    main.o(i.main) refers to main.o(i.sys_param_init) for sys_param_init
    main.o(i.main) refers to led.o(i.led_Init) for led_Init
    main.o(i.main) refers to sensor_thread.o(i.sensor_thread_init) for sensor_thread_init
    main.o(i.main) refers to rf_thread.o(i.rf_thread_init) for rf_thread_init
    main.o(i.main) refers to at_thread.o(i.at_thread_init) for at_thread_init
    main.o(i.sys_param_init) refers to rf_if_app.o(i.rf_info_init) for rf_info_init
    sensor.o(i.SensorCheck) refers to memcpya.o(.text) for __aeabi_memcpy4
    sensor.o(i.SensorCheck) refers to sensor.o(i.UpdateA6) for UpdateA6
    sensor.o(i.SensorCheck) refers to sensor.o(i.UpdateA7) for UpdateA7
    sensor.o(i.SensorCheck) refers to printfa.o(i.__0sprintf) for __2sprintf
    sensor.o(i.SensorCheck) refers to strcat.o(.text) for strcat
    sensor.o(i.SensorCheck) refers to strlen.o(.text) for strlen
    sensor.o(i.SensorCheck) refers to rf_thread.o(i.rf_send) for rf_send
    sensor.o(i.SensorCheck) refers to sensor.o(.constdata) for .constdata
    sensor.o(i.SensorCheck) refers to sensor.o(.data) for g_sensorData
    sensor.o(i.SensorControl) refers to drv_fan.o(i.FanCtrl) for FanCtrl
    sensor.o(i.SensorInit) refers to timer.o(i.rt_timer_init) for rt_timer_init
    sensor.o(i.SensorInit) refers to ipc.o(i.rt_sem_init) for rt_sem_init
    sensor.o(i.SensorInit) refers to timer.o(i.rt_timer_start) for rt_timer_start
    sensor.o(i.SensorInit) refers to thread.o(i.rt_thread_startup) for rt_thread_startup
    sensor.o(i.SensorInit) refers to key.o(i.key_init) for key_init
    sensor.o(i.SensorInit) refers to drv_fan.o(i.FanInit) for FanInit
    sensor.o(i.SensorInit) refers to htu21d.o(i.htu21d_init) for htu21d_init
    sensor.o(i.SensorInit) refers to sensor.o(.data) for g_sensorData
    sensor.o(i.SensorInit) refers to sensor.o(i.sensor_poll_timer_cb) for sensor_poll_timer_cb
    sensor.o(i.SensorInit) refers to sensor.o(.bss) for sensor_poll_timer
    sensor.o(i.SensorInit) refers to sensor_thread.o(.bss) for sensor_check_thread
    sensor.o(i.SensorLinkOn) refers to ipc.o(i.rt_sem_release) for rt_sem_release
    sensor.o(i.SensorLinkOn) refers to sensor.o(.bss) for sensor_poll_sem
    sensor.o(i.SensorUpdate) refers to memcpya.o(.text) for __aeabi_memcpy4
    sensor.o(i.SensorUpdate) refers to ipc.o(i.rt_sem_take) for rt_sem_take
    sensor.o(i.SensorUpdate) refers to sensor.o(i.UpdateA0) for UpdateA0
    sensor.o(i.SensorUpdate) refers to f2d.o(.text) for __aeabi_f2d
    sensor.o(i.SensorUpdate) refers to printfa.o(i.__0sprintf) for __2sprintf
    sensor.o(i.SensorUpdate) refers to strcat.o(.text) for strcat
    sensor.o(i.SensorUpdate) refers to sensor.o(i.UpdateA1) for UpdateA1
    sensor.o(i.SensorUpdate) refers to sensor.o(i.UpdateA2) for UpdateA2
    sensor.o(i.SensorUpdate) refers to sensor.o(i.UpdateA3) for UpdateA3
    sensor.o(i.SensorUpdate) refers to sensor.o(i.UpdateA4) for UpdateA4
    sensor.o(i.SensorUpdate) refers to sensor.o(i.UpdateA5) for UpdateA5
    sensor.o(i.SensorUpdate) refers to sensor.o(i.UpdateA6) for UpdateA6
    sensor.o(i.SensorUpdate) refers to sensor.o(i.UpdateA7) for UpdateA7
    sensor.o(i.SensorUpdate) refers to strlen.o(.text) for strlen
    sensor.o(i.SensorUpdate) refers to rf_thread.o(i.rf_send) for rf_send
    sensor.o(i.SensorUpdate) refers to sensor.o(.constdata) for .constdata
    sensor.o(i.SensorUpdate) refers to sensor.o(.bss) for sensor_poll_sem
    sensor.o(i.SensorUpdate) refers to sensor.o(.data) for g_sensorData
    sensor.o(i.UpdateA0) refers to htu21d.o(i.htu21d_get_data) for htu21d_get_data
    sensor.o(i.UpdateA0) refers to sensor.o(.data) for g_sensorData
    sensor.o(i.UpdateA1) refers to htu21d.o(i.htu21d_get_data) for htu21d_get_data
    sensor.o(i.UpdateA1) refers to sensor.o(.data) for g_sensorData
    sensor.o(i.UpdateA2) refers to rand.o(.text) for rand
    sensor.o(i.UpdateA2) refers to sensor.o(.data) for g_sensorData
    sensor.o(i.UpdateA3) refers to rand.o(.text) for rand
    sensor.o(i.UpdateA3) refers to sensor.o(.data) for g_sensorData
    sensor.o(i.UpdateA4) refers to rand.o(.text) for rand
    sensor.o(i.UpdateA4) refers to sensor.o(.data) for g_sensorData
    sensor.o(i.UpdateA5) refers to rand.o(.text) for rand
    sensor.o(i.UpdateA5) refers to sensor.o(.data) for g_sensorData
    sensor.o(i.UpdateA6) refers to key.o(i.get_key_status) for get_key_status
    sensor.o(i.UpdateA6) refers to sensor.o(.data) for g_sensorData
    sensor.o(i.UpdateA7) refers to key.o(i.get_key_status) for get_key_status
    sensor.o(i.UpdateA7) refers to sensor.o(.data) for g_sensorData
    sensor.o(i.UpdateV0) refers to timer.o(i.rt_timer_control) for rt_timer_control
    sensor.o(i.UpdateV0) refers to timer.o(i.rt_timer_start) for rt_timer_start
[...]
    .data                                    0x20000050   Section        4  uart2.o(.data)
    input_call                               0x20000050   Data           4  uart2.o(.data)
    .data                                    0x20000054   Section       20  system_stm32f10x.o(.data)
    .data                                    0x20000068   Section       20  stm32f10x_rcc.o(.data)
    APBAHBPrescTable                         0x20000068   Data          16  stm32f10x_rcc.o(.data)
    ADCPrescTable                            0x20000078   Data           4  stm32f10x_rcc.o(.data)
    .data                                    0x2000007c   Section       16  cpuport.o(.data)
    rt_exception_hook                        0x20000088   Data           4  cpuport.o(.data)
    .data                                    0x2000008c   Section        4  clock.o(.data)
    rt_tick                                  0x2000008c   Data           4  clock.o(.data)
    .data                                    0x20000090   Section        9  irq.o(.data)
    rt_interrupt_enter_hook                  0x20000090   Data           4  irq.o(.data)
    rt_interrupt_leave_hook                  0x20000094   Data           4  irq.o(.data)
    .data                                    0x2000009c   Section        8  kservice.o(.data)
    __rt_errno                               0x2000009c   Data           4  kservice.o(.data)
    .data                                    0x200000a4   Section       32  mem.o(.data)
    rt_malloc_hook                           0x200000a4   Data           4  mem.o(.data)
    rt_free_hook                             0x200000a8   Data           4  mem.o(.data)
    heap_ptr                                 0x200000ac   Data           4  mem.o(.data)
    heap_end                                 0x200000b0   Data           4  mem.o(.data)
    lfree                                    0x200000b4   Data           4  mem.o(.data)
    mem_size_aligned                         0x200000b8   Data           4  mem.o(.data)
    used_mem                                 0x200000bc   Data           4  mem.o(.data)
    max_mem                                  0x200000c0   Data           4  mem.o(.data)
    .data                                    0x200000c4   Section      180  object.o(.data)
    rt_object_container                      0x200000c4   Data         160  object.o(.data)
    rt_object_attach_hook                    0x20000164   Data           4  object.o(.data)
    rt_object_detach_hook                    0x20000168   Data           4  object.o(.data)
    .data                                    0x20000178   Section       28  scheduler.o(.data)
    rt_scheduler_lock_nest                   0x2000017c   Data           2  scheduler.o(.data)
    rt_scheduler_hook                        0x20000190   Data           4  scheduler.o(.data)
    .data                                    0x20000194   Section       12  thread.o(.data)
    rt_thread_suspend_hook                   0x20000194   Data           4  thread.o(.data)
    rt_thread_resume_hook                    0x20000198   Data           4  thread.o(.data)
    rt_thread_inited_hook                    0x2000019c   Data           4  thread.o(.data)
    .data                                    0x200001a0   Section       20  timer.o(.data)
    rt_timer_list                            0x200001a0   Data           8  timer.o(.data)
    rt_timer_enter_hook                      0x200001a8   Data           4  timer.o(.data)
    rt_timer_exit_hook                       0x200001ac   Data           4  timer.o(.data)
    random_nr                                0x200001b0   Data           4  timer.o(.data)
    .data                                    0x200001b4   Section        4  rand.o(.data)
    _rand_state                              0x200001b4   Data           4  rand.o(.data)
    .data                                    0x200001b8   Section        4  errno.o(.data)
    _errno                                   0x200001b8   Data           4  errno.o(.data)
    .bss                                     0x200001bc   Section       92  sensor.o(.bss)
    sensor_poll_sem                          0x200001bc   Data          40  sensor.o(.bss)
    sensor_poll_timer                        0x200001e4   Data          52  sensor.o(.bss)
    .bss                                     0x20000218   Section     2336  sensor_thread.o(.bss)
    sensor_thread                            0x20000218   Data         144  sensor_thread.o(.bss)
    sensor_stack                             0x200002a8   Data        1024  sensor_thread.o(.bss)
    sensor_check_stack                       0x20000738   Data        1024  sensor_thread.o(.bss)
    .bss                                     0x20000b38   Section     1168  at_thread.o(.bss)
    at_thread                                0x20000b38   Data         144  at_thread.o(.bss)
    at_stack                                 0x20000bc8   Data        1024  at_thread.o(.bss)
    .bss                                     0x20000fc8   Section      256  at_app.o(.bss)
    send_buf                                 0x20000fc8   Data         256  at_app.o(.bss)
    .bss                                     0x200010c8   Section      780  at_hw.o(.bss)
    at_data_mb_poll                          0x2000112c   Data          40  at_hw.o(.bss)
    at_ringbuf                               0x20001154   Data         512  at_hw.o(.bss)
    rt_log_buf                               0x20001354   Data         128  at_hw.o(.bss)
    .bss                                     0x200013d8   Section     3160  rf_thread.o(.bss)
    rf_thread                                0x200013d8   Data         144  rf_thread.o(.bss)
    rf_stack                                 0x20001468   Data        1024  rf_thread.o(.bss)
    rf_link_thread                           0x20001868   Data         144  rf_thread.o(.bss)
    rf_link_stack                            0x200018f8   Data        1760  rf_thread.o(.bss)
    .bss                                     0x20002030   Section      312  rf_if_app.o(.bss)
    .bss                                     0x20002168   Section     1164  rf_if_hw.o(.bss)
    rf_if_data_mb_poll                       0x200021cc   Data          40  rf_if_hw.o(.bss)
    rf_if_ringbuf                            0x200021f4   Data        1024  rf_if_hw.o(.bss)
    .bss                                     0x200025f4   Section      200  zxbee.o(.bss)
    wbuf                                     0x200025f4   Data         200  zxbee.o(.bss)
    .bss                                     0x200026bc   Section     1024  flash.o(.bss)
    buf_tmp                                  0x200026bc   Data        1024  flash.o(.bss)
    .bss                                     0x20002abc   Section      416  idle.o(.bss)
    idle                                     0x20002abc   Data         144  idle.o(.bss)
    rt_thread_stack                          0x20002b4c   Data         256  idle.o(.bss)
    idle_hook_list                           0x20002c4c   Data          16  idle.o(.bss)
    .bss                                     0x20002c5c   Section       40  mem.o(.bss)
    heap_sem                                 0x20002c5c   Data          40  mem.o(.bss)
    .bss                                     0x20002c84   Section      256  scheduler.o(.bss)
    STACK                                    0x20002d88   Section     1024  startup_stm32f10x_md.o(STACK)

    Global Symbols

    Symbol Name                              Value     Ov Type        Size  Object(Section)

    BuildAttributes$$THM_ISAv4$P$D$K$B$S$PE$A:L22UL41UL21$X:L11$S22US41US21$IEEE1$IW$USESV6$~STKCKD$USESV7$~SHL$OTIME$ROPI$EBA8$MICROLIB$REQ8$PRES8$EABIv2 0x00000000   Number         0  anon$$obj.o ABSOLUTE
    __ARM_use_no_argv                        0x00000000   Number         0  main.o ABSOLUTE
    _printf_a                                0x00000000   Number         0  stubs.o ABSOLUTE
    _printf_c                                0x00000000   Number         0  stubs.o ABSOLUTE
    _printf_charcount                        0x00000000   Number         0  stubs.o ABSOLUTE
    _printf_d                                0x00000000   Number         0  stubs.o ABSOLUTE
    _printf_e                                0x00000000   Number         0  stubs.o ABSOLUTE
    _printf_f                                0x00000000   Number         0  stubs.o ABSOLUTE
    _printf_flags                            0x00000000   Number         0  stubs.o ABSOLUTE
    _printf_fp_dec                           0x00000000   Number         0  stubs.o ABSOLUTE
    _printf_fp_hex                           0x00000000   Number         0  stubs.o ABSOLUTE
    _printf_g                                0x00000000   Number         0  stubs.o ABSOLUTE
    _printf_i                                0x00000000   Number         0  stubs.o ABSOLUTE
    _printf_int_dec                          0x00000000   Number         0  stubs.o ABSOLUTE
    _printf_l                                0x00000000   Number         0  stubs.o ABSOLUTE
    _printf_lc                               0x00000000   Number         0  stubs.o ABSOLUTE
    _printf_ll                               0x00000000   Number         0  stubs.o ABSOLUTE
    _printf_lld                              0x00000000   Number         0  stubs.o ABSOLUTE
    _printf_lli                              0x00000000   Number         0  stubs.o ABSOLUTE
    _printf_llo                              0x00000000   Number         0  stubs.o ABSOLUTE
    _printf_llu                              0x00000000   Number         0  stubs.o ABSOLUTE
    _printf_llx                              0x00000000   Number         0  stubs.o ABSOLUTE
    _printf_longlong_dec                     0x00000000   Number         0  stubs.o ABSOLUTE
    _printf_longlong_hex                     0x00000000   Number         0  stubs.o ABSOLUTE
    _printf_longlong_oct                     0x00000000   Number         0  stubs.o ABSOLUTE
    _printf_ls                               0x00000000   Number         0  stubs.o ABSOLUTE
    _printf_mbtowc                           0x00000000   Number         0  stubs.o ABSOLUTE
    _printf_n                                0x00000000   Number         0  stubs.o ABSOLUTE
    _printf_o                                0x00000000   Number         0  stubs.o ABSOLUTE
    _printf_p                                0x00000000   Number         0  stubs.o ABSOLUTE
    _printf_percent                          0x00000000   Number         0  stubs.o ABSOLUTE
    _printf_pre_padding                      0x00000000   Number         0  stubs.o ABSOLUTE
    _printf_return_value                     0x00000000   Number         0  stubs.o ABSOLUTE
    _printf_s                                0x00000000   Number         0  stubs.o ABSOLUTE
    _printf_sizespec                         0x00000000   Number         0  stubs.o ABSOLUTE
    _printf_str                              0x00000000   Number         0  stubs.o ABSOLUTE
    _printf_truncate_signed                  0x00000000   Number         0  stubs.o ABSOLUTE
    _printf_truncate_unsigned                0x00000000   Number         0  stubs.o ABSOLUTE
    _printf_u                                0x00000000   Number         0  stubs.o ABSOLUTE
    _printf_wc                               0x00000000   Number         0  stubs.o ABSOLUTE
    _printf_wctomb                           0x00000000   Number         0  stubs.o ABSOLUTE
    _printf_widthprec                        0x00000000   Number         0  stubs.o ABSOLUTE
    _printf_x                                0x00000000   Number         0  stubs.o ABSOLUTE
    __arm_fini_                               - Undefined Weak Reference
    __cpp_initialize__aeabi_                  - Undefined Weak Reference
    __cxa_finalize                            - Undefined Weak Reference
    _clock_init                               - Undefined Weak Reference
    _microlib_exit                            - Undefined Weak Reference
    __Vectors_Size                           0x000000ec   Number         0  startup_stm32f10x_md.o ABSOLUTE
    __Vectors                                0x08000000   Data           4  startup_stm32f10x_md.o(RESET)
    __Vectors_End                            0x080000ec   Data           0  startup_stm32f10x_md.o(RESET)
    __main                                   0x080000ed   Thumb Code     0  entry.o(.ARM.Collect$$$$00000000)
    _main_stk                                0x080000ed   Thumb Code     0  entry2.o(.ARM.Collect$$$$00000001)
    _main_scatterload                        0x080000f1   Thumb Code     0  entry5.o(.ARM.Collect$$$$00000004)
    __main_after_scatterload                 0x080000f5   Thumb Code     0  entry5.o(.ARM.Collect$$$$00000004)
    _main_clock                              0x080000f5   Thumb Code     0  entry7b.o(.ARM.Collect$$$$00000008)
    _main_cpp_init                           0x080000f5   Thumb Code     0  entry8b.o(.ARM.Collect$$$$0000000A)
    _main_init                               0x080000f5   Thumb Code     0  entry9a.o(.ARM.Collect$$$$0000000B)
    __rt_lib_shutdown_fini                   0x080000fd   Thumb Code     0  entry12b.o(.ARM.Collect$$$$0000000E)
    __rt_final_cpp                           0x08000101   Thumb Code     0  entry10a.o(.ARM.Collect$$$$0000000F)
    __rt_final_exit                          0x08000101   Thumb Code     0  entry11a.o(.ARM.Collect$$$$00000011)
    Reset_Handler                            0x08000105   Thumb Code     8  startup_stm32f10x_md.o(.text)
    ADC1_2_IRQHandler                        0x0800011f   Thumb Code     0  startup_stm32f10x_md.o(.text)
    CAN1_RX1_IRQHandler                      0x0800011f   Thumb Code     0  startup_stm32f10x_md.o(.text)
    CAN1_SCE_IRQHandler                      0x0800011f   Thumb Code     0  startup_stm32f10x_md.o(.text)
    DMA1_Channel1_IRQHandler                 0x0800011f   Thumb Code     0  startup_stm32f10x_md.o(.text)
    DMA1_Channel2_IRQHandler                 0x0800011f   Thumb Code     0  startup_stm32f10x_md.o(.text)
    DMA1_Channel3_IRQHandler                 0x0800011f   Thumb Code     0  startup_stm32f10x_md.o(.text)
    DMA1_Channel4_IRQHandler                 0x0800011f   Thumb Code     0  startup_stm32f10x_md.o(.text)
    DMA1_Channel5_IRQHandler                 0x0800011f   Thumb Code     0  startup_stm32f10x_md.o(.text)
    DMA1_Channel6_IRQHandler                 0x0800011f   Thumb Code     0  startup_stm32f10x_md.o(.text)
    DMA1_Channel7_IRQHandler                 0x0800011f   Thumb Code     0  startup_stm32f10x_md.o(.text)
    EXTI0_IRQHandler                         0x0800011f   Thumb Code     0  startup_stm32f10x_md.o(.text)
    EXTI15_10_IRQHandler                     0x0800011f   Thumb Code     0  startup_stm32f10x_md.o(.text)
    EXTI1_IRQHandler                         0x0800011f   Thumb Code     0  startup_stm32f10x_md.o(.text)
    EXTI2_IRQHandler                         0x0800011f   Thumb Code     0  startup_stm32f10x_md.o(.text)
    EXTI3_IRQHandler                         0x0800011f   Thumb Code     0  startup_stm32f10x_md.o(.text)
    EXTI4_IRQHandler                         0x0800011f   Thumb Code     0  startup_stm32f10x_md.o(.text)
    EXTI9_5_IRQHandler                       0x0800011f   Thumb Code     0  startup_stm32f10x_md.o(.text)
    FLASH_IRQHandler                         0x0800011f   Thumb Code     0  startup_stm32f10x_md.o(.text)
    I2C1_ER_IRQHandler                       0x0800011f   Thumb Code     0  startup_stm32f10x_md.o(.text)
    I2C1_EV_IRQHandler                       0x0800011f   Thumb Code     0  startup_stm32f10x_md.o(.text)
    I2C2_ER_IRQHandler                       0x0800011f   Thumb Code     0  startup_stm32f10x_md.o(.text)
    I2C2_EV_IRQHandler                       0x0800011f   Thumb Code     0  startup_stm32f10x_md.o(.text)
    PVD_IRQHandler                           0x0800011f   Thumb Code     0  startup_stm32f10x_md.o(.text)
    RCC_IRQHandler                           0x0800011f   Thumb Code     0  startup_stm32f10x_md.o(.text)
    RTCAlarm_IRQHandler                      0x0800011f   Thumb Code     0  startup_stm32f10x_md.o(.text)
    RTC_IRQHandler                           0x0800011f   Thumb Code     0  startup_stm32f10x_md.o(.text)
    SPI1_IRQHandler                          0x0800011f   Thumb Code     0  startup_stm32f10x_md.o(.text)
    SPI2_IRQHandler                          0x0800011f   Thumb Code     0  startup_stm32f10x_md.o(.text)
    TAMPER_IRQHandler                        0x0800011f   Thumb Code     0  startup_stm32f10x_md.o(.text)
    TIM1_BRK_IRQHandler                      0x0800011f   Thumb Code     0  startup_stm32f10x_md.o(.text)
    TIM1_CC_IRQHandler                       0x0800011f   Thumb Code     0  startup_stm32f10x_md.o(.text)
    TIM1_TRG_COM_IRQHandler                  0x0800011f   Thumb Code     0  startup_stm32f10x_md.o(.text)
    TIM1_UP_IRQHandler                       0x0800011f   Thumb Code     0  startup_stm32f10x_md.o(.text)
    TIM2_IRQHandler                          0x0800011f   Thumb Code     0  startup_stm32f10x_md.o(.text)
    TIM3_IRQHandler                          0x0800011f   Thumb Code     0  startup_stm32f10x_md.o(.text)
    TIM4_IRQHandler                          0x0800011f   Thumb Code     0  startup_stm32f10x_md.o(.text)
    USBWakeUp_IRQHandler                     0x0800011f   Thumb Code     0  startup_stm32f10x_md.o(.text)
    USB_HP_CAN1_TX_IRQHandler                0x0800011f   Thumb Code     0  startup_stm32f10x_md.o(.text)
    USB_LP_CAN1_RX0_IRQHandler               0x0800011f   Thumb Code     0  startup_stm32f10x_md.o(.text)
    WWDG_IRQHandler                          0x0800011f   Thumb Code     0  startup_stm32f10x_md.o(.text)
    rt_hw_interrupt_disable                  0x08000129   Thumb Code     8  context_rvds.o(.text)
    rt_hw_interrupt_enable                   0x08000131   Thumb Code     6  context_rvds.o(.text)
    rt_hw_context_switch                     0x08000137   Thumb Code    32  context_rvds.o(.text)
    rt_hw_context_switch_interrupt           0x08000137   Thumb Code     0  context_rvds.o(.text)
    PendSV_Handler                           0x08000157   Thumb Code    60  context_rvds.o(.text)
    rt_hw_context_switch_to                  0x08000193   Thumb Code    58  context_rvds.o(.text)
    rt_hw_interrupt_thread_switch            0x080001cd   Thumb Code     2  context_rvds.o(.text)
    HardFault_Handler                        0x080001cf   Thumb Code    52  context_rvds.o(.text)
    rand                                     0x0800021d   Thumb Code    20  rand.o(.text)
    srand                                    0x08000231   Thumb Code     6  rand.o(.text)
    __aeabi_memcpy                           0x08000241   Thumb Code    36  memcpya.o(.text)
    __aeabi_memcpy4                          0x08000241   Thumb Code     0  memcpya.o(.text)
    __aeabi_memcpy8                          0x08000241   Thumb Code     0  memcpya.o(.text)
    strcat                                   0x08000265   Thumb Code    24  strcat.o(.text)
    strstr                                   0x0800027d   Thumb Code    36  strstr.o(.text)
    strncpy                                  0x080002a1   Thumb Code    24  strncpy.o(.text)
    strchr                                   0x080002b9   Thumb Code    20  strchr.o(.text)
    strlen                                   0x080002cd   Thumb Code    14  strlen.o(.text)
    strcmp                                   0x080002db   Thumb Code    28  strcmp.o(.text)
    strcpy                                   0x080002f7   Thumb Code    18  strcpy.o(.text)
    strncmp                                  0x08000309   Thumb Code    30  strncmp.o(.text)
    atoi                                     0x08000327   Thumb Code    26  atoi.o(.text)
    __aeabi_fadd                             0x08000341   Thumb Code   164  fadd.o(.text)
    __aeabi_fsub                             0x080003e5   Thumb Code     6  fadd.o(.text)
    __aeabi_frsub                            0x080003eb   Thumb Code     6  fadd.o(.text)
    __aeabi_fmul                             0x080003f1   Thumb Code   100  fmul.o(.text)
    __aeabi_fdiv                             0x08000455   Thumb Code   124  fdiv.o(.text)
    __aeabi_dadd                             0x080004d1   Thumb Code   322  dadd.o(.text)
    __aeabi_dsub                             0x08000613   Thumb Code     6  dadd.o(.text)
    __aeabi_drsub                            0x08000619   Thumb Code     6  dadd.o(.text)
    __aeabi_dmul                             0x0800061f   Thumb Code   228  dmul.o(.text)
    __aeabi_ddiv                             0x08000703   Thumb Code   222  ddiv.o(.text)
    __aeabi_i2f                              0x080007e1   Thumb Code    18  fflti.o(.text)
    __aeabi_ui2f                             0x080007f3   Thumb Code    10  ffltui.o(.text)
    __aeabi_d2uiz                            0x080007fd   Thumb Code    50  dfixui.o(.text)
    __aeabi_f2d                              0x0800082f   Thumb Code    38  f2d.o(.text)
    __aeabi_d2f                              0x08000855   Thumb Code    56  d2f.o(.text)
    __aeabi_cfrcmple                         0x0800088d   Thumb Code    20  cfrcmple.o(.text)
    __aeabi_uidiv                            0x080008a1   Thumb Code     0  uidiv.o(.text)
    __aeabi_uidivmod                         0x080008a1   Thumb Code    44  uidiv.o(.text)
    __aeabi_uldivmod                         0x080008cd   Thumb Code    98  uldiv.o(.text)
    __aeabi_llsl                             0x0800092f   Thumb Code    30  llshl.o(.text)
    _ll_shift_l                              0x0800092f   Thumb Code     0  llshl.o(.text)
    __aeabi_llsr                             0x0800094d   Thumb Code    32  llushr.o(.text)
    _ll_ushift_r                             0x0800094d   Thumb Code     0  llushr.o(.text)
    __aeabi_lasr                             0x0800096d   Thumb Code    36  llsshr.o(.text)
    _ll_sshift_r                             0x0800096d   Thumb Code     0  llsshr.o(.text)
    strtol                                   0x08000991   Thumb Code   112  strtol.o(.text)
    __I$use$fp                               0x08000a01   Thumb Code     0  iusefp.o(.text)
    _float_round                             0x08000a01   Thumb Code    18  fepilogue.o(.text)
    _float_epilogue                          0x08000a13   Thumb Code    92  fepilogue.o(.text)
    _double_round                            0x08000a6f   Thumb Code    30  depilogue.o(.text)
    _double_epilogue                         0x08000a8d   Thumb Code   156  depilogue.o(.text)
    __aeabi_d2ulz                            0x08000b29   Thumb Code    48  dfixul.o(.text)
    __aeabi_cdrcmple                         0x08000b59   Thumb Code    48  cdrcmple.o(.text)
    __scatterload                            0x08000b89   Thumb Code    28  init.o(.text)
    __scatterload_rt2                        0x08000b89   Thumb Code     0  init.o(.text)
    __rt_ctype_table                         0x08000bad   Thumb Code     4  ctype_o.o(.text)
    _strtoul                                 0x08000bb5   Thumb Code   158  _strtoul.o(.text)
    _chval                                   0x08000c53   Thumb Code    28  _chval.o(.text)
    __decompress                             0x08000c6f   Thumb Code     0  __dczerorl2.o(.text)
    __decompress1                            0x08000c6f   Thumb Code    86  __dczerorl2.o(.text)
    main                                     0x08000cc5   Thumb Code    10  components.o(i.$Sub$$main)
    BusFault_Handler                         0x08000ccf   Thumb Code     4  stm32f10x_it.o(i.BusFault_Handler)
    DMA_Cmd                                  0x08000cd3   Thumb Code    24  stm32f10x_dma.o(i.DMA_Cmd)
    DMA_DeInit                               0x08000ced   Thumb Code   324  stm32f10x_dma.o(i.DMA_DeInit)
    DMA_GetCurrDataCounter                   0x08000e39   Thumb Code     8  stm32f10x_dma.o(i.DMA_GetCurrDataCounter)
    DMA_Init                                 0x08000e41   Thumb Code    60  stm32f10x_dma.o(i.DMA_Init)
    DebugMon_Handler                         0x08000e7d   Thumb Code     2  stm32f10x_it.o(i.DebugMon_Handler)
    FLASH_ClearFlag                          0x08000e81   Thumb Code     6  stm32f10x_flash.o(i.FLASH_ClearFlag)
    FLASH_ErasePage                          0x08000e8d   Thumb Code    72  stm32f10x_flash.o(i.FLASH_ErasePage)
    FLASH_GetBank1Status                     0x08000ed9   Thumb Code    48  stm32f10x_flash.o(i.FLASH_GetBank1Status)
    FLASH_ProgramHalfWord                    0x08000f0d   Thumb Code    60  stm32f10x_flash.o(i.FLASH_ProgramHalfWord)
    FLASH_UnlockBank1                        0x08000f4d   Thumb Code    12  stm32f10x_flash.o(i.FLASH_UnlockBank1)
    FLASH_WaitForLastOperation               0x08000f65   Thumb Code    38  stm32f10x_flash.o(i.FLASH_WaitForLastOperation)
    FanCtrl                                  0x08000f8d   Thumb Code    54  drv_fan.o(i.FanCtrl)
    FanInit                                  0x08000fc9   Thumb Code    72  drv_fan.o(i.FanInit)
    GPIO_Init                                0x08001015   Thumb Code   278  stm32f10x_gpio.o(i.GPIO_Init)
    GPIO_ReadInputDataBit                    0x0800112b   Thumb Code    18  stm32f10x_gpio.o(i.GPIO_ReadInputDataBit)
    GPIO_ResetBits                           0x0800113d   Thumb Code     4  stm32f10x_gpio.o(i.GPIO_ResetBits)
    GPIO_SetBits                             0x08001141   Thumb Code     4  stm32f10x_gpio.o(i.GPIO_SetBits)
    MemManage_Handler                        0x08001145   Thumb Code     4  stm32f10x_it.o(i.MemManage_Handler)
    NMI_Handler                              0x08001149   Thumb Code     2  stm32f10x_it.o(i.NMI_Handler)
    NVIC_Init                                0x0800114d   Thumb Code   100  misc.o(i.NVIC_Init)
    NVIC_PriorityGroupConfig                 0x080011bd   Thumb Code    10  misc.o(i.NVIC_PriorityGroupConfig)
    RCC_AHBPeriphClockCmd                    0x080011d1   Thumb Code    26  stm32f10x_rcc.o(i.RCC_AHBPeriphClockCmd)
    RCC_APB1PeriphClockCmd                   0x080011f1   Thumb Code    26  stm32f10x_rcc.o(i.RCC_APB1PeriphClockCmd)
    RCC_APB1PeriphResetCmd                   0x08001211   Thumb Code    26  stm32f10x_rcc.o(i.RCC_APB1PeriphResetCmd)
    RCC_APB2PeriphClockCmd                   0x08001231   Thumb Code    26  stm32f10x_rcc.o(i.RCC_APB2PeriphClockCmd)
    RCC_APB2PeriphResetCmd                   0x08001251   Thumb Code    26  stm32f10x_rcc.o(i.RCC_APB2PeriphResetCmd)
    RCC_GetClocksFreq                        0x08001271   Thumb Code   192  stm32f10x_rcc.o(i.RCC_GetClocksFreq)
    SVC_Handler                              0x08001345   Thumb Code     2  stm32f10x_it.o(i.SVC_Handler)
    SensorCheck                              0x08001349   Thumb Code   124  sensor.o(i.SensorCheck)
    SensorControl                            0x080013dd   Thumb Code    26  sensor.o(i.SensorControl)
    SensorInit                               0x080013f9   Thumb Code    68  sensor.o(i.SensorInit)
    SensorLinkOn                             0x08001471   Thumb Code    10  sensor.o(i.SensorLinkOn)
    SensorUpdate                             0x08001481   Thumb Code   404  sensor.o(i.SensorUpdate)
    SysTick_Handler                          0x08001759   Thumb Code    16  board.o(i.SysTick_Handler)
    SystemInit                               0x08001769   Thumb Code    78  system_stm32f10x.o(i.SystemInit)
    USART1_IRQHandler                        0x080017c9   Thumb Code    56  rf_if_hw.o(i.USART1_IRQHandler)
    USART2_IRQHandler                        0x08001811   Thumb Code    40  uart2.o(i.USART2_IRQHandler)
    USART3_IRQHandler                        0x08001841   Thumb Code    56  at_hw.o(i.USART3_IRQHandler)
    USART_ClearFlag                          0x08001889   Thumb Code    18  stm32f10x_usart.o(i.USART_ClearFlag)
    USART_Cmd                                0x0800189b   Thumb Code    24  stm32f10x_usart.o(i.USART_Cmd)
    USART_DMACmd                             0x080018b3   Thumb Code    18  stm32f10x_usart.o(i.USART_DMACmd)
    USART_DeInit                             0x080018c5   Thumb Code   134  stm32f10x_usart.o(i.USART_DeInit)
    USART_GetFlagStatus                      0x08001961   Thumb Code    26  stm32f10x_usart.o(i.USART_GetFlagStatus)
    USART_GetITStatus                        0x0800197b   Thumb Code    84  stm32f10x_usart.o(i.USART_GetITStatus)
    USART_ITConfig                           0x080019cf   Thumb Code    74  stm32f10x_usart.o(i.USART_ITConfig)
    USART_Init                               0x08001a19   Thumb Code   210  stm32f10x_usart.o(i.USART_Init)
    USART_ReceiveData                        0x08001af1   Thumb Code    10  stm32f10x_usart.o(i.USART_ReceiveData)
    USART_SendData                           0x08001afb   Thumb Code     8  stm32f10x_usart.o(i.USART_SendData)
    UsageFault_Handler                       0x08001c05   Thumb Code     4  stm32f10x_it.o(i.UsageFault_Handler)
    __0sprintf                               0x08001c09   Thumb Code    34  printfa.o(i.__0sprintf)
    __1sprintf                               0x08001c09   Thumb Code     0  printfa.o(i.__0sprintf)
    __2sprintf                               0x08001c09   Thumb Code     0  printfa.o(i.__0sprintf)
    __c89sprintf                             0x08001c09   Thumb Code     0  printfa.o(i.__0sprintf)
    sprintf                                  0x08001c09   Thumb Code     0  printfa.o(i.__0sprintf)
    __aeabi_errno_addr                       0x08001c31   Thumb Code     4  errno.o(i.__aeabi_errno_addr)
    __rt_errno_addr                          0x08001c31   Thumb Code     0  errno.o(i.__aeabi_errno_addr)
    __rt_ffs                                 0x08001c39   Thumb Code    70  kservice.o(i.__rt_ffs)
    __scatterload_copy                       0x08001c85   Thumb Code    14  handlers.o(i.__scatterload_copy)
    __scatterload_null                       0x08001c93   Thumb Code     2  handlers.o(i.__scatterload_null)
    __scatterload_zeroinit                   0x08001c95   Thumb Code    14  handlers.o(i.__scatterload_zeroinit)
    at_HW_Init                               0x08002829   Thumb Code    42  at_hw.o(i.at_HW_Init)
    at_init                                  0x08002d71   Thumb Code     8  at_app.o(i.at_init)
    at_recv                                  0x08002d79   Thumb Code    44  at_app.o(i.at_recv)
    at_run                                   0x08002db9   Thumb Code   224  at_app.o(i.at_run)
    at_thread_init                           0x08002ee5   Thumb Code    52  at_thread.o(i.at_thread_init)
    at_uart_read                             0x08002f51   Thumb Code   110  at_hw.o(i.at_uart_read)
    at_uart_send                             0x08002fc9   Thumb Code    68  at_hw.o(i.at_uart_send)
    delay                                    0x08003015   Thumb Code    26  iic.o(i.delay)
    delay_us                                 0x0800302f   Thumb Code    12  delay.o(i.delay_us)
    flash_read                               0x0800303d   Thumb Code    62  flash.o(i.flash_read)
    flash_write                              0x08003081   Thumb Code   400  flash.o(i.flash_write)
    get_key_status                           0x08003219   Thumb Code    52  key.o(i.get_key_status)
    htu21d_get_data                          0x08003251   Thumb Code   318  htu21d.o(i.htu21d_get_data)
    htu21d_init                              0x080033b9   Thumb Code    36  htu21d.o(i.htu21d_init)
    iic_init                                 0x080033dd   Thumb Code    38  iic.o(i.iic_init)
    iic_read_byte                            0x08003409   Thumb Code   158  iic.o(i.iic_read_byte)
    iic_start                                0x080034ad   Thumb Code    52  iic.o(i.iic_start)
    iic_stop                                 0x080034e5   Thumb Code    44  iic.o(i.iic_stop)
    iic_write_byte                           0x08003515   Thumb Code   154  iic.o(i.iic_write_byte)
    key_init                                 0x080035b5   Thumb Code    40  key.o(i.key_init)
    led_Init                                 0x080035e1   Thumb Code    66  led.o(i.led_Init)
    led_off                                  0x08003629   Thumb Code    40  led.o(i.led_off)
    led_on                                   0x08003655   Thumb Code    40  led.o(i.led_on)
    $Super$$main                             0x08003681   Thumb Code    26  main.o(i.main)
    main_thread_entry                        0x0800369b   Thumb Code    14  components.o(i.main_thread_entry)
    rf_if_HW_Init                            0x08003ae9   Thumb Code    42  rf_if_hw.o(i.rf_if_HW_Init)
    rf_if_Link                               0x08003b45   Thumb Code   426  rf_if_app.o(i.rf_if_Link)
    rf_if_init                               0x08003de9   Thumb Code    80  rf_if_app.o(i.rf_if_init)
    rf_if_run                                0x08003f9d   Thumb Code   128  rf_if_app.o(i.rf_if_run)
    rf_if_send                               0x0800403d   Thumb Code   100  rf_if_app.o(i.rf_if_send)
    rf_if_uart_flush                         0x08004115   Thumb Code   104  rf_if_hw.o(i.rf_if_uart_flush)
    rf_if_uart_read                          0x08004191   Thumb Code   110  rf_if_hw.o(i.rf_if_uart_read)
    rf_if_uart_send                          0x08004209   Thumb Code    64  rf_if_hw.o(i.rf_if_uart_send)
    rf_info_init                             0x08004251   Thumb Code   196  rf_if_app.o(i.rf_info_init)
    rf_quit_trans                            0x08004399   Thumb Code    38  rf_if_app.o(i.rf_quit_trans)
    rf_send                                  0x080043c9   Thumb Code    72  rf_thread.o(i.rf_send)
    rf_thread_init                           0x0800449d   Thumb Code    80  rf_thread.o(i.rf_thread_init)
    rt_application_init                      0x0800451d   Thumb Code    46  components.o(i.rt_application_init)
    rt_assert_handler                        0x0800456d   Thumb Code    44  kservice.o(i.rt_assert_handler)
    rt_components_board_init                 0x0800459d   Thumb Code    20  components.o(i.rt_components_board_init)
    rt_components_init                       0x080045b9   Thumb Code    20  components.o(i.rt_components_init)
    rt_enter_critical                        0x080045d5   Thumb Code    28  scheduler.o(i.rt_enter_critical)
    rt_exit_critical                         0x080045f5   Thumb Code    60  scheduler.o(i.rt_exit_critical)
    rt_free                                  0x08004639   Thumb Code   240  mem.o(i.rt_free)
    rt_hw_board_init                         0x080047a5   Thumb Code   104  board.o(i.rt_hw_board_init)
    rt_hw_hard_fault_exception               0x08004821   Thumb Code    32  cpuport.o(i.rt_hw_hard_fault_exception)
    rt_hw_stack_init                         0x08004845   Thumb Code    70  cpuport.o(i.rt_hw_stack_init)
    rt_hw_udelay                             0x08004891   Thumb Code    54  board.o(i.rt_hw_udelay)
    rt_interrupt_enter                       0x080048d1   Thumb Code    46  irq.o(i.rt_interrupt_enter)
    rt_interrupt_get_nest                    0x08004909   Thumb Code    22  irq.o(i.rt_interrupt_get_nest)
    rt_interrupt_leave                       0x08004925   Thumb Code    46  irq.o(i.rt_interrupt_leave)
    rt_malloc                                0x08004ab1   Thumb Code   514  mem.o(i.rt_malloc)
    rt_mb_control                            0x08004d3d   Thumb Code   102  ipc.o(i.rt_mb_control)
    rt_mb_init                               0x08004dbd   Thumb Code    76  ipc.o(i.rt_mb_init)
    rt_mb_recv                               0x08004e1d   Thumb Code   408  ipc.o(i.rt_mb_recv)
    rt_mb_send                               0x08004fd9   Thumb Code    18  ipc.o(i.rt_mb_send)
    rt_mb_send_wait                          0x08004fed   Thumb Code   374  ipc.o(i.rt_mb_send_wait)
    rt_memset                                0x08005185   Thumb Code    72  kservice.o(i.rt_memset)
    rt_mutex_init                            0x080051cd   Thumb Code    62  ipc.o(i.rt_mutex_init)
    rt_mutex_release                         0x08005225   Thumb Code   298  ipc.o(i.rt_mutex_release)
    rt_mutex_take                            0x08005375   Thumb Code   356  ipc.o(i.rt_mutex_take)
    rt_object_allocate                       0x08005501   Thumb Code   150  object.o(i.rt_object_allocate)
    rt_object_delete                         0x080055bd   Thumb Code    88  object.o(i.rt_object_delete)
    rt_object_detach                         0x0800565d   Thumb Code    62  object.o(i.rt_object_detach)
    rt_object_get_information                0x080056b9   Thumb Code    36  object.o(i.rt_object_get_information)
    rt_object_get_type                       0x080056e1   Thumb Code    26  object.o(i.rt_object_get_type)
    rt_object_init                           0x08005715   Thumb Code   138  object.o(i.rt_object_init)
    rt_object_is_systemobject                0x080057d1   Thumb Code    34  object.o(i.rt_object_is_systemobject)
    rt_schedule                              0x0800580d   Thumb Code   300  scheduler.o(i.rt_schedule)
    rt_schedule_insert_thread                0x08005951   Thumb Code   118  scheduler.o(i.rt_schedule_insert_thread)
    rt_schedule_remove_thread                0x080059ed   Thumb Code    94  scheduler.o(i.rt_schedule_remove_thread)
    rt_sem_init                              0x08005a6d   Thumb Code    66  ipc.o(i.rt_sem_init)
    rt_sem_release                           0x08005ad9   Thumb Code   116  ipc.o(i.rt_sem_release)
    rt_sem_take                              0x08005b69   Thumb Code   272  ipc.o(i.rt_sem_take)
    rt_show_version                          0x08005c9d   Thumb Code     2  kservice.o(i.rt_show_version)
    rt_sprintf                               0x08005c9f   Thumb Code    34  kservice.o(i.rt_sprintf)
    rt_strlen                                0x08005cc1   Thumb Code    18  kservice.o(i.rt_strlen)
    rt_strncpy                               0x08005cd3   Thumb Code    52  kservice.o(i.rt_strncpy)
    rt_system_heap_init                      0x08005d09   Thumb Code   182  mem.o(i.rt_system_heap_init)
    rt_system_scheduler_init                 0x08005de5   Thumb Code    46  scheduler.o(i.rt_system_scheduler_init)
    rt_system_scheduler_start                0x08005e25   Thumb Code    36  scheduler.o(i.rt_system_scheduler_start)
    rt_system_timer_init                     0x08005e4d   Thumb Code    24  timer.o(i.rt_system_timer_init)
    rt_system_timer_thread_init              0x08005e69   Thumb Code     2  timer.o(i.rt_system_timer_thread_init)
    rt_thread_control                        0x08005e6d   Thumb Code   154  thread.o(i.rt_thread_control)
    rt_thread_create                         0x08005f25   Thumb Code    80  thread.o(i.rt_thread_create)
    rt_thread_delete                         0x08005f75   Thumb Code   116  thread.o(i.rt_thread_delete)
    rt_thread_exit                           0x08006045   Thumb Code    80  thread.o(i.rt_thread_exit)
    rt_thread_idle_excute                    0x080060c1   Thumb Code   170  idle.o(i.rt_thread_idle_excute)
    rt_thread_idle_init                      0x08006179   Thumb Code    82  idle.o(i.rt_thread_idle_init)
    rt_thread_init                           0x080061e1   Thumb Code    74  thread.o(i.rt_thread_init)
    rt_thread_mdelay                         0x0800625d   Thumb Code    20  thread.o(i.rt_thread_mdelay)
    rt_thread_resume                         0x08006271   Thumb Code   122  thread.o(i.rt_thread_resume)
    rt_thread_self                           0x0800630d   Thumb Code     6  thread.o(i.rt_thread_self)
    rt_thread_sleep                          0x08006319   Thumb Code   100  thread.o(i.rt_thread_sleep)
    rt_thread_startup                        0x08006399   Thumb Code   110  thread.o(i.rt_thread_startup)
    rt_thread_suspend                        0x0800645d   Thumb Code   158  thread.o(i.rt_thread_suspend)
    rt_thread_timeout                        0x08006539   Thumb Code    92  thread.o(i.rt_thread_timeout)
    rt_thread_yield                          0x080065ed   Thumb Code    10  thread.o(i.rt_thread_yield)
    rt_tick_from_millisecond                 0x080065f7   Thumb Code    56  clock.o(i.rt_tick_from_millisecond)
    rt_tick_get                              0x08006631   Thumb Code     6  clock.o(i.rt_tick_get)
    rt_tick_increase                         0x0800663d   Thumb Code    54  clock.o(i.rt_tick_increase)
    rt_timer_check                           0x08006679   Thumb Code   166  timer.o(i.rt_timer_check)
    rt_timer_control                         0x0800672d   Thumb Code    98  timer.o(i.rt_timer_control)
    rt_timer_create                          0x080067e5   Thumb Code    54  timer.o(i.rt_timer_create)
    rt_timer_detach                          0x0800681d   Thumb Code    82  timer.o(i.rt_timer_detach)
    rt_timer_init                            0x080068f1   Thumb Code    58  timer.o(i.rt_timer_init)
    rt_timer_start                           0x08006945   Thumb Code   314  timer.o(i.rt_timer_start)
    rt_timer_stop                            0x08006b05   Thumb Code   102  timer.o(i.rt_timer_stop)
    rt_vsnprintf                             0x08006bc5   Thumb Code   808  kservice.o(i.rt_vsnprintf)
    rt_vsprintf                              0x08006ef5   Thumb Code    22  kservice.o(i.rt_vsprintf)
    rtthread_startup                         0x08006f1b   Thumb Code    42  components.o(i.rtthread_startup)
    sda_in                                   0x08006f45   Thumb Code    30  iic.o(i.sda_in)
    sda_out                                  0x08006f69   Thumb Code    30  iic.o(i.sda_out)
    sensor_thread_init                       0x08007011   Thumb Code    78  sensor_thread.o(i.sensor_thread_init)
    wifi_Get_IMEI                            0x080070c5   Thumb Code   120  wifi_drv.o(i.wifi_Get_IMEI)
    wifi_TCP_Connect                         0x08007159   Thumb Code   122  wifi_drv.o(i.wifi_TCP_Connect)
    wifi_disconnect_TCP                      0x08007491   Thumb Code    24  wifi_drv.o(i.wifi_disconnect_TCP)
    wifi_reset                               0x08007585   Thumb Code    20  wifi_drv.o(i.wifi_reset)
    z_process_command_call                   0x080075a5   Thumb Code   356  sensor.o(i.z_process_command_call)
    zxbee_onrecv_fun                         0x08007821   Thumb Code    72  zxbee.o(i.zxbee_onrecv_fun)
    __lowest_bit_bitmap                      0x08007bba   Data         256  kservice.o(.constdata)
    __ctype_table                            0x08007f11   Data         129  ctype_o.o(.constdata)
    __rt_init_rti_start                      0x080081f8   Data           4  components.o(.rti_fn.0)
    __rt_init_rti_board_start                0x080081fc   Data           4  components.o(.rti_fn.0.end)
    __rt_init_rti_board_end                  0x08008200   Data           4  components.o(.rti_fn.1.end)
    __rt_init_rti_end                        0x08008204   Data           4  components.o(.rti_fn.6.end)
    Region$$Table$$Base                      0x08008208   Number         0  anon$$obj.o(Region$$Table)
    Region$$Table$$Limit                     0x08008228   Number         0  anon$$obj.o(Region$$Table)
    flag                                     0x20000030   Data           1  htu21d.o(.data)
    rf_Link_On                               0x2000003a   Data           1  rf_thread.o(.data)
    rf_if_dev                                0x2000003c   Data           1  rf_if_app.o(.data)
    wifi_param_error                         0x20000044   Data           1  wifi_drv.o(.data)
    wifi_rssi                                0x20000048   Data           4  wifi_drv.o(.data)
    SystemCoreClock                          0x20000054   Data           4  system_stm32f10x.o(.data)
    AHBPrescTable                            0x20000058   Data          16  system_stm32f10x.o(.data)
    rt_interrupt_from_thread                 0x2000007c   Data           4  cpuport.o(.data)
    rt_interrupt_to_thread                   0x20000080   Data           4  cpuport.o(.data)
    rt_thread_switch_interrupt_flag          0x20000084   Data           4  cpuport.o(.data)
    rt_interrupt_nest                        0x20000098   Data           1  irq.o(.data)
    rt_assert_hook                           0x200000a0   Data           4  kservice.o(.data)
    rt_object_trytake_hook                   0x2000016c   Data           4  object.o(.data)
    rt_object_take_hook                      0x20000170   Data           4  object.o(.data)
    rt_object_put_hook                       0x20000174   Data           4  object.o(.data)
    rt_thread_ready_priority_group           0x20000178   Data           4  scheduler.o(.data)
    rt_current_thread                        0x20000180   Data           4  scheduler.o(.data)
    rt_current_priority                      0x20000184   Data           1  scheduler.o(.data)
    rt_thread_defunct                        0x20000188   Data           8  scheduler.o(.data)
    sensor_check_thread                      0x200006a8   Data         144  sensor_thread.o(.bss)
    at_uart_mutex                            0x200010c8   Data          44  at_hw.o(.bss)
    at_data_mb                               0x200010f4   Data          56  at_hw.o(.bss)
    rf_zxbee_mutex                           0x20001fd8   Data          44  rf_thread.o(.bss)
    rf_send_mutex                            0x20002004   Data          44  rf_thread.o(.bss)
    rf_info                                  0x20002030   Data         312  rf_if_app.o(.bss)
    rf_if_uart_mutex                         0x20002168   Data          44  rf_if_hw.o(.bss)
    rf_if_data_mb                            0x20002194   Data          56  rf_if_hw.o(.bss)
    rt_thread_priority_table                 0x20002c84   Data         256  scheduler.o(.bss)
    Image$$RW_IRAM1$$ZI$$Limit               0x20003188   Number         0  anon$$obj.o ABSOLUTE
    __initial_sp                             0x20003188   Data           0  startup_stm32f10x_md.o(STACK)



==============================================================================

Memory Map of the image

  Image Entry point : 0x080000ed

  Load Region LR_IROM1 (Base: 0x08000000, Size: 0x000083e4, Max: 0x00020000, ABSOLUTE, COMPRESSED[0x000082b0])

    Execution Region ER_IROM1 (Exec base: 0x08000000, Load base: 0x08000000, Size: 0x00008228, Max: 0x00020000, ABSOLUTE)

    Exec Addr    Load Addr    Size         Type   Attr      Idx    E Section Name        Object

    0x08000000   0x08000000   0x000000ec   Data   RO         1281    RESET               startup_stm32f10x_md.o
    0x080000ec   0x080000ec   0x00000000   Code   RO         6297  * .ARM.Collect$$$$00000000  mc_w.l(entry.o)
    0x080000ec   0x080000ec   0x00000004   Code   RO         6610    .ARM.Collect$$$$00000001  mc_w.l(entry2.o)
    0x080000f0   0x080000f0   0x00000004   Code   RO         6613    .ARM.Collect$$$$00000004  mc_w.l(entry5.o)
    0x080000f4   0x080000f4   0x00000000   Code   RO         6615    .ARM.Collect$$$$00000008  mc_w.l(entry7b.o)
    0x080000f4   0x080000f4   0x00000000   Code   RO         6617    .ARM.Collect$$$$0000000A  mc_w.l(entry8b.o)
    0x080000f4   0x080000f4   0x00000008   Code   RO         6618    .ARM.Collect$$$$0000000B  mc_w.l(entry9a.o)
    0x080000fc   0x080000fc   0x00000004   Code   RO         6625    .ARM.Collect$$$$0000000E  mc_w.l(entry12b.o)
    0x08000100   0x08000100   0x00000000   Code   RO         6620    .ARM.Collect$$$$0000000F  mc_w.l(entry10a.o)
    0x08000100   0x08000100   0x00000000   Code   RO         6622    .ARM.Collect$$$$00000011  mc_w.l(entry11a.o)
    0x08000100   0x08000100   0x00000004   Code   RO         6611    .ARM.Collect$$$$00002712  mc_w.l(entry2.o)
    0x08000104   0x08000104   0x00000024   Code   RO         1282    .text               startup_stm32f10x_md.o
    0x08000128   0x08000128   0x000000f4   Code   RO         4317    .text               context_rvds.o
    0x0800021c   0x0800021c   0x00000024   Code   RO         6300    .text               mc_w.l(rand.o)
    0x08000240   0x08000240   0x00000024   Code   RO         6303    .text               mc_w.l(memcpya.o)
    0x08000264   0x08000264   0x00000018   Code   RO         6305    .text               mc_w.l(strcat.o)
    0x0800027c   0x0800027c   0x00000024   Code   RO         6307    .text               mc_w.l(strstr.o)
    0x080002a0   0x080002a0   0x00000018   Code   RO         6309    .text               mc_w.l(strncpy.o)
    0x080002b8   0x080002b8   0x00000014   Code   RO         6311    .text               mc_w.l(strchr.o)
    0x080002cc   0x080002cc   0x0000000e   Code   RO         6313    .text               mc_w.l(strlen.o)
    0x080002da   0x080002da   0x0000001c   Code   RO         6315    .text               mc_w.l(strcmp.o)
    0x080002f6   0x080002f6   0x00000012   Code   RO         6317    .text               mc_w.l(strcpy.o)
    0x08000308   0x08000308   0x0000001e   Code   RO         6319    .text               mc_w.l(strncmp.o)
    0x08000326   0x08000326   0x0000001a   Code   RO         6584    .text               mc_w.l(atoi.o)
    0x08000340   0x08000340   0x000000b0   Code   RO         6586    .text               mf_w.l(fadd.o)
    0x080003f0   0x080003f0   0x00000064   Code   RO         6588    .text               mf_w.l(fmul.o)
    0x08000454   0x08000454   0x0000007c   Code   RO         6590    .text               mf_w.l(fdiv.o)
    0x080004d0   0x080004d0   0x0000014e   Code   RO         6592    .text               mf_w.l(dadd.o)
    0x0800061e   0x0800061e   0x000000e4   Code   RO         6594    .text               mf_w.l(dmul.o)
    0x08000702   0x08000702   0x000000de   Code   RO         6596    .text               mf_w.l(ddiv.o)
    0x080007e0   0x080007e0   0x00000012   Code   RO         6598    .text               mf_w.l(fflti.o)
    0x080007f2   0x080007f2   0x0000000a   Code   RO         6600    .text               mf_w.l(ffltui.o)
    0x080007fc   0x080007fc   0x00000032   Code   RO         6602    .text               mf_w.l(dfixui.o)
    0x0800082e   0x0800082e   0x00000026   Code   RO         6604    .text               mf_w.l(f2d.o)
    0x08000854   0x08000854   0x00000038   Code   RO         6606    .text               mf_w.l(d2f.o)
    0x0800088c   0x0800088c   0x00000014   Code   RO         6608    .text               mf_w.l(cfrcmple.o)
    0x080008a0   0x080008a0   0x0000002c   Code   RO         6629    .text               mc_w.l(uidiv.o)
    0x080008cc   0x080008cc   0x00000062   Code   RO         6631    .text               mc_w.l(uldiv.o)
    0x0800092e   0x0800092e   0x0000001e   Code   RO         6633    .text               mc_w.l(llshl.o)
    0x0800094c   0x0800094c   0x00000020   Code   RO         6635    .text               mc_w.l(llushr.o)
    0x0800096c   0x0800096c   0x00000024   Code   RO         6637    .text               mc_w.l(llsshr.o)
    0x08000990   0x08000990   0x00000070   Code   RO         6646    .text               mc_w.l(strtol.o)
    0x08000a00   0x08000a00   0x00000000   Code   RO         6648    .text               mc_w.l(iusefp.o)
    0x08000a00   0x08000a00   0x0000006e   Code   RO         6649    .text               mf_w.l(fepilogue.o)
    0x08000a6e   0x08000a6e   0x000000ba   Code   RO         6651    .text               mf_w.l(depilogue.o)
    0x08000b28   0x08000b28   0x00000030   Code   RO         6653    .text               mf_w.l(dfixul.o)
    0x08000b58   0x08000b58   0x00000030   Code   RO         6655    .text               mf_w.l(cdrcmple.o)
    0x08000b88   0x08000b88   0x00000024   Code   RO         6657    .text               mc_w.l(init.o)
    0x08000bac   0x08000bac   0x00000008   Code   RO         6660    .text               mc_w.l(ctype_o.o)
    0x08000bb4   0x08000bb4   0x0000009e   Code   RO         6688    .text               mc_w.l(_strtoul.o)
    0x08000c52   0x08000c52   0x0000001c   Code   RO         6691    .text               mc_w.l(_chval.o)
    0x08000c6e   0x08000c6e   0x00000056   Code   RO         6701    .text               mc_w.l(__dczerorl2.o)
    0x08000cc4   0x08000cc4   0x0000000a   Code   RO         4399    i.$Sub$$main        components.o
    0x08000cce   0x08000cce   0x00000004   Code   RO         1216    i.BusFault_Handler  stm32f10x_it.o
    0x08000cd2   0x08000cd2   0x00000018   Code   RO         2362    i.DMA_Cmd           stm32f10x_dma.o
    0x08000cea   0x08000cea   0x00000002   PAD
    0x08000cec   0x08000cec   0x0000014c   Code   RO         2363    i.DMA_DeInit        stm32f10x_dma.o
    0x08000e38   0x08000e38   0x00000008   Code   RO         2364    i.DMA_GetCurrDataCounter  stm32f10x_dma.o
    0x08000e40   0x08000e40   0x0000003c   Code   RO         2368    i.DMA_Init          stm32f10x_dma.o
    0x08000e7c   0x08000e7c   0x00000002   Code   RO         1217    i.DebugMon_Handler  stm32f10x_it.o
    0x08000e7e   0x08000e7e   0x00000002   PAD
    0x08000e80   0x08000e80   0x0000000c   Code   RO         2486    i.FLASH_ClearFlag   stm32f10x_flash.o
    0x08000e8c   0x08000e8c   0x0000004c   Code   RO         2491    i.FLASH_ErasePage   stm32f10x_flash.o
    0x08000ed8   0x08000ed8   0x00000034   Code   RO         2492    i.FLASH_GetBank1Status  stm32f10x_flash.o
    0x08000f0c   0x08000f0c   0x00000040   Code   RO         2504    i.FLASH_ProgramHalfWord  stm32f10x_flash.o
    0x08000f4c   0x08000f4c   0x00000018   Code   RO         2510    i.FLASH_UnlockBank1  stm32f10x_flash.o
    0x08000f64   0x08000f64   0x00000026   Code   RO         2513    i.FLASH_WaitForLastOperation  stm32f10x_flash.o
    0x08000f8a   0x08000f8a   0x00000002   PAD
    0x08000f8c   0x08000f8c   0x0000003c   Code   RO          329    i.FanCtrl           drv_fan.o
    0x08000fc8   0x08000fc8   0x0000004c   Code   RO          330    i.FanInit           drv_fan.o
    0x08001014   0x08001014   0x00000116   Code   RO         1563    i.GPIO_Init         stm32f10x_gpio.o
    0x0800112a   0x0800112a   0x00000012   Code   RO         1567    i.GPIO_ReadInputDataBit  stm32f10x_gpio.o
    0x0800113c   0x0800113c   0x00000004   Code   RO         1570    i.GPIO_ResetBits    stm32f10x_gpio.o
    0x08001140   0x08001140   0x00000004   Code   RO         1571    i.GPIO_SetBits      stm32f10x_gpio.o
    0x08001144   0x08001144   0x00000004   Code   RO         1219    i.MemManage_Handler  stm32f10x_it.o
    0x08001148   0x08001148   0x00000002   Code   RO         1220    i.NMI_Handler       stm32f10x_it.o
    0x0800114a   0x0800114a   0x00000002   PAD
    0x0800114c   0x0800114c   0x00000070   Code   RO         1321    i.NVIC_Init         misc.o
    0x080011bc   0x080011bc   0x00000014   Code   RO         1322    i.NVIC_PriorityGroupConfig  misc.o
    0x080011d0   0x080011d0   0x00000020   Code   RO         1358    i.RCC_AHBPeriphClockCmd  stm32f10x_rcc.o
    0x080011f0   0x080011f0   0x00000020   Code   RO         1359    i.RCC_APB1PeriphClockCmd  stm32f10x_rcc.o
    0x08001210   0x08001210   0x00000020   Code   RO         1360    i.RCC_APB1PeriphResetCmd  stm32f10x_rcc.o
    0x08001230   0x08001230   0x00000020   Code   RO         1361    i.RCC_APB2PeriphClockCmd  stm32f10x_rcc.o
    0x08001250   0x08001250   0x00000020   Code   RO         1362    i.RCC_APB2PeriphResetCmd  stm32f10x_rcc.o
    0x08001270   0x08001270   0x000000d4   Code   RO         1369    i.RCC_GetClocksFreq  stm32f10x_rcc.o
    0x08001344   0x08001344   0x00000002   Code   RO         1222    i.SVC_Handler       stm32f10x_it.o
    0x08001346   0x08001346   0x00000002   PAD
    0x08001348   0x08001348   0x00000094   Code   RO          182    i.SensorCheck       sensor.o
    0x080013dc   0x080013dc   0x0000001a   Code   RO          183    i.SensorControl     sensor.o
    0x080013f6   0x080013f6   0x00000002   PAD
    0x080013f8   0x080013f8   0x00000078   Code   RO          184    i.SensorInit        sensor.o
    0x08001470   0x08001470   0x00000010   Code   RO          185    i.SensorLinkOn      sensor.o
    0x08001480   0x08001480   0x000001f0   Code   RO          186    i.SensorUpdate      sensor.o
    0x08001670   0x08001670   0x00000008   Code   RO         1287    i.SetSysClock       system_stm32f10x.o
    0x08001678   0x08001678   0x000000e0   Code   RO         1288    i.SetSysClockTo72   system_stm32f10x.o
    0x08001758   0x08001758   0x00000010   Code   RO         4288    i.SysTick_Handler   board.o
    0x08001768   0x08001768   0x00000060   Code   RO         1290    i.SystemInit        system_stm32f10x.o
    0x080017c8   0x080017c8   0x00000048   Code   RO          648    i.USART1_IRQHandler  rf_if_hw.o
    0x08001810   0x08001810   0x00000030   Code   RO         1047    i.USART2_IRQHandler  uart2.o
    0x08001840   0x08001840   0x00000048   Code   RO          456    i.USART3_IRQHandler  at_hw.o
    0x08001888   0x08001888   0x00000012   Code   RO         4054    i.USART_ClearFlag   stm32f10x_usart.o
    0x0800189a   0x0800189a   0x00000018   Code   RO         4058    i.USART_Cmd         stm32f10x_usart.o
    0x080018b2   0x080018b2   0x00000012   Code   RO         4059    i.USART_DMACmd      stm32f10x_usart.o
    0x080018c4   0x080018c4   0x0000009c   Code   RO         4060    i.USART_DeInit      stm32f10x_usart.o
    0x08001960   0x08001960   0x0000001a   Code   RO         4061    i.USART_GetFlagStatus  stm32f10x_usart.o
    0x0800197a   0x0800197a   0x00000054   Code   RO         4062    i.USART_GetITStatus  stm32f10x_usart.o
    0x080019ce   0x080019ce   0x0000004a   Code   RO         4064    i.USART_ITConfig    stm32f10x_usart.o
    0x08001a18   0x08001a18   0x000000d8   Code   RO         4065    i.USART_Init        stm32f10x_usart.o
    0x08001af0   0x08001af0   0x0000000a   Code   RO         4072    i.USART_ReceiveData  stm32f10x_usart.o
    0x08001afa   0x08001afa   0x00000008   Code   RO         4075    i.USART_SendData    stm32f10x_usart.o
    0x08001b02   0x08001b02   0x00000002   PAD
    0x08001b04   0x08001b04   0x00000014   Code   RO          187    i.UpdateA0          sensor.o
    0x08001b18   0x08001b18   0x00000014   Code   RO          188    i.UpdateA1          sensor.o
    0x08001b2c   0x08001b2c   0x0000001c   Code   RO          189    i.UpdateA2          sensor.o
    0x08001b48   0x08001b48   0x0000001c   Code   RO          190    i.UpdateA3          sensor.o
    0x08001b64   0x08001b64   0x0000001c   Code   RO          191    i.UpdateA4          sensor.o
    0x08001b80   0x08001b80   0x0000001c   Code   RO          192    i.UpdateA5          sensor.o
    0x08001b9c   0x08001b9c   0x0000001c   Code   RO          193    i.UpdateA6          sensor.o
    0x08001bb8   0x08001bb8   0x00000020   Code   RO          194    i.UpdateA7          sensor.o
    0x08001bd8   0x08001bd8   0x0000002c   Code   RO          195    i.UpdateV0          sensor.o
    0x08001c04   0x08001c04   0x00000004   Code   RO         1224    i.UsageFault_Handler  stm32f10x_it.o
    0x08001c08   0x08001c08   0x00000028   Code   RO         6558    i.__0sprintf        mc_w.l(printfa.o)
    0x08001c30   0x08001c30   0x00000008   Code   RO         6639    i.__aeabi_errno_addr  mc_w.l(errno.o)
    0x08001c38   0x08001c38   0x0000004c   Code   RO         4938    i.__rt_ffs          kservice.o
    0x08001c84   0x08001c84   0x0000000e   Code   RO         6695    i.__scatterload_copy  mc_w.l(handlers.o)
    0x08001c92   0x08001c92   0x00000002   Code   RO         6696    i.__scatterload_null  mc_w.l(handlers.o)
    0x08001c94   0x08001c94   0x0000000e   Code   RO         6697    i.__scatterload_zeroinit  mc_w.l(handlers.o)
    0x08001ca2   0x08001ca2   0x00000002   PAD
    0x08001ca4   0x08001ca4   0x00000034   Code   RO          850    i._flash_Page_Write  flash.o
    0x08001cd8   0x08001cd8   0x00000184   Code   RO         6563    i._fp_digits        mc_w.l(printfa.o)
    0x08001e5c   0x08001e5c   0x00000028   Code   RO         5389    i._get_highest_priority_thread  scheduler.o
    0x08001e84   0x08001e84   0x00000014   Code   RO         4565    i._has_defunct_thread  idle.o
    0x08001e98   0x08001e98   0x0000003c   Code   RO          781    i._node_type        zxbee.o
    0x08001ed4   0x08001ed4   0x000006b4   Code   RO         6564    i._printf_core      mc_w.l(printfa.o)
    0x08002588   0x08002588   0x00000024   Code   RO         6565    i._printf_post_padding  mc_w.l(printfa.o)
    0x080025ac   0x080025ac   0x0000002e   Code   RO         6566    i._printf_pre_padding  mc_w.l(printfa.o)
    0x080025da   0x080025da   0x00000002   PAD
    0x080025dc   0x080025dc   0x00000058   Code   RO         5390    i._rt_scheduler_stack_check  scheduler.o
    0x08002634   0x08002634   0x000000d0   Code   RO         5491    i._rt_thread_init   thread.o
    0x08002704   0x08002704   0x00000042   Code   RO         5640    i._rt_timer_init    timer.o
    0x08002746   0x08002746   0x0000002e   Code   RO         5641    i._rt_timer_remove  timer.o
    0x08002774   0x08002774   0x0000000a   Code   RO         6568    i._sputc            mc_w.l(printfa.o)
    0x0800277e   0x0800277e   0x00000002   PAD
    0x08002780   0x08002780   0x00000060   Code   RO          457    i.at_DMA_Init       at_hw.o
    0x080027e0   0x080027e0   0x00000048   Code   RO          458    i.at_GPIO_Init      at_hw.o
    0x08002828   0x08002828   0x0000005c   Code   RO          459    i.at_HW_Init        at_hw.o
    0x08002884   0x08002884   0x00000084   Code   RO          460    i.at_UART_Init      at_hw.o
    0x08002908   0x08002908   0x00000468   Code   RO          402    i.at_analyses       at_app.o
    0x08002d70   0x08002d70   0x00000008   Code   RO          403    i.at_init           at_app.o
    0x08002d78   0x08002d78   0x00000040   Code   RO          404    i.at_recv           at_app.o
    0x08002db8   0x08002db8   0x00000124   Code   RO          405    i.at_run            at_app.o
    0x08002edc   0x08002edc   0x00000008   Code   RO          383    i.at_thread_entry   at_thread.o
    0x08002ee4   0x08002ee4   0x00000048   Code   RO          384    i.at_thread_init    at_thread.o
    0x08002f2c   0x08002f2c   0x00000024   Code   RO          461    i.at_uart_GetRemain  at_hw.o
    0x08002f50   0x08002f50   0x00000078   Code   RO          463    i.at_uart_read      at_hw.o
    0x08002fc8   0x08002fc8   0x0000004c   Code   RO          464    i.at_uart_send      at_hw.o
    0x08003014   0x08003014   0x0000001a   Code   RO          879    i.delay             iic.o
    0x0800302e   0x0800302e   0x0000000c   Code   RO          827    i.delay_us          delay.o
    0x0800303a   0x0800303a   0x00000002   PAD
    0x0800303c   0x0800303c   0x00000044   Code   RO          851    i.flash_read        flash.o
    0x08003080   0x08003080   0x00000198   Code   RO          852    i.flash_write       flash.o
    0x08003218   0x08003218   0x00000038   Code   RO         1198    i.get_key_status    key.o
    0x08003250   0x08003250   0x00000168   Code   RO          349    i.htu21d_get_data   htu21d.o
    0x080033b8   0x080033b8   0x00000024   Code   RO          350    i.htu21d_init       htu21d.o
    0x080033dc   0x080033dc   0x0000002c   Code   RO          880    i.iic_init          iic.o
    0x08003408   0x08003408   0x000000a4   Code   RO          882    i.iic_read_byte     iic.o
    0x080034ac   0x080034ac   0x00000038   Code   RO          885    i.iic_start         iic.o
    0x080034e4   0x080034e4   0x00000030   Code   RO          886    i.iic_stop          iic.o
    0x08003514   0x08003514   0x000000a0   Code   RO          888    i.iic_write_byte    iic.o
    0x080035b4   0x080035b4   0x0000002c   Code   RO         1199    i.key_init          key.o
    0x080035e0   0x080035e0   0x00000048   Code   RO         1174    i.led_Init          led.o
    0x08003628   0x08003628   0x0000002c   Code   RO         1175    i.led_off           led.o
    0x08003654   0x08003654   0x0000002c   Code   RO         1176    i.led_on            led.o
    0x08003680   0x08003680   0x0000001a   Code   RO            1    i.main              main.o
    0x0800369a   0x0800369a   0x0000000e   Code   RO         4400    i.main_thread_entry  components.o
    0x080036a8   0x080036a8   0x0000010c   Code   RO         5111    i.plug_holes        mem.o
    0x080037b4   0x080037b4   0x00000198   Code   RO         4940    i.print_number      kservice.o
    0x0800394c   0x0800394c   0x00000060   Code   RO          649    i.rf_if_DMA_Init    rf_if_hw.o
    0x080039ac   0x080039ac   0x000000f4   Code   RO          578    i.rf_if_Detect      rf_if_app.o
    0x08003aa0   0x08003aa0   0x00000048   Code   RO          650    i.rf_if_GPIO_Init   rf_if_hw.o
    0x08003ae8   0x08003ae8   0x0000005c   Code   RO          651    i.rf_if_HW_Init     rf_if_hw.o
    0x08003b44   0x08003b44   0x00000220   Code   RO          579    i.rf_if_Link        rf_if_app.o
    0x08003d64   0x08003d64   0x00000084   Code   RO          653    i.rf_if_UART_Init   rf_if_hw.o
    0x08003de8   0x08003de8   0x00000060   Code   RO          580    i.rf_if_init        rf_if_app.o
    0x08003e48   0x08003e48   0x00000154   Code   RO          581    i.rf_if_read        rf_if_app.o
    0x08003f9c   0x08003f9c   0x000000a0   Code   RO          582    i.rf_if_run         rf_if_app.o
    0x0800403c   0x0800403c   0x000000b4   Code   RO          583    i.rf_if_send        rf_if_app.o
    0x080040f0   0x080040f0   0x00000024   Code   RO          654    i.rf_if_uart_GetRemain  rf_if_hw.o
    0x08004114   0x08004114   0x0000007c   Code   RO          655    i.rf_if_uart_flush  rf_if_hw.o
    0x08004190   0x08004190   0x00000078   Code   RO          656    i.rf_if_uart_read   rf_if_hw.o
    0x08004208   0x08004208   0x00000048   Code   RO          657    i.rf_if_uart_send   rf_if_hw.o
    0x08004250   0x08004250   0x000000ec   Code   RO          584    i.rf_info_init      rf_if_app.o
    0x0800433c   0x0800433c   0x00000008   Code   RO          538    i.rf_link_thread_entry  rf_thread.o
    0x08004344   0x08004344   0x00000054   Code   RO          539    i.rf_link_timer_cb  rf_thread.o
    0x08004398   0x08004398   0x00000030   Code   RO          585    i.rf_quit_trans     rf_if_app.o
    0x080043c8   0x080043c8   0x00000050   Code   RO          540    i.rf_send           rf_thread.o
    0x08004418   0x08004418   0x00000084   Code   RO          541    i.rf_thread_entry   rf_thread.o
    0x0800449c   0x0800449c   0x00000080   Code   RO          542    i.rf_thread_init    rf_thread.o
    0x0800451c   0x0800451c   0x00000050   Code   RO         4401    i.rt_application_init  components.o
    0x0800456c   0x0800456c   0x00000030   Code   RO         4941    i.rt_assert_handler  kservice.o
    0x0800459c   0x0800459c   0x0000001c   Code   RO         4402    i.rt_components_board_init  components.o
    0x080045b8   0x080045b8   0x0000001c   Code   RO         4403    i.rt_components_init  components.o
    0x080045d4   0x080045d4   0x00000020   Code   RO         5392    i.rt_enter_critical  scheduler.o
    0x080045f4   0x080045f4   0x00000044   Code   RO         5393    i.rt_exit_critical  scheduler.o
    0x08004638   0x08004638   0x0000016c   Code   RO         5113    i.rt_free           mem.o
    0x080047a4   0x080047a4   0x0000007c   Code   RO         4289    i.rt_hw_board_init  board.o
    0x08004820   0x08004820   0x00000024   Code   RO         4324    i.rt_hw_hard_fault_exception  cpuport.o
    0x08004844   0x08004844   0x0000004c   Code   RO         4325    i.rt_hw_stack_init  cpuport.o
    0x08004890   0x08004890   0x00000040   Code   RO         4290    i.rt_hw_udelay      board.o
    0x080048d0   0x080048d0   0x00000038   Code   RO         4899    i.rt_interrupt_enter  irq.o
    0x08004908   0x08004908   0x0000001c   Code   RO         4901    i.rt_interrupt_get_nest  irq.o
    0x08004924   0x08004924   0x00000038   Code   RO         4902    i.rt_interrupt_leave  irq.o
    0x0800495c   0x0800495c   0x00000018   Code   RO         4625    i.rt_ipc_list_resume  ipc.o
    0x08004974   0x08004974   0x00000032   Code   RO         4626    i.rt_ipc_list_resume_all  ipc.o
    0x080049a6   0x080049a6   0x0000006c   Code   RO         4627    i.rt_ipc_list_suspend  ipc.o
    0x08004a12   0x08004a12   0x00000010   Code   RO         4628    i.rt_ipc_object_init  ipc.o
    0x08004a22   0x08004a22   0x00000006   Code   RO         4629    i.rt_list_init      ipc.o
    0x08004a28   0x08004a28   0x00000006   Code   RO         5394    i.rt_list_init      scheduler.o
    0x08004a2e   0x08004a2e   0x00000006   Code   RO         5642    i.rt_list_init      timer.o
    0x08004a34   0x08004a34   0x0000000e   Code   RO         5282    i.rt_list_insert_after  object.o
    0x08004a42   0x08004a42   0x0000000e   Code   RO         5492    i.rt_list_insert_after  thread.o
    0x08004a50   0x08004a50   0x0000000e   Code   RO         5643    i.rt_list_insert_after  timer.o
    0x08004a5e   0x08004a5e   0x0000000e   Code   RO         4630    i.rt_list_insert_before  ipc.o
    0x08004a6c   0x08004a6c   0x00000010   Code   RO         4631    i.rt_list_isempty   ipc.o
    0x08004a7c   0x08004a7c   0x00000010   Code   RO         5644    i.rt_list_isempty   timer.o
    0x08004a8c   0x08004a8c   0x00000012   Code   RO         5283    i.rt_list_remove    object.o
    0x08004a9e   0x08004a9e   0x00000012   Code   RO         5493    i.rt_list_remove    thread.o
    0x08004ab0   0x08004ab0   0x0000028c   Code   RO         5115    i.rt_malloc         mem.o
    0x08004d3c   0x08004d3c   0x00000080   Code   RO         4632    i.rt_mb_control     ipc.o
    0x08004dbc   0x08004dbc   0x00000060   Code   RO         4636    i.rt_mb_init        ipc.o
    0x08004e1c   0x08004e1c   0x000001bc   Code   RO         4637    i.rt_mb_recv        ipc.o
    0x08004fd8   0x08004fd8   0x00000012   Code   RO         4638    i.rt_mb_send        ipc.o
    0x08004fea   0x08004fea   0x00000002   PAD
    0x08004fec   0x08004fec   0x00000198   Code   RO         4639    i.rt_mb_send_wait   ipc.o
    0x08005184   0x08005184   0x00000048   Code   RO         4949    i.rt_memset         kservice.o
    0x080051cc   0x080051cc   0x00000058   Code   RO         4653    i.rt_mutex_init     ipc.o
    0x08005224   0x08005224   0x00000150   Code   RO         4654    i.rt_mutex_release  ipc.o
    0x08005374   0x08005374   0x0000018c   Code   RO         4655    i.rt_mutex_take     ipc.o
    0x08005500   0x08005500   0x000000bc   Code   RO         5284    i.rt_object_allocate  object.o
    0x080055bc   0x080055bc   0x000000a0   Code   RO         5286    i.rt_object_delete  object.o
    0x0800565c   0x0800565c   0x0000005c   Code   RO         5287    i.rt_object_detach  object.o
    0x080056b8   0x080056b8   0x00000028   Code   RO         5290    i.rt_object_get_information  object.o
    0x080056e0   0x080056e0   0x00000034   Code   RO         5291    i.rt_object_get_type  object.o
    0x08005714   0x08005714   0x000000bc   Code   RO         5292    i.rt_object_init    object.o
    0x080057d0   0x080057d0   0x0000003c   Code   RO         5293    i.rt_object_is_systemobject  object.o
    0x0800580c   0x0800580c   0x00000144   Code   RO         5395    i.rt_schedule       scheduler.o
    0x08005950   0x08005950   0x0000009c   Code   RO         5396    i.rt_schedule_insert_thread  scheduler.o
    0x080059ec   0x080059ec   0x00000080   Code   RO         5397    i.rt_schedule_remove_thread  scheduler.o
    0x08005a6c   0x08005a6c   0x0000006c   Code   RO         4660    i.rt_sem_init       ipc.o
    0x08005ad8   0x08005ad8   0x00000090   Code   RO         4661    i.rt_sem_release    ipc.o
    0x08005b68   0x08005b68   0x00000134   Code   RO         4662    i.rt_sem_take       ipc.o
    0x08005c9c   0x08005c9c   0x00000002   Code   RO         4951    i.rt_show_version   kservice.o
    0x08005c9e   0x08005c9e   0x00000022   Code   RO         4953    i.rt_sprintf        kservice.o
    0x08005cc0   0x08005cc0   0x00000012   Code   RO         4957    i.rt_strlen         kservice.o
    0x08005cd2   0x08005cd2   0x00000034   Code   RO         4959    i.rt_strncpy        kservice.o
    0x08005d06   0x08005d06   0x00000002   PAD
    0x08005d08   0x08005d08   0x000000dc   Code   RO         5119    i.rt_system_heap_init  mem.o
    0x08005de4   0x08005de4   0x00000040   Code   RO         5399    i.rt_system_scheduler_init  scheduler.o
    0x08005e24   0x08005e24   0x00000028   Code   RO         5400    i.rt_system_scheduler_start  scheduler.o
    0x08005e4c   0x08005e4c   0x0000001c   Code   RO         5645    i.rt_system_timer_init  timer.o
    0x08005e68   0x08005e68   0x00000002   Code   RO         5646    i.rt_system_timer_thread_init  timer.o
    0x08005e6a   0x08005e6a   0x00000002   PAD
    0x08005e6c   0x08005e6c   0x000000b8   Code   RO         5494    i.rt_thread_control  thread.o
    0x08005f24   0x08005f24   0x00000050   Code   RO         5495    i.rt_thread_create  thread.o
    0x08005f74   0x08005f74   0x000000d0   Code   RO         5498    i.rt_thread_delete  thread.o
    0x08006044   0x08006044   0x00000054   Code   RO         5500    i.rt_thread_exit    thread.o
    0x08006098   0x08006098   0x00000028   Code   RO         4567    i.rt_thread_idle_entry  idle.o
    0x080060c0   0x080060c0   0x000000b8   Code   RO         4568    i.rt_thread_idle_excute  idle.o
    0x08006178   0x08006178   0x00000068   Code   RO         4570    i.rt_thread_idle_init  idle.o
    0x080061e0   0x080061e0   0x0000007c   Code   RO         5502    i.rt_thread_init    thread.o
    0x0800625c   0x0800625c   0x00000014   Code   RO         5504    i.rt_thread_mdelay  thread.o
    0x08006270   0x08006270   0x0000009c   Code   RO         5505    i.rt_thread_resume  thread.o
    0x0800630c   0x0800630c   0x0000000c   Code   RO         5507    i.rt_thread_self    thread.o
    0x08006318   0x08006318   0x00000080   Code   RO         5508    i.rt_thread_sleep   thread.o
    0x08006398   0x08006398   0x000000c4   Code   RO         5509    i.rt_thread_startup  thread.o
    0x0800645c   0x0800645c   0x000000dc   Code   RO         5510    i.rt_thread_suspend  thread.o
    0x08006538   0x08006538   0x000000b4   Code   RO         5512    i.rt_thread_timeout  thread.o
    0x080065ec   0x080065ec   0x0000000a   Code   RO         5513    i.rt_thread_yield   thread.o
    0x080065f6   0x080065f6   0x00000038   Code   RO         4362    i.rt_tick_from_millisecond  clock.o
    0x0800662e   0x0800662e   0x00000002   PAD
    0x08006630   0x08006630   0x0000000c   Code   RO         4363    i.rt_tick_get       clock.o
    0x0800663c   0x0800663c   0x0000003c   Code   RO         4364    i.rt_tick_increase  clock.o
    0x08006678   0x08006678   0x000000b4   Code   RO         5647    i.rt_timer_check    timer.o
    0x0800672c   0x0800672c   0x000000b8   Code   RO         5648    i.rt_timer_control  timer.o
    0x080067e4   0x080067e4   0x00000036   Code   RO         5649    i.rt_timer_create   timer.o
    0x0800681a   0x0800681a   0x00000002   PAD
    0x0800681c   0x0800681c   0x000000d4   Code   RO         5651    i.rt_timer_detach   timer.o
    0x080068f0   0x080068f0   0x00000054   Code   RO         5654    i.rt_timer_init     timer.o
    0x08006944   0x08006944   0x000001c0   Code   RO         5657    i.rt_timer_start    timer.o
    0x08006b04   0x08006b04   0x000000c0   Code   RO         5658    i.rt_timer_stop     timer.o
    0x08006bc4   0x08006bc4   0x00000330   Code   RO         4962    i.rt_vsnprintf      kservice.o
    0x08006ef4   0x08006ef4   0x00000016   Code   RO         4963    i.rt_vsprintf       kservice.o
    0x08006f0a   0x08006f0a   0x00000004   Code   RO         4404    i.rti_board_end     components.o
    0x08006f0e   0x08006f0e   0x00000004   Code   RO         4405    i.rti_board_start   components.o
    0x08006f12   0x08006f12   0x00000004   Code   RO         4406    i.rti_end           components.o
    0x08006f16   0x08006f16   0x00000004   Code   RO         4407    i.rti_start         components.o
    0x08006f1a   0x08006f1a   0x0000002a   Code   RO         4408    i.rtthread_startup  components.o
    0x08006f44   0x08006f44   0x00000024   Code   RO          889    i.sda_in            iic.o
    0x08006f68   0x08006f68   0x00000024   Code   RO          890    i.sda_out           iic.o
    0x08006f8c   0x08006f8c   0x0000000e   Code   RO          301    i.sensor_check_thread_entry  sensor_thread.o
    0x08006f9a   0x08006f9a   0x00000002   PAD
    0x08006f9c   0x08006f9c   0x00000010   Code   RO          196    i.sensor_poll_timer_cb  sensor.o
    0x08006fac   0x08006fac   0x00000058   Code   RO          782    i.sensor_process_tag  zxbee.o
    0x08007004   0x08007004   0x0000000c   Code   RO          302    i.sensor_thread_entry  sensor_thread.o
    0x08007010   0x08007010   0x00000084   Code   RO          303    i.sensor_thread_init  sensor_thread.o
    0x08007094   0x08007094   0x00000026   Code   RO         4964    i.skip_atoi         kservice.o
    0x080070ba   0x080070ba   0x00000008   Code   RO            2    i.sys_param_init    main.o
    0x080070c2   0x080070c2   0x00000002   PAD
    0x080070c4   0x080070c4   0x00000094   Code   RO          724    i.wifi_Get_IMEI     wifi_drv.o
    0x08007158   0x08007158   0x00000084   Code   RO          725    i.wifi_TCP_Connect  wifi_drv.o
    0x080071dc   0x080071dc   0x000000a4   Code   RO          726    i.wifi_Wait4Uart    wifi_drv.o
    0x08007280   0x08007280   0x000000e4   Code   RO          727    i.wifi_connect_AP   wifi_drv.o
    0x08007364   0x08007364   0x0000012c   Code   RO          728    i.wifi_connect_TCP  wifi_drv.o
    0x08007490   0x08007490   0x00000028   Code   RO          729    i.wifi_disconnect_TCP  wifi_drv.o
    0x080074b8   0x080074b8   0x000000cc   Code   RO          730    i.wifi_get_RSSI     wifi_drv.o
    0x08007584   0x08007584   0x00000020   Code   RO          731    i.wifi_reset        wifi_drv.o
    0x080075a4   0x080075a4   0x000001a8   Code   RO          197    i.z_process_command_call  sensor.o
    0x0800774c   0x0800774c   0x00000038   Code   RO          783    i.zxbeeAdd          zxbee.o
    0x08007784   0x08007784   0x00000010   Code   RO          784    i.zxbeeBegin        zxbee.o
    0x08007794   0x08007794   0x00000028   Code   RO          785    i.zxbeeEnd          zxbee.o
    0x080077bc   0x080077bc   0x00000062   Code   RO          786    i.zxbee_decode      zxbee.o
    0x0800781e   0x0800781e   0x00000002   PAD
    0x08007820   0x08007820   0x0000004c   Code   RO          787    i.zxbee_onrecv_fun  zxbee.o
    0x0800786c   0x0800786c   0x00000100   Data   RO          199    .constdata          sensor.o
    0x0800796c   0x0800796c   0x00000028   Data   RO          587    .constdata          rf_if_app.o
    0x08007994   0x08007994   0x00000014   Data   RO         4409    .constdata          components.o
    0x080079a8   0x080079a8   0x00000016   Data   RO         4573    .constdata          idle.o
    0x080079be   0x080079be   0x000001fc   Data   RO         4664    .constdata          ipc.o
    0x08007bba   0x08007bba   0x00000122   Data   RO         4965    .constdata          kservice.o
    0x08007cdc   0x08007cdc   0x0000003c   Data   RO         5121    .constdata          mem.o
    0x08007d18   0x08007d18   0x00000080   Data   RO         5298    .constdata          object.o
    0x08007d98   0x08007d98   0x0000004e   Data   RO         5402    .constdata          scheduler.o
    0x08007de6   0x08007de6   0x000000cf   Data   RO         5514    .constdata          thread.o
    0x08007eb5   0x08007eb5   0x0000005c   Data   RO         5659    .constdata          timer.o
    0x08007f11   0x08007f11   0x00000081   Data   RO         6661    .constdata          mc_w.l(ctype_o.o)
    0x08007f92   0x08007f92   0x00000002   PAD
    0x08007f94   0x08007f94   0x00000004   Data   RO         6662    .constdata          mc_w.l(ctype_o.o)
    0x08007f98   0x08007f98   0x0000005f   Data   RO          588    .conststring        rf_if_app.o
    0x08007ff7   0x08007ff7   0x00000001   PAD
    0x08007ff8   0x08007ff8   0x000000ce   Data   RO         4665    .conststring        ipc.o
    0x080080c6   0x080080c6   0x00000002   PAD
    0x080080c8   0x080080c8   0x000000eb   Data   RO         5122    .conststring        mem.o
    0x080081b3   0x080081b3   0x00000001   PAD
    0x080081b4   0x080081b4   0x00000042   Data   RO         5515    .conststring        thread.o
    0x080081f6   0x080081f6   0x00000002   PAD
    0x080081f8   0x080081f8   0x00000004   Data   RO         4410    .rti_fn.0           components.o
    0x080081fc   0x080081fc   0x00000004   Data   RO         4411    .rti_fn.0.end       components.o
    0x08008200   0x08008200   0x00000004   Data   RO         4412    .rti_fn.1.end       components.o
    0x08008204   0x08008204   0x00000004   Data   RO         4413    .rti_fn.6.end       components.o
    0x08008208   0x08008208   0x00000020   Data   RO         6693    Region$$Table       anon$$obj.o


    Execution Region RW_IRAM1 (Exec base: 0x20000000, Load base: 0x08008228, Size: 0x00003188, Max: 0x00005000, ABSOLUTE, COMPRESSED[0x00000088])

    Exec Addr    Load Addr    Size         Type   Attr      Idx    E Section Name        Object

    0x20000000   COMPRESSED   0x00000018   Data   RW          200    .data               sensor.o
    0x20000018   COMPRESSED   0x00000018   Data   RW          331    .data               drv_fan.o
    0x20000030   COMPRESSED   0x00000001   Data   RW          352    .data               htu21d.o
    0x20000031   COMPRESSED   0x00000001   PAD
    0x20000032   COMPRESSED   0x00000004   Data   RW          407    .data               at_app.o
    0x20000036   COMPRESSED   0x00000004   Data   RW          469    .data               at_hw.o
    0x2000003a   COMPRESSED   0x00000002   Data   RW          544    .data               rf_thread.o
    0x2000003c   COMPRESSED   0x00000004   Data   RW          589    .data               rf_if_app.o
    0x20000040   COMPRESSED   0x00000004   Data   RW          660    .data               rf_if_hw.o
    0x20000044   COMPRESSED   0x00000008   Data   RW          732    .data               wifi_drv.o
    0x2000004c   COMPRESSED   0x00000001   Data   RW          854    .data               flash.o
    0x2000004d   COMPRESSED   0x00000003   PAD
    0x20000050   COMPRESSED   0x00000004   Data   RW         1051    .data               uart2.o
    0x20000054   COMPRESSED   0x00000014   Data   RW         1291    .data               system_stm32f10x.o
    0x20000068   COMPRESSED   0x00000014   Data   RW         1389    .data               stm32f10x_rcc.o
    0x2000007c   COMPRESSED   0x00000010   Data   RW         4327    .data               cpuport.o
    0x2000008c   COMPRESSED   0x00000004   Data   RW         4366    .data               clock.o
    0x20000090   COMPRESSED   0x00000009   Data   RW         4904    .data               irq.o
    0x20000099   COMPRESSED   0x00000003   PAD
    0x2000009c   COMPRESSED   0x00000008   Data   RW         4966    .data               kservice.o
    0x200000a4   COMPRESSED   0x00000020   Data   RW         5123    .data               mem.o
    0x200000c4   COMPRESSED   0x000000b4   Data   RW         5299    .data               object.o
    0x20000178   COMPRESSED   0x0000001c   Data   RW         5403    .data               scheduler.o
    0x20000194   COMPRESSED   0x0000000c   Data   RW         5516    .data               thread.o
    0x200001a0   COMPRESSED   0x00000014   Data   RW         5660    .data               timer.o
    0x200001b4   COMPRESSED   0x00000004   Data   RW         6301    .data               mc_w.l(rand.o)
    0x200001b8   COMPRESSED   0x00000004   Data   RW         6642    .data               mc_w.l(errno.o)
    0x200001bc        -       0x0000005c   Zero   RW          198    .bss                sensor.o
    0x20000218        -       0x00000920   Zero   RW          304    .bss                sensor_thread.o
    0x20000b38        -       0x00000490   Zero   RW          385    .bss                at_thread.o
    0x20000fc8        -       0x00000100   Zero   RW          406    .bss                at_app.o
    0x200010c8        -       0x0000030c   Zero   RW          468    .bss                at_hw.o
    0x200013d4   COMPRESSED   0x00000004   PAD
    0x200013d8        -       0x00000c58   Zero   RW          543    .bss                rf_thread.o
    0x20002030        -       0x00000138   Zero   RW          586    .bss                rf_if_app.o
    0x20002168        -       0x0000048c   Zero   RW          659    .bss                rf_if_hw.o
    0x200025f4        -       0x000000c8   Zero   RW          788    .bss                zxbee.o
    0x200026bc        -       0x00000400   Zero   RW          853    .bss                flash.o
    0x20002abc        -       0x000001a0   Zero   RW         4572    .bss                idle.o
    0x20002c5c        -       0x00000028   Zero   RW         5120    .bss                mem.o
    0x20002c84        -       0x00000100   Zero   RW         5401    .bss                scheduler.o
    0x20002d84   COMPRESSED   0x00000004   PAD
    0x20002d88        -       0x00000400   Zero   RW         1279    STACK               startup_stm32f10x_md.o


==============================================================================

Image component sizes


      Code (inc. data)   RO Data    RW Data    ZI Data      Debug   Object Name

      1492        406          0          4        256      18264   at_app.o
       696        114          0          4        780       5801   at_hw.o
        80         20          0          0       1168       1529   at_thread.o
       204         30          0          0          0      16863   board.o
       128         12          0          4          0       1640   clock.o
       218         50         36          0          0       5444   components.o
       244         26          0          0          0        736   context_rvds.o
       112         10          0         16          0       3006   cpuport.o
        12          0          0          0          0        507   delay.o
       136         10          0         24          0       1736   drv_fan.o
       528         20          0          1       1024       3235   flash.o
       396         42          0          1          0       1647   htu21d.o
       348         44         22          0        416       5662   idle.o
       570         38          0          0          0       4202   iic.o
      2708        326        714          0          0      34209   ipc.o
       140         26          0          9          0       2074   irq.o
       100          8          0          0          0       1004   key.o
      1586         26        290          8          0       9745   kservice.o
       160         14          0          0          0       1486   led.o
        34          0          0          0          0     262318   main.o
      1504        408        295         32         40       5265   mem.o
       132         22          0          0          0       1587   misc.o
       812        246        128        180          0      10138   object.o
      1848        420        135          4        312       7754   rf_if_app.o
       816        134          0          4       1164       5985   rf_if_hw.o
       432        130          0          2       3160       3601   rf_thread.o
       946        166         78         28        256       9586   scheduler.o
      1502        300        256         24         92       9134   sensor.o
       158         54          0          0       2336       2199   sensor_thread.o
        36          8        236          0       1024        904   startup_stm32f10x_md.o
       424          8          0          0          0       4051   stm32f10x_dma.o
       266         30          0          0          0       3564   stm32f10x_flash.o
       304          0          0          0          0       3728   stm32f10x_gpio.o
        18          0          0          0          0       2527   stm32f10x_it.o
       372         50          0         20          0       6228   stm32f10x_rcc.o
       634         28          0          0          0       8069   stm32f10x_usart.o
       328         28          0         20          0       2433   system_stm32f10x.o
      1842        532        273         12          0      15613   thread.o
      1532        484         92         20          0      12517   timer.o
        48          8          0          4          0       1180   uart2.o
      1248        254          0          8          0       6247   wifi_drv.o
       434         46          0          0        200       5025   zxbee.o

    ----------------------------------------------------------------------
     25560       4578       2593        436      12236     508443   Object Totals
         0          0         32          0          0          0   (incl. Generated)
        32          0          6          7          8          0   (incl. Padding)

    ----------------------------------------------------------------------

      Code (inc. data)   RO Data    RW Data    ZI Data      Debug   Library Member Name

        86          0          0          0          0          0   __dczerorl2.o
        28          0          0          0          0         68   _chval.o
       158          0          0          0          0         92   _strtoul.o
        26          0          0          0          0         80   atoi.o
         8          4        133          0          0         68   ctype_o.o
         0          0          0          0          0          0   entry.o
         0          0          0          0          0          0   entry10a.o
         0          0          0          0          0          0   entry11a.o
         4          0          0          0          0          0   entry12b.o
         8          4          0          0          0          0   entry2.o
         4          0          0          0          0          0   entry5.o
         0          0          0          0          0          0   entry7b.o
         0          0          0          0          0          0   entry8b.o
         8          4          0          0          0          0   entry9a.o
         8          4          0          4          0         68   errno.o
        30          0          0          0          0          0   handlers.o
        36          8          0          0          0         68   init.o
         0          0          0          0          0          0   iusefp.o
        30          0          0          0          0         68   llshl.o
        36          0          0          0          0         68   llsshr.o
        32          0          0          0          0         68   llushr.o
        36          0          0          0          0         68   memcpya.o
      2236         86          0          0          0        532   printfa.o
        36         10          0          4          0        136   rand.o
        24          0          0          0          0         68   strcat.o
        20          0          0          0          0         68   strchr.o
        28          0          0          0          0         76   strcmp.o
        18          0          0          0          0         68   strcpy.o
        14          0          0          0          0         68   strlen.o
        30          0          0          0          0         80   strncmp.o
        24          0          0          0          0         76   strncpy.o
        36          0          0          0          0         80   strstr.o
       112          0          0          0          0         88   strtol.o
        44          0          0          0          0         80   uidiv.o
        98          0          0          0          0         92   uldiv.o
        48          0          0          0          0         68   cdrcmple.o
        20          0          0          0          0         68   cfrcmple.o
        56          0          0          0          0         88   d2f.o
       334          0          0          0          0        148   dadd.o
       222          0          0          0          0        100   ddiv.o
       186          0          0          0          0        176   depilogue.o
        50          0          0          0          0         76   dfixui.o
        48          0          0          0          0         68   dfixul.o
       228          0          0          0          0         96   dmul.o
        38          0          0          0          0         68   f2d.o
       176          0          0          0          0        140   fadd.o
       124          0          0          0          0         88   fdiv.o
       110          0          0          0          0        168   fepilogue.o
        18          0          0          0          0         68   fflti.o
        10          0          0          0          0         68   ffltui.o
       100          0          0          0          0         76   fmul.o

    ----------------------------------------------------------------------
      5032        120        135          8          0       3792   Library Totals
         6          0          2          0          0          0   (incl. Padding)

    ----------------------------------------------------------------------

      Code (inc. data)   RO Data    RW Data    ZI Data      Debug   Library Name

      3258        120        133          8          0       2228   mc_w.l
      1768          0          0          0          0       1564   mf_w.l

    ----------------------------------------------------------------------
      5032        120        135          8          0       3792   Library Totals

    ----------------------------------------------------------------------

==============================================================================


      Code (inc. data)   RO Data    RW Data    ZI Data      Debug   

     30592       4698       2728        444      12236     497907   Grand Totals
     30592       4698       2728        136      12236     497907   ELF Image Totals (compressed)
     30592       4698       2728        136          0          0   ROM Totals

==============================================================================

    Total RO  Size (Code + RO Data)                33320 (  32.54kB)
    Total RW  Size (RW Data + ZI Data)             12680 (  12.38kB)
    Total ROM Size (Code + RO Data + RW Data)      33456 (  32.67kB)

==============================================================================

