Component: ARM Compiler 5.06 update 7 (build 960) Tool: armlink [4d3601]

==============================================================================

Section Cross References

    main.o(i.main) refers to main.o(i.sys_param_init) for sys_param_init
    main.o(i.main) refers to led.o(i.led_Init) for led_Init
    main.o(i.main) refers to sensor_thread.o(i.sensor_thread_init) for sensor_thread_init
    main.o(i.main) refers to rf_thread.o(i.rf_thread_init) for rf_thread_init
    main.o(i.main) refers to at_thread.o(i.at_thread_init) for at_thread_init
    main.o(i.sys_param_init) refers to rf_if_app.o(i.rf_info_init) for rf_info_init
    sensor.o(i.SensorCheck) refers to memcpya.o(.text) for __aeabi_memcpy4
    sensor.o(i.SensorCheck) refers to sensor.o(i.UpdateA6) for UpdateA6
    sensor.o(i.SensorCheck) refers to sensor.o(i.UpdateA7) for UpdateA7
    sensor.o(i.SensorCheck) refers to printfa.o(i.__0sprintf) for __2sprintf
    sensor.o(i.SensorCheck) refers to strcat.o(.text) for strcat
    sensor.o(i.SensorCheck) refers to strlen.o(.text) for strlen
    sensor.o(i.SensorCheck) refers to rf_thread.o(i.rf_send) for rf_send
    sensor.o(i.SensorCheck) refers to sensor.o(.constdata) for .constdata
    sensor.o(i.SensorCheck) refers to sensor.o(.data) for g_sensorData
    sensor.o(i.SensorInit) refers to timer.o(i.rt_timer_init) for rt_timer_init
    sensor.o(i.SensorInit) refers to ipc.o(i.rt_sem_init) for rt_sem_init
    sensor.o(i.SensorInit) refers to timer.o(i.rt_timer_start) for rt_timer_start
    sensor.o(i.SensorInit) refers to thread.o(i.rt_thread_startup) for rt_thread_startup
    sensor.o(i.SensorInit) refers to key.o(i.key_init) for key_init
    sensor.o(i.SensorInit) refers to sensor.o(.data) for g_sensorData
    sensor.o(i.SensorInit) refers to sensor.o(i.sensor_poll_timer_cb) for sensor_poll_timer_cb
    sensor.o(i.SensorInit) refers to sensor.o(.bss) for sensor_poll_timer
    sensor.o(i.SensorInit) refers to sensor_thread.o(.bss) for sensor_check_thread
    sensor.o(i.SensorLinkOn) refers to ipc.o(i.rt_sem_release) for rt_sem_release
    sensor.o(i.SensorLinkOn) refers to sensor.o(.bss) for sensor_poll_sem
    sensor.o(i.SensorUpdate) refers to memcpya.o(.text) for __aeabi_memcpy4
    sensor.o(i.SensorUpdate) refers to ipc.o(i.rt_sem_take) for rt_sem_take
    sensor.o(i.SensorUpdate) refers to sensor.o(i.UpdateA0) for UpdateA0
    sensor.o(i.SensorUpdate) refers to f2d.o(.text) for __aeabi_f2d
    sensor.o(i.SensorUpdate) refers to printfa.o(i.__0sprintf) for __2sprintf
    sensor.o(i.SensorUpdate) refers to strcat.o(.text) for strcat
    sensor.o(i.SensorUpdate) refers to sensor.o(i.UpdateA1) for UpdateA1
    sensor.o(i.SensorUpdate) refers to sensor.o(i.UpdateA2) for UpdateA2
    sensor.o(i.SensorUpdate) refers to sensor.o(i.UpdateA3) for UpdateA3
    sensor.o(i.SensorUpdate) refers to sensor.o(i.UpdateA4) for UpdateA4
    sensor.o(i.SensorUpdate) refers to sensor.o(i.UpdateA5) for UpdateA5
    sensor.o(i.SensorUpdate) refers to sensor.o(i.UpdateA6) for UpdateA6
    sensor.o(i.SensorUpdate) refers to sensor.o(i.UpdateA7) for UpdateA7
    sensor.o(i.SensorUpdate) refers to strlen.o(.text) for strlen
    sensor.o(i.SensorUpdate) refers to rf_thread.o(i.rf_send) for rf_send
    sensor.o(i.SensorUpdate) refers to sensor.o(.constdata) for .constdata
    sensor.o(i.SensorUpdate) refers to sensor.o(.bss) for sensor_poll_sem
    sensor.o(i.SensorUpdate) refers to sensor.o(.data) for g_sensorData
    sensor.o(i.UpdateA0) refers to cfcmple.o(.text) for __aeabi_cfcmple
    sensor.o(i.UpdateA0) refers to sensor.o(.data) for g_sensorData
    sensor.o(i.UpdateA1) refers to cfcmple.o(.text) for __aeabi_cfcmple
    sensor.o(i.UpdateA1) refers to sensor.o(.data) for g_sensorData
    sensor.o(i.UpdateA2) refers to sensor.o(.data) for g_sensorData
    sensor.o(i.UpdateA3) refers to rand.o(.text) for rand
    sensor.o(i.UpdateA3) refers to sensor.o(.data) for g_sensorData
    sensor.o(i.UpdateA4) refers to rand.o(.text) for rand
    sensor.o(i.UpdateA4) refers to sensor.o(.data) for g_sensorData
    sensor.o(i.UpdateA5) refers to rand.o(.text) for rand
    sensor.o(i.UpdateA5) refers to sensor.o(.data) for g_sensorData
    sensor.o(i.UpdateA6) refers to key.o(i.get_key_status) for get_key_status
    sensor.o(i.UpdateA6) refers to sensor.o(.data) for g_sensorData
    sensor.o(i.UpdateA7) refers to key.o(i.get_key_status) for get_key_status
    sensor.o(i.UpdateA7) refers to sensor.o(.data) for g_sensorData
    sensor.o(i.UpdateV0) refers to timer.o(i.rt_timer_control) for rt_timer_control
    sensor.o(i.UpdateV0) refers to timer.o(i.rt_timer_start) for rt_timer_start
    sensor.o(i.UpdateV0) refers to sensor.o(.data) for g_sensorData
    sensor.o(i.UpdateV0) refers to sensor.o(.bss) for sensor_poll_timer
    sensor.o(i.sensor_poll_timer_cb) refers to ipc.o(i.rt_sem_release) for rt_sem_release
    sensor.o(i.sensor_poll_timer_cb) refers to sensor.o(.bss) for sensor_poll_sem
[...]
    timer.o(i.rt_timer_detach) refers to timer.o(i._rt_timer_remove) for _rt_timer_remove
    timer.o(i.rt_timer_detach) refers to object.o(i.rt_object_detach) for rt_object_detach
    timer.o(i.rt_timer_detach) refers to timer.o(.constdata) for __FUNCTION__
    timer.o(i.rt_timer_enter_sethook) refers to timer.o(.data) for rt_timer_enter_hook
    timer.o(i.rt_timer_exit_sethook) refers to timer.o(.data) for rt_timer_exit_hook
    timer.o(i.rt_timer_init) refers to kservice.o(i.rt_assert_handler) for rt_assert_handler
    timer.o(i.rt_timer_init) refers to object.o(i.rt_object_init) for rt_object_init
    timer.o(i.rt_timer_init) refers to timer.o(i._rt_timer_init) for _rt_timer_init
    timer.o(i.rt_timer_init) refers to timer.o(.constdata) for __FUNCTION__
    timer.o(i.rt_timer_list_next_timeout) refers to timer.o(i.rt_list_isempty) for rt_list_isempty
    timer.o(i.rt_timer_next_timeout_tick) refers to timer.o(i.rt_timer_list_next_timeout) for rt_timer_list_next_timeout
    timer.o(i.rt_timer_next_timeout_tick) refers to timer.o(.data) for rt_timer_list
    timer.o(i.rt_timer_start) refers to kservice.o(i.rt_assert_handler) for rt_assert_handler
    timer.o(i.rt_timer_start) refers to object.o(i.rt_object_get_type) for rt_object_get_type
    timer.o(i.rt_timer_start) refers to context_rvds.o(.text) for rt_hw_interrupt_disable
    timer.o(i.rt_timer_start) refers to timer.o(i._rt_timer_remove) for _rt_timer_remove
    timer.o(i.rt_timer_start) refers to clock.o(i.rt_tick_get) for rt_tick_get
    timer.o(i.rt_timer_start) refers to timer.o(i.rt_list_insert_after) for rt_list_insert_after
    timer.o(i.rt_timer_start) refers to timer.o(.constdata) for __FUNCTION__
    timer.o(i.rt_timer_start) refers to object.o(.data) for rt_object_take_hook
    timer.o(i.rt_timer_start) refers to timer.o(.data) for rt_timer_list
    timer.o(i.rt_timer_stop) refers to kservice.o(i.rt_assert_handler) for rt_assert_handler
    timer.o(i.rt_timer_stop) refers to object.o(i.rt_object_get_type) for rt_object_get_type
    timer.o(i.rt_timer_stop) refers to context_rvds.o(.text) for rt_hw_interrupt_disable
    timer.o(i.rt_timer_stop) refers to timer.o(i._rt_timer_remove) for _rt_timer_remove
    timer.o(i.rt_timer_stop) refers to timer.o(.constdata) for __FUNCTION__
    timer.o(i.rt_timer_stop) refers to object.o(.data) for rt_object_put_hook
    completion.o(i.rt_completion_done) refers to kservice.o(i.rt_assert_handler) for rt_assert_handler
    completion.o(i.rt_completion_done) refers to context_rvds.o(.text) for rt_hw_interrupt_disable
    completion.o(i.rt_completion_done) refers to completion.o(i.rt_list_isempty) for rt_list_isempty
    completion.o(i.rt_completion_done) refers to thread.o(i.rt_thread_resume) for rt_thread_resume
    completion.o(i.rt_completion_done) refers to scheduler.o(i.rt_schedule) for rt_schedule
    completion.o(i.rt_completion_done) refers to completion.o(.constdata) for __FUNCTION__
    completion.o(i.rt_completion_init) refers to kservice.o(i.rt_assert_handler) for rt_assert_handler
    completion.o(i.rt_completion_init) refers to context_rvds.o(.text) for rt_hw_interrupt_disable
    completion.o(i.rt_completion_init) refers to completion.o(.constdata) for __FUNCTION__
    completion.o(i.rt_completion_wait) refers to kservice.o(i.rt_assert_handler) for rt_assert_handler
    completion.o(i.rt_completion_wait) refers to thread.o(i.rt_thread_self) for rt_thread_self
    completion.o(i.rt_completion_wait) refers to context_rvds.o(.text) for rt_hw_interrupt_disable
    completion.o(i.rt_completion_wait) refers to completion.o(i.rt_list_isempty) for rt_list_isempty
    completion.o(i.rt_completion_wait) refers to thread.o(i.rt_thread_suspend) for rt_thread_suspend
    completion.o(i.rt_completion_wait) refers to irq.o(i.rt_interrupt_get_nest) for rt_interrupt_get_nest
    completion.o(i.rt_completion_wait) refers to timer.o(i.rt_timer_control) for rt_timer_control
    completion.o(i.rt_completion_wait) refers to timer.o(i.rt_timer_start) for rt_timer_start
    completion.o(i.rt_completion_wait) refers to scheduler.o(i.rt_schedule) for rt_schedule
    completion.o(i.rt_completion_wait) refers to completion.o(.constdata) for __FUNCTION__
    dataqueue.o(i.rt_data_queue_init) refers to kservice.o(i.rt_assert_handler) for rt_assert_handler
    dataqueue.o(i.rt_data_queue_init) refers to dataqueue.o(i.rt_list_init) for rt_list_init
    dataqueue.o(i.rt_data_queue_init) refers to mem.o(i.rt_malloc) for rt_malloc
    dataqueue.o(i.rt_data_queue_init) refers to dataqueue.o(.constdata) for __FUNCTION__
    dataqueue.o(i.rt_data_queue_peak) refers to kservice.o(i.rt_assert_handler) for rt_assert_handler
    dataqueue.o(i.rt_data_queue_peak) refers to context_rvds.o(.text) for rt_hw_interrupt_disable
    dataqueue.o(i.rt_data_queue_peak) refers to dataqueue.o(.constdata) for __FUNCTION__
    dataqueue.o(i.rt_data_queue_pop) refers to kservice.o(i.rt_assert_handler) for rt_assert_handler
    dataqueue.o(i.rt_data_queue_pop) refers to thread.o(i.rt_thread_self) for rt_thread_self
    dataqueue.o(i.rt_data_queue_pop) refers to context_rvds.o(.text) for rt_hw_interrupt_disable
    dataqueue.o(i.rt_data_queue_pop) refers to irq.o(i.rt_interrupt_get_nest) for rt_interrupt_get_nest
    dataqueue.o(i.rt_data_queue_pop) refers to thread.o(i.rt_thread_suspend) for rt_thread_suspend
    dataqueue.o(i.rt_data_queue_pop) refers to dataqueue.o(i.rt_list_insert_before) for rt_list_insert_before
    dataqueue.o(i.rt_data_queue_pop) refers to timer.o(i.rt_timer_control) for rt_timer_control
    dataqueue.o(i.rt_data_queue_pop) refers to timer.o(i.rt_timer_start) for rt_timer_start
    dataqueue.o(i.rt_data_queue_pop) refers to scheduler.o(i.rt_schedule) for rt_schedule
    dataqueue.o(i.rt_data_queue_pop) refers to dataqueue.o(i.rt_list_isempty) for rt_list_isempty
    dataqueue.o(i.rt_data_queue_pop) refers to thread.o(i.rt_thread_resume) for rt_thread_resume
    dataqueue.o(i.rt_data_queue_pop) refers to dataqueue.o(.constdata) for __FUNCTION__
    dataqueue.o(i.rt_data_queue_push) refers to kservice.o(i.rt_assert_handler) for rt_assert_handler
    dataqueue.o(i.rt_data_queue_push) refers to thread.o(i.rt_thread_self) for rt_thread_self
    dataqueue.o(i.rt_data_queue_push) refers to context_rvds.o(.text) for rt_hw_interrupt_disable
    dataqueue.o(i.rt_data_queue_push) refers to irq.o(i.rt_interrupt_get_nest) for rt_interrupt_get_nest
    dataqueue.o(i.rt_data_queue_push) refers to thread.o(i.rt_thread_suspend) for rt_thread_suspend
    dataqueue.o(i.rt_data_queue_push) refers to dataqueue.o(i.rt_list_insert_before) for rt_list_insert_before
    dataqueue.o(i.rt_data_queue_push) refers to timer.o(i.rt_timer_control) for rt_timer_control
    dataqueue.o(i.rt_data_queue_push) refers to timer.o(i.rt_timer_start) for rt_timer_start
    dataqueue.o(i.rt_data_queue_push) refers to scheduler.o(i.rt_schedule) for rt_schedule
    dataqueue.o(i.rt_data_queue_push) refers to dataqueue.o(i.rt_list_isempty) for rt_list_isempty
    dataqueue.o(i.rt_data_queue_push) refers to thread.o(i.rt_thread_resume) for rt_thread_resume
    dataqueue.o(i.rt_data_queue_push) refers to dataqueue.o(.constdata) for __FUNCTION__
    dataqueue.o(i.rt_data_queue_reset) refers to scheduler.o(i.rt_enter_critical) for rt_enter_critical
    dataqueue.o(i.rt_data_queue_reset) refers to context_rvds.o(.text) for rt_hw_interrupt_disable
    dataqueue.o(i.rt_data_queue_reset) refers to thread.o(i.rt_thread_resume) for rt_thread_resume
    dataqueue.o(i.rt_data_queue_reset) refers to dataqueue.o(i.rt_list_isempty) for rt_list_isempty
    dataqueue.o(i.rt_data_queue_reset) refers to scheduler.o(i.rt_exit_critical) for rt_exit_critical
    dataqueue.o(i.rt_data_queue_reset) refers to scheduler.o(i.rt_schedule) for rt_schedule
    pipe.o(i.rt_pipe_close) refers to ipc.o(i.rt_mutex_take) for rt_mutex_take
    pipe.o(i.rt_pipe_close) refers to ringbuffer.o(i.rt_ringbuffer_destroy) for rt_ringbuffer_destroy
    pipe.o(i.rt_pipe_close) refers to ipc.o(i.rt_mutex_release) for rt_mutex_release
    pipe.o(i.rt_pipe_create) refers to mem.o(i.rt_malloc) for rt_malloc
    pipe.o(i.rt_pipe_create) refers to kservice.o(i.rt_memset) for rt_memset
    pipe.o(i.rt_pipe_create) refers to ipc.o(i.rt_mutex_init) for rt_mutex_init
    pipe.o(i.rt_pipe_create) refers to pipe.o(i.rt_wqueue_init) for rt_wqueue_init
    pipe.o(i.rt_pipe_create) refers to kservice.o(i.rt_assert_handler) for rt_assert_handler
    pipe.o(i.rt_pipe_create) refers to device.o(i.rt_device_register) for rt_device_register
    pipe.o(i.rt_pipe_create) refers to mem.o(i.rt_free) for rt_free
    pipe.o(i.rt_pipe_create) refers to pipe.o(.constdata) for __FUNCTION__
    pipe.o(i.rt_pipe_create) refers to pipe.o(i.rt_pipe_open) for rt_pipe_open
    pipe.o(i.rt_pipe_create) refers to pipe.o(i.rt_pipe_read) for rt_pipe_read
    pipe.o(i.rt_pipe_create) refers to pipe.o(i.rt_pipe_write) for rt_pipe_write
    pipe.o(i.rt_pipe_create) refers to pipe.o(i.rt_pipe_close) for rt_pipe_close
    pipe.o(i.rt_pipe_create) refers to pipe.o(i.rt_pipe_control) for rt_pipe_control
    pipe.o(i.rt_pipe_delete) refers to device.o(i.rt_device_find) for rt_device_find
    pipe.o(i.rt_pipe_delete) refers to ipc.o(i.rt_mutex_detach) for rt_mutex_detach
    pipe.o(i.rt_pipe_delete) refers to device.o(i.rt_device_unregister) for rt_device_unregister
    pipe.o(i.rt_pipe_delete) refers to ringbuffer.o(i.rt_ringbuffer_destroy) for rt_ringbuffer_destroy
    pipe.o(i.rt_pipe_delete) refers to mem.o(i.rt_free) for rt_free
    pipe.o(i.rt_pipe_open) refers to ipc.o(i.rt_mutex_take) for rt_mutex_take
    pipe.o(i.rt_pipe_open) refers to ringbuffer.o(i.rt_ringbuffer_create) for rt_ringbuffer_create
    pipe.o(i.rt_pipe_open) refers to ipc.o(i.rt_mutex_release) for rt_mutex_release
    pipe.o(i.rt_pipe_read) refers to kservice.o(i.rt_set_errno) for rt_set_errno
    pipe.o(i.rt_pipe_read) refers to ipc.o(i.rt_mutex_take) for rt_mutex_take
    pipe.o(i.rt_pipe_read) refers to ringbuffer.o(i.rt_ringbuffer_get) for rt_ringbuffer_get
    pipe.o(i.rt_pipe_read) refers to ipc.o(i.rt_mutex_release) for rt_mutex_release
    pipe.o(i.rt_pipe_write) refers to kservice.o(i.rt_set_errno) for rt_set_errno
    pipe.o(i.rt_pipe_write) refers to ipc.o(i.rt_mutex_take) for rt_mutex_take
    pipe.o(i.rt_pipe_write) refers to ringbuffer.o(i.rt_ringbuffer_put) for rt_ringbuffer_put
    pipe.o(i.rt_pipe_write) refers to ipc.o(i.rt_mutex_release) for rt_mutex_release
    pipe.o(i.rt_wqueue_init) refers to kservice.o(i.rt_assert_handler) for rt_assert_handler
    pipe.o(i.rt_wqueue_init) refers to pipe.o(.constdata) for __FUNCTION__
    ringblk_buf.o(i.find_empty_blk_in_set) refers to kservice.o(i.rt_assert_handler) for rt_assert_handler
    ringblk_buf.o(i.find_empty_blk_in_set) refers to ringblk_buf.o(.constdata) for __FUNCTION__
    ringblk_buf.o(i.rt_rbb_blk_alloc) refers to kservice.o(i.rt_assert_handler) for rt_assert_handler
    ringblk_buf.o(i.rt_rbb_blk_alloc) refers to context_rvds.o(.text) for rt_hw_interrupt_disable
    ringblk_buf.o(i.rt_rbb_blk_alloc) refers to ringblk_buf.o(i.find_empty_blk_in_set) for find_empty_blk_in_set
    ringblk_buf.o(i.rt_rbb_blk_alloc) refers to ringblk_buf.o(i.rt_slist_len) for rt_slist_len
    ringblk_buf.o(i.rt_rbb_blk_alloc) refers to ringblk_buf.o(i.rt_slist_append) for rt_slist_append
    ringblk_buf.o(i.rt_rbb_blk_alloc) refers to ringblk_buf.o(.constdata) for __FUNCTION__
    ringblk_buf.o(i.rt_rbb_blk_buf) refers to kservice.o(i.rt_assert_handler) for rt_assert_handler
    ringblk_buf.o(i.rt_rbb_blk_buf) refers to ringblk_buf.o(.constdata) for __FUNCTION__
    ringblk_buf.o(i.rt_rbb_blk_free) refers to kservice.o(i.rt_assert_handler) for rt_assert_handler
    ringblk_buf.o(i.rt_rbb_blk_free) refers to context_rvds.o(.text) for rt_hw_interrupt_disable
    ringblk_buf.o(i.rt_rbb_blk_free) refers to ringblk_buf.o(i.rt_slist_remove) for rt_slist_remove
    ringblk_buf.o(i.rt_rbb_blk_free) refers to ringblk_buf.o(.constdata) for __FUNCTION__
    ringblk_buf.o(i.rt_rbb_blk_get) refers to kservice.o(i.rt_assert_handler) for rt_assert_handler
    ringblk_buf.o(i.rt_rbb_blk_get) refers to ringblk_buf.o(i.rt_slist_isempty) for rt_slist_isempty
    ringblk_buf.o(i.rt_rbb_blk_get) refers to context_rvds.o(.text) for rt_hw_interrupt_disable
    ringblk_buf.o(i.rt_rbb_blk_get) refers to ringblk_buf.o(.constdata) for __FUNCTION__
    ringblk_buf.o(i.rt_rbb_blk_put) refers to kservice.o(i.rt_assert_handler) for rt_assert_handler
    ringblk_buf.o(i.rt_rbb_blk_put) refers to ringblk_buf.o(.constdata) for __FUNCTION__
    ringblk_buf.o(i.rt_rbb_blk_queue_buf) refers to kservice.o(i.rt_assert_handler) for rt_assert_handler
    ringblk_buf.o(i.rt_rbb_blk_queue_buf) refers to ringblk_buf.o(.constdata) for __FUNCTION__
    ringblk_buf.o(i.rt_rbb_blk_queue_free) refers to kservice.o(i.rt_assert_handler) for rt_assert_handler
    ringblk_buf.o(i.rt_rbb_blk_queue_free) refers to ringblk_buf.o(i.rt_rbb_blk_free) for rt_rbb_blk_free
    ringblk_buf.o(i.rt_rbb_blk_queue_free) refers to ringblk_buf.o(.constdata) for __FUNCTION__
    ringblk_buf.o(i.rt_rbb_blk_queue_get) refers to kservice.o(i.rt_assert_handler) for rt_assert_handler
    ringblk_buf.o(i.rt_rbb_blk_queue_get) refers to ringblk_buf.o(i.rt_slist_isempty) for rt_slist_isempty
    ringblk_buf.o(i.rt_rbb_blk_queue_get) refers to context_rvds.o(.text) for rt_hw_interrupt_disable
    ringblk_buf.o(i.rt_rbb_blk_queue_get) refers to ringblk_buf.o(i.rt_slist_remove) for rt_slist_remove
    ringblk_buf.o(i.rt_rbb_blk_queue_get) refers to ringblk_buf.o(.constdata) for __FUNCTION__
    ringblk_buf.o(i.rt_rbb_blk_queue_len) refers to kservice.o(i.rt_assert_handler) for rt_assert_handler
    ringblk_buf.o(i.rt_rbb_blk_queue_len) refers to ringblk_buf.o(.constdata) for __FUNCTION__
    ringblk_buf.o(i.rt_rbb_blk_size) refers to kservice.o(i.rt_assert_handler) for rt_assert_handler
    ringblk_buf.o(i.rt_rbb_blk_size) refers to ringblk_buf.o(.constdata) for __FUNCTION__
    ringblk_buf.o(i.rt_rbb_create) refers to mem.o(i.rt_malloc) for rt_malloc
    ringblk_buf.o(i.rt_rbb_create) refers to mem.o(i.rt_free) for rt_free
    ringblk_buf.o(i.rt_rbb_create) refers to ringblk_buf.o(i.rt_rbb_init) for rt_rbb_init
    ringblk_buf.o(i.rt_rbb_destroy) refers to kservice.o(i.rt_assert_handler) for rt_assert_handler
    ringblk_buf.o(i.rt_rbb_destroy) refers to mem.o(i.rt_free) for rt_free
    ringblk_buf.o(i.rt_rbb_destroy) refers to ringblk_buf.o(.constdata) for __FUNCTION__
    ringblk_buf.o(i.rt_rbb_get_buf_size) refers to kservice.o(i.rt_assert_handler) for rt_assert_handler
    ringblk_buf.o(i.rt_rbb_get_buf_size) refers to ringblk_buf.o(.constdata) for __FUNCTION__
    ringblk_buf.o(i.rt_rbb_init) refers to kservice.o(i.rt_assert_handler) for rt_assert_handler
    ringblk_buf.o(i.rt_rbb_init) refers to ringblk_buf.o(.constdata) for __FUNCTION__
    ringblk_buf.o(i.rt_rbb_next_blk_queue_len) refers to kservice.o(i.rt_assert_handler) for rt_assert_handler
    ringblk_buf.o(i.rt_rbb_next_blk_queue_len) refers to ringblk_buf.o(i.rt_slist_isempty) for rt_slist_isempty
    ringblk_buf.o(i.rt_rbb_next_blk_queue_len) refers to context_rvds.o(.text) for rt_hw_interrupt_disable
    ringblk_buf.o(i.rt_rbb_next_blk_queue_len) refers to ringblk_buf.o(.constdata) for __FUNCTION__
    ringbuffer.o(i.rt_ringbuffer_create) refers to kservice.o(i.rt_assert_handler) for rt_assert_handler
    ringbuffer.o(i.rt_ringbuffer_create) refers to mem.o(i.rt_malloc) for rt_malloc
    ringbuffer.o(i.rt_ringbuffer_create) refers to mem.o(i.rt_free) for rt_free
    ringbuffer.o(i.rt_ringbuffer_create) refers to ringbuffer.o(i.rt_ringbuffer_init) for rt_ringbuffer_init
    ringbuffer.o(i.rt_ringbuffer_create) refers to ringbuffer.o(.constdata) for __FUNCTION__
    ringbuffer.o(i.rt_ringbuffer_data_len) refers to ringbuffer.o(i.rt_ringbuffer_status) for rt_ringbuffer_status
    ringbuffer.o(i.rt_ringbuffer_destroy) refers to kservice.o(i.rt_assert_handler) for rt_assert_handler
    ringbuffer.o(i.rt_ringbuffer_destroy) refers to mem.o(i.rt_free) for rt_free
    ringbuffer.o(i.rt_ringbuffer_destroy) refers to ringbuffer.o(.constdata) for __FUNCTION__
    ringbuffer.o(i.rt_ringbuffer_get) refers to kservice.o(i.rt_assert_handler) for rt_assert_handler
    ringbuffer.o(i.rt_ringbuffer_get) refers to ringbuffer.o(i.rt_ringbuffer_data_len) for rt_ringbuffer_data_len
    ringbuffer.o(i.rt_ringbuffer_get) refers to memcpya.o(.text) for __aeabi_memcpy
    ringbuffer.o(i.rt_ringbuffer_get) refers to ringbuffer.o(.constdata) for __FUNCTION__
    ringbuffer.o(i.rt_ringbuffer_getchar) refers to kservice.o(i.rt_assert_handler) for rt_assert_handler
    ringbuffer.o(i.rt_ringbuffer_getchar) refers to ringbuffer.o(i.rt_ringbuffer_data_len) for rt_ringbuffer_data_len
    ringbuffer.o(i.rt_ringbuffer_getchar) refers to ringbuffer.o(.constdata) for __FUNCTION__
    ringbuffer.o(i.rt_ringbuffer_init) refers to kservice.o(i.rt_assert_handler) for rt_assert_handler
    ringbuffer.o(i.rt_ringbuffer_init) refers to ringbuffer.o(.constdata) for __FUNCTION__
    ringbuffer.o(i.rt_ringbuffer_put) refers to kservice.o(i.rt_assert_handler) for rt_assert_handler
    ringbuffer.o(i.rt_ringbuffer_put) refers to ringbuffer.o(i.rt_ringbuffer_data_len) for rt_ringbuffer_data_len
    ringbuffer.o(i.rt_ringbuffer_put) refers to memcpya.o(.text) for __aeabi_memcpy
    ringbuffer.o(i.rt_ringbuffer_put) refers to ringbuffer.o(.constdata) for __FUNCTION__
    ringbuffer.o(i.rt_ringbuffer_put_force) refers to kservice.o(i.rt_assert_handler) for rt_assert_handler
    ringbuffer.o(i.rt_ringbuffer_put_force) refers to ringbuffer.o(i.rt_ringbuffer_data_len) for rt_ringbuffer_data_len
    ringbuffer.o(i.rt_ringbuffer_put_force) refers to memcpya.o(.text) for __aeabi_memcpy
    ringbuffer.o(i.rt_ringbuffer_put_force) refers to ringbuffer.o(.constdata) for __FUNCTION__
    ringbuffer.o(i.rt_ringbuffer_putchar) refers to kservice.o(i.rt_assert_handler) for rt_assert_handler
    ringbuffer.o(i.rt_ringbuffer_putchar) refers to ringbuffer.o(i.rt_ringbuffer_data_len) for rt_ringbuffer_data_len
    ringbuffer.o(i.rt_ringbuffer_putchar) refers to ringbuffer.o(.constdata) for __FUNCTION__
    ringbuffer.o(i.rt_ringbuffer_putchar_force) refers to kservice.o(i.rt_assert_handler) for rt_assert_handler
    ringbuffer.o(i.rt_ringbuffer_putchar_force) refers to ringbuffer.o(i.rt_ringbuffer_status) for rt_ringbuffer_status
    ringbuffer.o(i.rt_ringbuffer_putchar_force) refers to ringbuffer.o(.constdata) for __FUNCTION__
    ringbuffer.o(i.rt_ringbuffer_reset) refers to kservice.o(i.rt_assert_handler) for rt_assert_handler
    ringbuffer.o(i.rt_ringbuffer_reset) refers to ringbuffer.o(.constdata) for __FUNCTION__
    waitqueue.o(i.rt_wqueue_add) refers to context_rvds.o(.text) for rt_hw_interrupt_disable
    waitqueue.o(i.rt_wqueue_remove) refers to context_rvds.o(.text) for rt_hw_interrupt_disable
    waitqueue.o(i.rt_wqueue_wait) refers to thread.o(i.rt_thread_self) for rt_thread_self
    waitqueue.o(i.rt_wqueue_wait) refers to context_rvds.o(.text) for rt_hw_interrupt_disable
    waitqueue.o(i.rt_wqueue_wait) refers to irq.o(i.rt_interrupt_get_nest) for rt_interrupt_get_nest
    waitqueue.o(i.rt_wqueue_wait) refers to kservice.o(i.rt_assert_handler) for rt_assert_handler
    waitqueue.o(i.rt_wqueue_wait) refers to clock.o(i.rt_tick_from_millisecond) for rt_tick_from_millisecond
    waitqueue.o(i.rt_wqueue_wait) refers to waitqueue.o(i.rt_wqueue_add) for rt_wqueue_add
    waitqueue.o(i.rt_wqueue_wait) refers to thread.o(i.rt_thread_suspend) for rt_thread_suspend
    waitqueue.o(i.rt_wqueue_wait) refers to timer.o(i.rt_timer_control) for rt_timer_control
    waitqueue.o(i.rt_wqueue_wait) refers to timer.o(i.rt_timer_start) for rt_timer_start
    waitqueue.o(i.rt_wqueue_wait) refers to scheduler.o(i.rt_schedule) for rt_schedule
    waitqueue.o(i.rt_wqueue_wait) refers to waitqueue.o(i.rt_wqueue_remove) for rt_wqueue_remove
    waitqueue.o(i.rt_wqueue_wait) refers to waitqueue.o(.constdata) for __FUNCTION__
    waitqueue.o(i.rt_wqueue_wait) refers to waitqueue.o(i.__wqueue_default_wake) for __wqueue_default_wake
    waitqueue.o(i.rt_wqueue_wakeup) refers to context_rvds.o(.text) for rt_hw_interrupt_disable
    waitqueue.o(i.rt_wqueue_wakeup) refers to thread.o(i.rt_thread_resume) for rt_thread_resume
    waitqueue.o(i.rt_wqueue_wakeup) refers to waitqueue.o(i.rt_wqueue_remove) for rt_wqueue_remove
    waitqueue.o(i.rt_wqueue_wakeup) refers to scheduler.o(i.rt_schedule) for rt_schedule
    workqueue.o(i._delayed_work_timeout_handler) refers to context_rvds.o(.text) for rt_hw_interrupt_disable
    workqueue.o(i._delayed_work_timeout_handler) refers to timer.o(i.rt_timer_stop) for rt_timer_stop
    workqueue.o(i._delayed_work_timeout_handler) refers to timer.o(i.rt_timer_detach) for rt_timer_detach
    workqueue.o(i._delayed_work_timeout_handler) refers to workqueue.o(i._workqueue_submit_work) for _workqueue_submit_work
    workqueue.o(i._workqueue_cancel_delayed_work) refers to workqueue.o(i._workqueue_cancel_work) for _workqueue_cancel_work
    workqueue.o(i._workqueue_cancel_delayed_work) refers to context_rvds.o(.text) for rt_hw_interrupt_disable
    workqueue.o(i._workqueue_cancel_delayed_work) refers to timer.o(i.rt_timer_stop) for rt_timer_stop
    workqueue.o(i._workqueue_cancel_delayed_work) refers to timer.o(i.rt_timer_detach) for rt_timer_detach
    workqueue.o(i._workqueue_cancel_work) refers to context_rvds.o(.text) for rt_hw_interrupt_disable
    workqueue.o(i._workqueue_cancel_work) refers to workqueue.o(i.rt_list_remove) for rt_list_remove
    workqueue.o(i._workqueue_submit_delayed_work) refers to workqueue.o(i._workqueue_cancel_delayed_work) for _workqueue_cancel_delayed_work
    workqueue.o(i._workqueue_submit_delayed_work) refers to context_rvds.o(.text) for rt_hw_interrupt_disable
    workqueue.o(i._workqueue_submit_delayed_work) refers to workqueue.o(i._workqueue_submit_work) for _workqueue_submit_work
    workqueue.o(i._workqueue_submit_delayed_work) refers to timer.o(i.rt_timer_init) for rt_timer_init
    workqueue.o(i._workqueue_submit_delayed_work) refers to timer.o(i.rt_timer_start) for rt_timer_start
    workqueue.o(i._workqueue_submit_delayed_work) refers to workqueue.o(i._delayed_work_timeout_handler) for _delayed_work_timeout_handler
    workqueue.o(i._workqueue_submit_work) refers to context_rvds.o(.text) for rt_hw_interrupt_disable
    workqueue.o(i._workqueue_submit_work) refers to workqueue.o(i.rt_list_remove) for rt_list_remove
    workqueue.o(i._workqueue_submit_work) refers to workqueue.o(i.rt_list_insert_after) for rt_list_insert_after
    workqueue.o(i._workqueue_submit_work) refers to thread.o(i.rt_thread_resume) for rt_thread_resume
    workqueue.o(i._workqueue_submit_work) refers to scheduler.o(i.rt_schedule) for rt_schedule
    workqueue.o(i._workqueue_thread_entry) refers to kservice.o(i.rt_assert_handler) for rt_assert_handler
    workqueue.o(i._workqueue_thread_entry) refers to thread.o(i.rt_thread_self) for rt_thread_self
    workqueue.o(i._workqueue_thread_entry) refers to thread.o(i.rt_thread_suspend) for rt_thread_suspend
    workqueue.o(i._workqueue_thread_entry) refers to scheduler.o(i.rt_schedule) for rt_schedule
    workqueue.o(i._workqueue_thread_entry) refers to context_rvds.o(.text) for rt_hw_interrupt_disable
    workqueue.o(i._workqueue_thread_entry) refers to workqueue.o(i.rt_list_remove) for rt_list_remove
    workqueue.o(i._workqueue_thread_entry) refers to scheduler.o(i.rt_enter_critical) for rt_enter_critical
    workqueue.o(i._workqueue_thread_entry) refers to ipc.o(i.rt_sem_trytake) for rt_sem_trytake
    workqueue.o(i._workqueue_thread_entry) refers to ipc.o(i.rt_sem_release) for rt_sem_release
    workqueue.o(i._workqueue_thread_entry) refers to scheduler.o(i.rt_exit_critical) for rt_exit_critical
    workqueue.o(i._workqueue_thread_entry) refers to workqueue.o(.constdata) for __FUNCTION__
    workqueue.o(i.rt_delayed_work_init) refers to workqueue.o(i.rt_list_init) for rt_list_init
    workqueue.o(i.rt_workqueue_cancel_all_work) refers to kservice.o(i.rt_assert_handler) for rt_assert_handler
    workqueue.o(i.rt_workqueue_cancel_all_work) refers to scheduler.o(i.rt_enter_critical) for rt_enter_critical
    workqueue.o(i.rt_workqueue_cancel_all_work) refers to workqueue.o(i.rt_list_remove) for rt_list_remove
    workqueue.o(i.rt_workqueue_cancel_all_work) refers to scheduler.o(i.rt_exit_critical) for rt_exit_critical
    workqueue.o(i.rt_workqueue_cancel_all_work) refers to workqueue.o(.constdata) for __FUNCTION__
    workqueue.o(i.rt_workqueue_cancel_work) refers to kservice.o(i.rt_assert_handler) for rt_assert_handler
    workqueue.o(i.rt_workqueue_cancel_work) refers to workqueue.o(i._workqueue_cancel_delayed_work) for _workqueue_cancel_delayed_work
    workqueue.o(i.rt_workqueue_cancel_work) refers to workqueue.o(i._workqueue_cancel_work) for _workqueue_cancel_work
    workqueue.o(i.rt_workqueue_cancel_work) refers to workqueue.o(.constdata) for __FUNCTION__
    workqueue.o(i.rt_workqueue_cancel_work_sync) refers to kservice.o(i.rt_assert_handler) for rt_assert_handler
    workqueue.o(i.rt_workqueue_cancel_work_sync) refers to context_rvds.o(.text) for rt_hw_interrupt_disable
    workqueue.o(i.rt_workqueue_cancel_work_sync) refers to ipc.o(i.rt_sem_take) for rt_sem_take
    workqueue.o(i.rt_workqueue_cancel_work_sync) refers to workqueue.o(i.rt_list_remove) for rt_list_remove
    workqueue.o(i.rt_workqueue_cancel_work_sync) refers to workqueue.o(.constdata) for __FUNCTION__
    workqueue.o(i.rt_workqueue_create) refers to mem.o(i.rt_malloc) for rt_malloc
    workqueue.o(i.rt_workqueue_create) refers to workqueue.o(i.rt_list_init) for rt_list_init
    workqueue.o(i.rt_workqueue_create) refers to ipc.o(i.rt_sem_init) for rt_sem_init
    workqueue.o(i.rt_workqueue_create) refers to thread.o(i.rt_thread_create) for rt_thread_create
    workqueue.o(i.rt_workqueue_create) refers to mem.o(i.rt_free) for rt_free
    workqueue.o(i.rt_workqueue_create) refers to thread.o(i.rt_thread_startup) for rt_thread_startup
    workqueue.o(i.rt_workqueue_create) refers to workqueue.o(i._workqueue_thread_entry) for _workqueue_thread_entry
    workqueue.o(i.rt_workqueue_critical_work) refers to kservice.o(i.rt_assert_handler) for rt_assert_handler
    workqueue.o(i.rt_workqueue_critical_work) refers to context_rvds.o(.text) for rt_hw_interrupt_disable
    workqueue.o(i.rt_workqueue_critical_work) refers to workqueue.o(i.rt_list_remove) for rt_list_remove
    workqueue.o(i.rt_workqueue_critical_work) refers to workqueue.o(i.rt_list_insert_after) for rt_list_insert_after
    workqueue.o(i.rt_workqueue_critical_work) refers to thread.o(i.rt_thread_resume) for rt_thread_resume
    workqueue.o(i.rt_workqueue_critical_work) refers to scheduler.o(i.rt_schedule) for rt_schedule
    workqueue.o(i.rt_workqueue_critical_work) refers to workqueue.o(.constdata) for __FUNCTION__
    workqueue.o(i.rt_workqueue_destroy) refers to kservice.o(i.rt_assert_handler) for rt_assert_handler
    workqueue.o(i.rt_workqueue_destroy) refers to thread.o(i.rt_thread_delete) for rt_thread_delete
    workqueue.o(i.rt_workqueue_destroy) refers to mem.o(i.rt_free) for rt_free
    workqueue.o(i.rt_workqueue_destroy) refers to workqueue.o(.constdata) for __FUNCTION__
    workqueue.o(i.rt_workqueue_dowork) refers to kservice.o(i.rt_assert_handler) for rt_assert_handler
    workqueue.o(i.rt_workqueue_dowork) refers to workqueue.o(i._workqueue_submit_work) for _workqueue_submit_work
    workqueue.o(i.rt_workqueue_dowork) refers to workqueue.o(.constdata) for __FUNCTION__
    workqueue.o(i.rt_workqueue_submit_work) refers to kservice.o(i.rt_assert_handler) for rt_assert_handler
    workqueue.o(i.rt_workqueue_submit_work) refers to workqueue.o(i._workqueue_submit_delayed_work) for _workqueue_submit_delayed_work
    workqueue.o(i.rt_workqueue_submit_work) refers to workqueue.o(i._workqueue_submit_work) for _workqueue_submit_work
    workqueue.o(i.rt_workqueue_submit_work) refers to workqueue.o(.constdata) for __FUNCTION__
    entry.o(.ARM.Collect$$$$00000000) refers (Special) to entry10a.o(.ARM.Collect$$$$0000000F) for __rt_final_cpp
    entry.o(.ARM.Collect$$$$00000000) refers (Special) to entry11a.o(.ARM.Collect$$$$00000011) for __rt_final_exit
    entry.o(.ARM.Collect$$$$00000000) refers (Special) to entry12b.o(.ARM.Collect$$$$0000000E) for __rt_lib_shutdown_fini
    entry.o(.ARM.Collect$$$$00000000) refers (Special) to entry7b.o(.ARM.Collect$$$$00000008) for _main_clock
    entry.o(.ARM.Collect$$$$00000000) refers (Special) to entry8b.o(.ARM.Collect$$$$0000000A) for _main_cpp_init
    entry.o(.ARM.Collect$$$$00000000) refers (Special) to entry9a.o(.ARM.Collect$$$$0000000B) for _main_init
    entry.o(.ARM.Collect$$$$00000000) refers (Special) to entry5.o(.ARM.Collect$$$$00000004) for _main_scatterload
    entry.o(.ARM.Collect$$$$00000000) refers (Special) to entry2.o(.ARM.Collect$$$$00000001) for _main_stk
    rand.o(.text) refers to rand.o(.data) for .data
    printfb.o(i.__0fprintf$bare) refers to printfb.o(i._printf_core) for _printf_core
    printfb.o(i.__0fprintf$bare) refers to fputc.o(i.fputc) for fputc
    printfb.o(i.__0printf$bare) refers to printfb.o(i._printf_core) for _printf_core
    printfb.o(i.__0printf$bare) refers to fputc.o(i.fputc) for fputc
    printfb.o(i.__0printf$bare) refers to stdout.o(.data) for __stdout
    printfb.o(i.__0snprintf$bare) refers to printfb.o(i._printf_core) for _printf_core
    printfb.o(i.__0snprintf$bare) refers to printfb.o(i._snputc) for _snputc
    printfb.o(i.__0sprintf$bare) refers to printfb.o(i._printf_core) for _printf_core
    printfb.o(i.__0sprintf$bare) refers to printfb.o(i._sputc) for _sputc
    printfb.o(i.__0vfprintf$bare) refers to printfb.o(i._printf_core) for _printf_core
    printfb.o(i.__0vfprintf$bare) refers to fputc.o(i.fputc) for fputc
    printfb.o(i.__0vprintf$bare) refers to printfb.o(i._printf_core) for _printf_core
    printfb.o(i.__0vprintf$bare) refers to fputc.o(i.fputc) for fputc
    printfb.o(i.__0vprintf$bare) refers to stdout.o(.data) for __stdout
    printfb.o(i.__0vsnprintf$bare) refers to printfb.o(i._printf_core) for _printf_core
    printfb.o(i.__0vsnprintf$bare) refers to printfb.o(i._snputc) for _snputc
    printfb.o(i.__0vsprintf$bare) refers to printfb.o(i._printf_core) for _printf_core
    printfb.o(i.__0vsprintf$bare) refers to printfb.o(i._sputc) for _sputc
    printf0.o(i.__0fprintf$0) refers to printf0.o(i._printf_core) for _printf_core
    printf0.o(i.__0fprintf$0) refers to fputc.o(i.fputc) for fputc
    printf0.o(i.__0printf$0) refers to printf0.o(i._printf_core) for _printf_core
    printf0.o(i.__0printf$0) refers to fputc.o(i.fputc) for fputc
    printf0.o(i.__0printf$0) refers to stdout.o(.data) for __stdout
    printf0.o(i.__0snprintf$0) refers to printf0.o(i._printf_core) for _printf_core
    printf0.o(i.__0snprintf$0) refers to printf0.o(i._snputc) for _snputc
    printf0.o(i.__0sprintf$0) refers to printf0.o(i._printf_core) for _printf_core
    printf0.o(i.__0sprintf$0) refers to printf0.o(i._sputc) for _sputc
    printf0.o(i.__0vfprintf$0) refers to printf0.o(i._printf_core) for _printf_core
    printf0.o(i.__0vfprintf$0) refers to fputc.o(i.fputc) for fputc
    printf0.o(i.__0vprintf$0) refers to printf0.o(i._printf_core) for _printf_core
    printf0.o(i.__0vprintf$0) refers to fputc.o(i.fputc) for fputc
    printf0.o(i.__0vprintf$0) refers to stdout.o(.data) for __stdout
    printf0.o(i.__0vsnprintf$0) refers to printf0.o(i._printf_core) for _printf_core
    printf0.o(i.__0vsnprintf$0) refers to printf0.o(i._snputc) for _snputc
    printf0.o(i.__0vsprintf$0) refers to printf0.o(i._printf_core) for _printf_core
    printf0.o(i.__0vsprintf$0) refers to printf0.o(i._sputc) for _sputc
    printf1.o(i.__0fprintf$1) refers to printf1.o(i._printf_core) for _printf_core
    printf1.o(i.__0fprintf$1) refers to fputc.o(i.fputc) for fputc
    printf1.o(i.__0printf$1) refers to printf1.o(i._printf_core) for _printf_core
    printf1.o(i.__0printf$1) refers to fputc.o(i.fputc) for fputc
    printf1.o(i.__0printf$1) refers to stdout.o(.data) for __stdout
    printf1.o(i.__0snprintf$1) refers to printf1.o(i._printf_core) for _printf_core
    printf1.o(i.__0snprintf$1) refers to printf1.o(i._snputc) for _snputc
    printf1.o(i.__0sprintf$1) refers to printf1.o(i._printf_core) for _printf_core
    printf1.o(i.__0sprintf$1) refers to printf1.o(i._sputc) for _sputc
    printf1.o(i.__0vfprintf$1) refers to printf1.o(i._printf_core) for _printf_core
    printf1.o(i.__0vfprintf$1) refers to fputc.o(i.fputc) for fputc
    printf1.o(i.__0vprintf$1) refers to printf1.o(i._printf_core) for _printf_core
    printf1.o(i.__0vprintf$1) refers to fputc.o(i.fputc) for fputc
    printf1.o(i.__0vprintf$1) refers to stdout.o(.data) for __stdout
    printf1.o(i.__0vsnprintf$1) refers to printf1.o(i._printf_core) for _printf_core
    printf1.o(i.__0vsnprintf$1) refers to printf1.o(i._snputc) for _snputc
    printf1.o(i.__0vsprintf$1) refers to printf1.o(i._printf_core) for _printf_core
    printf1.o(i.__0vsprintf$1) refers to printf1.o(i._sputc) for _sputc
    printf1.o(i._printf_core) refers to uidiv.o(.text) for __aeabi_uidivmod
    printf2.o(i.__0fprintf$2) refers to printf2.o(i._printf_core) for _printf_core
    printf2.o(i.__0fprintf$2) refers to fputc.o(i.fputc) for fputc
    printf2.o(i.__0printf$2) refers to printf2.o(i._printf_core) for _printf_core
    printf2.o(i.__0printf$2) refers to fputc.o(i.fputc) for fputc
    printf2.o(i.__0printf$2) refers to stdout.o(.data) for __stdout
    printf2.o(i.__0snprintf$2) refers to printf2.o(i._printf_core) for _printf_core
    printf2.o(i.__0snprintf$2) refers to printf2.o(i._snputc) for _snputc
    printf2.o(i.__0sprintf$2) refers to printf2.o(i._printf_core) for _printf_core
    printf2.o(i.__0sprintf$2) refers to printf2.o(i._sputc) for _sputc
    printf2.o(i.__0vfprintf$2) refers to printf2.o(i._printf_core) for _printf_core
    printf2.o(i.__0vfprintf$2) refers to fputc.o(i.fputc) for fputc
    printf2.o(i.__0vprintf$2) refers to printf2.o(i._printf_core) for _printf_core
    printf2.o(i.__0vprintf$2) refers to fputc.o(i.fputc) for fputc
    printf2.o(i.__0vprintf$2) refers to stdout.o(.data) for __stdout
    printf2.o(i.__0vsnprintf$2) refers to printf2.o(i._printf_core) for _printf_core
    printf2.o(i.__0vsnprintf$2) refers to printf2.o(i._snputc) for _snputc
    printf2.o(i.__0vsprintf$2) refers to printf2.o(i._printf_core) for _printf_core
    printf2.o(i.__0vsprintf$2) refers to printf2.o(i._sputc) for _sputc
    printf3.o(i.__0fprintf$3) refers to printf3.o(i._printf_core) for _printf_core
    printf3.o(i.__0fprintf$3) refers to fputc.o(i.fputc) for fputc
    printf3.o(i.__0printf$3) refers to printf3.o(i._printf_core) for _printf_core
    printf3.o(i.__0printf$3) refers to fputc.o(i.fputc) for fputc
    printf3.o(i.__0printf$3) refers to stdout.o(.data) for __stdout
    printf3.o(i.__0snprintf$3) refers to printf3.o(i._printf_core) for _printf_core
    printf3.o(i.__0snprintf$3) refers to printf3.o(i._snputc) for _snputc
    printf3.o(i.__0sprintf$3) refers to printf3.o(i._printf_core) for _printf_core
    printf3.o(i.__0sprintf$3) refers to printf3.o(i._sputc) for _sputc
    printf3.o(i.__0vfprintf$3) refers to printf3.o(i._printf_core) for _printf_core
    printf3.o(i.__0vfprintf$3) refers to fputc.o(i.fputc) for fputc
    printf3.o(i.__0vprintf$3) refers to printf3.o(i._printf_core) for _printf_core
    printf3.o(i.__0vprintf$3) refers to fputc.o(i.fputc) for fputc
    printf3.o(i.__0vprintf$3) refers to stdout.o(.data) for __stdout
    printf3.o(i.__0vsnprintf$3) refers to printf3.o(i._printf_core) for _printf_core
    printf3.o(i.__0vsnprintf$3) refers to printf3.o(i._snputc) for _snputc
    printf3.o(i.__0vsprintf$3) refers to printf3.o(i._printf_core) for _printf_core
    printf3.o(i.__0vsprintf$3) refers to printf3.o(i._sputc) for _sputc
    printf3.o(i._printf_core) refers to uidiv.o(.text) for __aeabi_uidivmod
    printf4.o(i.__0fprintf$4) refers to printf4.o(i._printf_core) for _printf_core
    printf4.o(i.__0fprintf$4) refers to fputc.o(i.fputc) for fputc
    printf4.o(i.__0printf$4) refers to printf4.o(i._printf_core) for _printf_core
    printf4.o(i.__0printf$4) refers to fputc.o(i.fputc) for fputc
    printf4.o(i.__0printf$4) refers to stdout.o(.data) for __stdout
    printf4.o(i.__0snprintf$4) refers to printf4.o(i._printf_core) for _printf_core
    printf4.o(i.__0snprintf$4) refers to printf4.o(i._snputc) for _snputc
    printf4.o(i.__0sprintf$4) refers to printf4.o(i._printf_core) for _printf_core
    printf4.o(i.__0sprintf$4) refers to printf4.o(i._sputc) for _sputc
    printf4.o(i.__0vfprintf$4) refers to printf4.o(i._printf_core) for _printf_core
    printf4.o(i.__0vfprintf$4) refers to fputc.o(i.fputc) for fputc
    printf4.o(i.__0vprintf$4) refers to printf4.o(i._printf_core) for _printf_core
    printf4.o(i.__0vprintf$4) refers to fputc.o(i.fputc) for fputc
    printf4.o(i.__0vprintf$4) refers to stdout.o(.data) for __stdout
    printf4.o(i.__0vsnprintf$4) refers to printf4.o(i._printf_core) for _printf_core
    printf4.o(i.__0vsnprintf$4) refers to printf4.o(i._snputc) for _snputc
    printf4.o(i.__0vsprintf$4) refers to printf4.o(i._printf_core) for _printf_core
    printf4.o(i.__0vsprintf$4) refers to printf4.o(i._sputc) for _sputc
    printf4.o(i._printf_core) refers to uldiv.o(.text) for __aeabi_uldivmod
    printf5.o(i.__0fprintf$5) refers to printf5.o(i._printf_core) for _printf_core
    printf5.o(i.__0fprintf$5) refers to fputc.o(i.fputc) for fputc
    printf5.o(i.__0printf$5) refers to printf5.o(i._printf_core) for _printf_core
    printf5.o(i.__0printf$5) refers to fputc.o(i.fputc) for fputc
    printf5.o(i.__0printf$5) refers to stdout.o(.data) for __stdout
    printf5.o(i.__0snprintf$5) refers to printf5.o(i._printf_core) for _printf_core
    printf5.o(i.__0snprintf$5) refers to printf5.o(i._snputc) for _snputc
    printf5.o(i.__0sprintf$5) refers to printf5.o(i._printf_core) for _printf_core
    printf5.o(i.__0sprintf$5) refers to printf5.o(i._sputc) for _sputc
    printf5.o(i.__0vfprintf$5) refers to printf5.o(i._printf_core) for _printf_core
    printf5.o(i.__0vfprintf$5) refers to fputc.o(i.fputc) for fputc
    printf5.o(i.__0vprintf$5) refers to printf5.o(i._printf_core) for _printf_core
    printf5.o(i.__0vprintf$5) refers to fputc.o(i.fputc) for fputc
    printf5.o(i.__0vprintf$5) refers to stdout.o(.data) for __stdout
    printf5.o(i.__0vsnprintf$5) refers to printf5.o(i._printf_core) for _printf_core
    printf5.o(i.__0vsnprintf$5) refers to printf5.o(i._snputc) for _snputc
    printf5.o(i.__0vsprintf$5) refers to printf5.o(i._printf_core) for _printf_core
    printf5.o(i.__0vsprintf$5) refers to printf5.o(i._sputc) for _sputc
    printf5.o(i._printf_core) refers to uldiv.o(.text) for __aeabi_uldivmod
    printf6.o(i.__0fprintf$6) refers to printf6.o(i._printf_core) for _printf_core
    printf6.o(i.__0fprintf$6) refers to fputc.o(i.fputc) for fputc
    printf6.o(i.__0printf$6) refers to printf6.o(i._printf_core) for _printf_core
    printf6.o(i.__0printf$6) refers to fputc.o(i.fputc) for fputc
    printf6.o(i.__0printf$6) refers to stdout.o(.data) for __stdout
    printf6.o(i.__0snprintf$6) refers to printf6.o(i._printf_core) for _printf_core
    printf6.o(i.__0snprintf$6) refers to printf6.o(i._snputc) for _snputc
    printf6.o(i.__0sprintf$6) refers to printf6.o(i._printf_core) for _printf_core
    printf6.o(i.__0sprintf$6) refers to printf6.o(i._sputc) for _sputc
    printf6.o(i.__0vfprintf$6) refers to printf6.o(i._printf_core) for _printf_core
    printf6.o(i.__0vfprintf$6) refers to fputc.o(i.fputc) for fputc
    printf6.o(i.__0vprintf$6) refers to printf6.o(i._printf_core) for _printf_core
    printf6.o(i.__0vprintf$6) refers to fputc.o(i.fputc) for fputc
    printf6.o(i.__0vprintf$6) refers to stdout.o(.data) for __stdout
    printf6.o(i.__0vsnprintf$6) refers to printf6.o(i._printf_core) for _printf_core
    printf6.o(i.__0vsnprintf$6) refers to printf6.o(i._snputc) for _snputc
    printf6.o(i.__0vsprintf$6) refers to printf6.o(i._printf_core) for _printf_core
    printf6.o(i.__0vsprintf$6) refers to printf6.o(i._sputc) for _sputc
    printf6.o(i._printf_core) refers to printf6.o(i._printf_pre_padding) for _printf_pre_padding
    printf6.o(i._printf_core) refers to uidiv.o(.text) for __aeabi_uidivmod
    printf6.o(i._printf_core) refers to printf6.o(i._printf_post_padding) for _printf_post_padding
    printf7.o(i.__0fprintf$7) refers to printf7.o(i._printf_core) for _printf_core
    printf7.o(i.__0fprintf$7) refers to fputc.o(i.fputc) for fputc
    printf7.o(i.__0printf$7) refers to printf7.o(i._printf_core) for _printf_core
    printf7.o(i.__0printf$7) refers to fputc.o(i.fputc) for fputc
    printf7.o(i.__0printf$7) refers to stdout.o(.data) for __stdout
    printf7.o(i.__0snprintf$7) refers to printf7.o(i._printf_core) for _printf_core
    printf7.o(i.__0snprintf$7) refers to printf7.o(i._snputc) for _snputc
    printf7.o(i.__0sprintf$7) refers to printf7.o(i._printf_core) for _printf_core
    printf7.o(i.__0sprintf$7) refers to printf7.o(i._sputc) for _sputc
    printf7.o(i.__0vfprintf$7) refers to printf7.o(i._printf_core) for _printf_core
    printf7.o(i.__0vfprintf$7) refers to fputc.o(i.fputc) for fputc
    printf7.o(i.__0vprintf$7) refers to printf7.o(i._printf_core) for _printf_core
    printf7.o(i.__0vprintf$7) refers to fputc.o(i.fputc) for fputc
    printf7.o(i.__0vprintf$7) refers to stdout.o(.data) for __stdout
    printf7.o(i.__0vsnprintf$7) refers to printf7.o(i._printf_core) for _printf_core
    printf7.o(i.__0vsnprintf$7) refers to printf7.o(i._snputc) for _snputc
    printf7.o(i.__0vsprintf$7) refers to printf7.o(i._printf_core) for _printf_core
    printf7.o(i.__0vsprintf$7) refers to printf7.o(i._sputc) for _sputc
    printf7.o(i._printf_core) refers to printf7.o(i._printf_pre_padding) for _printf_pre_padding
    printf7.o(i._printf_core) refers to uldiv.o(.text) for __aeabi_uldivmod
    printf7.o(i._printf_core) refers to printf7.o(i._printf_post_padding) for _printf_post_padding
    printf8.o(i.__0fprintf$8) refers to printf8.o(i._printf_core) for _printf_core
    printf8.o(i.__0fprintf$8) refers to fputc.o(i.fputc) for fputc
    printf8.o(i.__0printf$8) refers to printf8.o(i._printf_core) for _printf_core
    printf8.o(i.__0printf$8) refers to fputc.o(i.fputc) for fputc
    printf8.o(i.__0printf$8) refers to stdout.o(.data) for __stdout
    printf8.o(i.__0snprintf$8) refers to printf8.o(i._printf_core) for _printf_core
    printf8.o(i.__0snprintf$8) refers to printf8.o(i._snputc) for _snputc
    printf8.o(i.__0sprintf$8) refers to printf8.o(i._printf_core) for _printf_core
    printf8.o(i.__0sprintf$8) refers to printf8.o(i._sputc) for _sputc
    printf8.o(i.__0vfprintf$8) refers to printf8.o(i._printf_core) for _printf_core
    printf8.o(i.__0vfprintf$8) refers to fputc.o(i.fputc) for fputc
    printf8.o(i.__0vprintf$8) refers to printf8.o(i._printf_core) for _printf_core
    printf8.o(i.__0vprintf$8) refers to fputc.o(i.fputc) for fputc
    printf8.o(i.__0vprintf$8) refers to stdout.o(.data) for __stdout
    printf8.o(i.__0vsnprintf$8) refers to printf8.o(i._printf_core) for _printf_core
    printf8.o(i.__0vsnprintf$8) refers to printf8.o(i._snputc) for _snputc
    printf8.o(i.__0vsprintf$8) refers to printf8.o(i._printf_core) for _printf_core
    printf8.o(i.__0vsprintf$8) refers to printf8.o(i._sputc) for _sputc
    printf8.o(i._printf_core) refers to printf8.o(i._printf_pre_padding) for _printf_pre_padding
    printf8.o(i._printf_core) refers to uldiv.o(.text) for __aeabi_uldivmod
    printf8.o(i._printf_core) refers to printf8.o(i._printf_post_padding) for _printf_post_padding
    printfa.o(i.__0fprintf) refers (Special) to iusefp.o(.text) for __I$use$fp
    printfa.o(i.__0fprintf) refers to printfa.o(i._printf_core) for _printf_core
    printfa.o(i.__0fprintf) refers to fputc.o(i.fputc) for fputc
    printfa.o(i.__0printf) refers (Special) to iusefp.o(.text) for __I$use$fp
    printfa.o(i.__0printf) refers to printfa.o(i._printf_core) for _printf_core
    printfa.o(i.__0printf) refers to fputc.o(i.fputc) for fputc
    printfa.o(i.__0printf) refers to stdout.o(.data) for __stdout
    printfa.o(i.__0snprintf) refers (Special) to iusefp.o(.text) for __I$use$fp
    printfa.o(i.__0snprintf) refers to printfa.o(i._printf_core) for _printf_core
    printfa.o(i.__0snprintf) refers to printfa.o(i._snputc) for _snputc
    printfa.o(i.__0sprintf) refers (Special) to iusefp.o(.text) for __I$use$fp
    printfa.o(i.__0sprintf) refers to printfa.o(i._printf_core) for _printf_core
    printfa.o(i.__0sprintf) refers to printfa.o(i._sputc) for _sputc
    printfa.o(i.__0vfprintf) refers (Special) to iusefp.o(.text) for __I$use$fp
    printfa.o(i.__0vfprintf) refers to printfa.o(i._printf_core) for _printf_core
    printfa.o(i.__0vfprintf) refers to fputc.o(i.fputc) for fputc
    printfa.o(i.__0vprintf) refers (Special) to iusefp.o(.text) for __I$use$fp
    printfa.o(i.__0vprintf) refers to printfa.o(i._printf_core) for _printf_core
    printfa.o(i.__0vprintf) refers to fputc.o(i.fputc) for fputc
    printfa.o(i.__0vprintf) refers to stdout.o(.data) for __stdout
    printfa.o(i.__0vsnprintf) refers (Special) to iusefp.o(.text) for __I$use$fp
    printfa.o(i.__0vsnprintf) refers to printfa.o(i._printf_core) for _printf_core
    printfa.o(i.__0vsnprintf) refers to printfa.o(i._snputc) for _snputc
    printfa.o(i.__0vsprintf) refers (Special) to iusefp.o(.text) for __I$use$fp
    printfa.o(i.__0vsprintf) refers to printfa.o(i._printf_core) for _printf_core
    printfa.o(i.__0vsprintf) refers to printfa.o(i._sputc) for _sputc
    printfa.o(i._fp_digits) refers (Special) to iusefp.o(.text) for __I$use$fp
    printfa.o(i._fp_digits) refers to dmul.o(.text) for __aeabi_dmul
    printfa.o(i._fp_digits) refers to ddiv.o(.text) for __aeabi_ddiv
    printfa.o(i._fp_digits) refers to cdrcmple.o(.text) for __aeabi_cdrcmple
    printfa.o(i._fp_digits) refers to dadd.o(.text) for __aeabi_dadd
    printfa.o(i._fp_digits) refers to dfixul.o(.text) for __aeabi_d2ulz
    printfa.o(i._fp_digits) refers to uldiv.o(.text) for __aeabi_uldivmod
    printfa.o(i._printf_core) refers (Special) to iusefp.o(.text) for __I$use$fp
    printfa.o(i._printf_core) refers to printfa.o(i._printf_pre_padding) for _printf_pre_padding
    printfa.o(i._printf_core) refers to uldiv.o(.text) for __aeabi_uldivmod
    printfa.o(i._printf_core) refers to printfa.o(i._printf_post_padding) for _printf_post_padding
    printfa.o(i._printf_core) refers to printfa.o(i._fp_digits) for _fp_digits
    printfa.o(i._printf_core) refers to uidiv.o(.text) for __aeabi_uidivmod
    printfa.o(i._printf_post_padding) refers (Special) to iusefp.o(.text) for __I$use$fp
    printfa.o(i._printf_pre_padding) refers (Special) to iusefp.o(.text) for __I$use$fp
    printfa.o(i._snputc) refers (Special) to iusefp.o(.text) for __I$use$fp
    printfa.o(i._sputc) refers (Special) to iusefp.o(.text) for __I$use$fp
    atoi.o(.text) refers to errno.o(i.__aeabi_errno_addr) for __aeabi_errno_addr
    atoi.o(.text) refers to strtol.o(.text) for strtol
    fadd.o(.text) refers (Special) to iusefp.o(.text) for __I$use$fp
    fadd.o(.text) refers to fepilogue.o(.text) for _float_epilogue
    fmul.o(.text) refers (Special) to iusefp.o(.text) for __I$use$fp
    fdiv.o(.text) refers (Special) to iusefp.o(.text) for __I$use$fp
    fdiv.o(.text) refers to fepilogue.o(.text) for _float_round
    dadd.o(.text) refers (Special) to iusefp.o(.text) for __I$use$fp
    dadd.o(.text) refers to llshl.o(.text) for __aeabi_llsl
    dadd.o(.text) refers to llsshr.o(.text) for __aeabi_lasr
    dadd.o(.text) refers to depilogue.o(.text) for _double_epilogue
    dmul.o(.text) refers (Special) to iusefp.o(.text) for __I$use$fp
    dmul.o(.text) refers to depilogue.o(.text) for _double_epilogue
    ddiv.o(.text) refers (Special) to iusefp.o(.text) for __I$use$fp
    ddiv.o(.text) refers to depilogue.o(.text) for _double_round
    fflti.o(.text) refers (Special) to iusefp.o(.text) for __I$use$fp
    fflti.o(.text) refers to fepilogue.o(.text) for _float_epilogue
    ffltui.o(.text) refers (Special) to iusefp.o(.text) for __I$use$fp
    ffltui.o(.text) refers to fepilogue.o(.text) for _float_epilogue
    dfixui.o(.text) refers (Special) to iusefp.o(.text) for __I$use$fp
    dfixui.o(.text) refers to llushr.o(.text) for __aeabi_llsr
    f2d.o(.text) refers (Special) to iusefp.o(.text) for __I$use$fp
    d2f.o(.text) refers (Special) to iusefp.o(.text) for __I$use$fp
    d2f.o(.text) refers to fepilogue.o(.text) for _float_round
    cfcmple.o(.text) refers (Special) to iusefp.o(.text) for __I$use$fp
    cfrcmple.o(.text) refers (Special) to iusefp.o(.text) for __I$use$fp
    entry2.o(.ARM.Collect$$$$00000001) refers to entry2.o(.ARM.Collect$$$$00002712) for __lit__00000000
    entry2.o(.ARM.Collect$$$$00002712) refers to startup_stm32f10x_md.o(STACK) for __initial_sp
    entry2.o(__vectab_stack_and_reset_area) refers to startup_stm32f10x_md.o(STACK) for __initial_sp
    entry2.o(__vectab_stack_and_reset_area) refers to entry.o(.ARM.Collect$$$$00000000) for __main
    entry5.o(.ARM.Collect$$$$00000004) refers to init.o(.text) for __scatterload
    entry9a.o(.ARM.Collect$$$$0000000B) refers to components.o(i.$Sub$$main) for main
    entry9b.o(.ARM.Collect$$$$0000000C) refers to components.o(i.$Sub$$main) for main
    fputc.o(i.fputc) refers (Special) to iusesemip.o(.text) for __I$use$semihosting$fputc
    fputc.o(i.fputc) refers (Special) to semi.o(.text) for __semihosting_library_function
    uldiv.o(.text) refers to llushr.o(.text) for __aeabi_llsr
    uldiv.o(.text) refers to llshl.o(.text) for __aeabi_llsl
    errno.o(i.__aeabi_errno_addr) refers to errno.o(.data) for .data
    errno.o(i.__read_errno) refers to errno.o(.data) for .data
    errno.o(i.__set_errno) refers to errno.o(.data) for .data
    strtol.o(.text) refers to ctype_o.o(.text) for __rt_ctype_table
    strtol.o(.text) refers to _strtoul.o(.text) for _strtoul
    strtol.o(.text) refers to errno.o(i.__aeabi_errno_addr) for __aeabi_errno_addr
    depilogue.o(.text) refers to llshl.o(.text) for __aeabi_llsl
    depilogue.o(.text) refers to llushr.o(.text) for __aeabi_llsr
    dfixul.o(.text) refers to llushr.o(.text) for __aeabi_llsr
    dfixul.o(.text) refers to llshl.o(.text) for __aeabi_llsl
    init.o(.text) refers to entry5.o(.ARM.Collect$$$$00000004) for __main_after_scatterload
    ctype_o.o(.text) refers to ctype_o.o(.constdata) for .constdata
    ctype_o.o(.constdata) refers to ctype_o.o(.constdata) for __ctype_table
    isalnum_o.o(.text) refers to ctype_o.o(.text) for __rt_ctype_table
    isalpha_o.o(.text) refers to ctype_o.o(.text) for __rt_ctype_table
    isblank_o.o(.text) refers to ctype_o.o(.constdata) for __ctype_table
    iscntrl_o.o(.text) refers to ctype_o.o(.text) for __rt_ctype_table
    isdigit_o.o(.text) refers to ctype_o.o(.text) for __rt_ctype_table
    isgraph_o.o(.text) refers to ctype_o.o(.text) for __rt_ctype_table
    islower_o.o(.text) refers to ctype_o.o(.text) for __rt_ctype_table
    isprint_o.o(.text) refers to ctype_o.o(.text) for __rt_ctype_table
    ispunct_o.o(.text) refers to ctype_o.o(.text) for __rt_ctype_table
    isspace_o.o(.text) refers to ctype_o.o(.text) for __rt_ctype_table
    isupper_o.o(.text) refers to ctype_o.o(.text) for __rt_ctype_table
    isxdigit_o.o(.text) refers to ctype_o.o(.text) for __rt_ctype_table
    _strtoul.o(.text) refers to _chval.o(.text) for _chval
    _strtoul.o(.text) refers to errno.o(i.__aeabi_errno_addr) for __aeabi_errno_addr


==============================================================================

Removing Unused input sections from the image.

    Removing drv_fan.o(i.FanCtrl), (60 bytes).
    Removing drv_fan.o(i.FanInit), (76 bytes).
    Removing drv_fan.o(.data), (24 bytes).
    Removing htu21d.o(i.htu21d_get_data), (360 bytes).
    Removing htu21d.o(i.htu21d_init), (36 bytes).
    Removing htu21d.o(i.htu21d_read_reg), (64 bytes).
    Removing htu21d.o(.data), (1 bytes).
    Removing at_hw.o(i.at_uart_flush), (124 bytes).
    Removing at_hw.o(i.at_uart_send_string), (72 bytes).
    Removing at_hw.o(i.at_uart_speed), (40 bytes).
    Removing at_hw.o(i.kprintf), (52 bytes).
    Removing rf_if_hw.o(i.rf_if_NetStatus), (24 bytes).
    Removing rf_if_hw.o(i.rf_if_uart_speed), (40 bytes).
    Removing delay.o(i.delay_ms), (12 bytes).
    Removing delay.o(i.delay_us), (12 bytes).
    Removing iic.o(i.delay), (26 bytes).
    Removing iic.o(i.iic_init), (44 bytes).
    Removing iic.o(i.iic_read_buf), (114 bytes).
    Removing iic.o(i.iic_read_byte), (164 bytes).
    Removing iic.o(i.iic_recv_ack), (56 bytes).
    Removing iic.o(i.iic_send_ack), (64 bytes).
    Removing iic.o(i.iic_start), (56 bytes).
    Removing iic.o(i.iic_stop), (48 bytes).
    Removing iic.o(i.iic_write_buf), (80 bytes).
    Removing iic.o(i.iic_write_byte), (160 bytes).
    Removing iic.o(i.sda_in), (36 bytes).
    Removing iic.o(i.sda_out), (36 bytes).
    Removing iic2.o(i.iic2_init), (44 bytes).
    Removing iic2.o(i.iic2_read_buf), (126 bytes).
    Removing iic2.o(i.iic2_read_byte), (144 bytes).
    Removing iic2.o(i.iic2_start), (60 bytes).
    Removing iic2.o(i.iic2_stop), (44 bytes).
    Removing iic2.o(i.iic2_write_buf), (92 bytes).
    Removing iic2.o(i.iic2_write_byte), (144 bytes).
    Removing iic2.o(i.sda_in), (36 bytes).
    Removing iic2.o(i.sda_out), (36 bytes).
    Removing uart1.o(i.USART1_IRQHandler), (48 bytes).
    Removing uart1.o(i.uart1_init), (168 bytes).
    Removing uart1.o(i.uart1_putc), (32 bytes).
    Removing uart1.o(i.uart1_set_input), (12 bytes).
    Removing uart1.o(.data), (4 bytes).
    Removing uart2.o(i.uart2_init), (164 bytes).
    Removing uart2.o(i.uart2_putc), (32 bytes).
    Removing uart2.o(i.uart2_set_input), (12 bytes).
    Removing uart3.o(i.USART3_IRQHandler), (48 bytes).
    Removing uart3.o(i.uart3_init), (168 bytes).
    Removing uart3.o(i.uart3_putc), (32 bytes).
    Removing uart3.o(i.uart3_set_input), (12 bytes).
    Removing uart3.o(.data), (4 bytes).
    Removing serial.o(i.rt_hw_serial_dma_tx_isr), (204 bytes).
    Removing serial.o(i.rt_hw_serial_isr), (272 bytes).
    Removing serial.o(i.rt_hw_serial_register), (156 bytes).
    Removing serial.o(i.rt_serial_close), (6 bytes).
    Removing serial.o(i.rt_serial_control), (100 bytes).
    Removing serial.o(i.rt_serial_enable_dma), (72 bytes).
    Removing serial.o(i.rt_serial_init), (168 bytes).
    Removing serial.o(i.rt_serial_open), (6 bytes).
    Removing serial.o(i.rt_serial_read), (158 bytes).
    Removing serial.o(i.rt_serial_write), (276 bytes).
    Removing serial.o(.constdata), (133 bytes).
    Removing stm32f10x_it.o(i.HardFault_Handler), (4 bytes).
    Removing stm32f10x_it.o(i.PendSV_Handler), (2 bytes).
    Removing stm32f10x_it.o(i.SysTick_Handler), (2 bytes).
    Removing startup_stm32f10x_md.o(HEAP), (512 bytes).
    Removing system_stm32f10x.o(i.SystemCoreClockUpdate), (164 bytes).
    Removing misc.o(i.NVIC_SetVectorTable), (20 bytes).
    Removing misc.o(i.NVIC_SystemLPConfig), (32 bytes).
    Removing misc.o(i.SysTick_CLKSourceConfig), (40 bytes).
    Removing stm32f10x_rcc.o(i.RCC_ADCCLKConfig), (24 bytes).
    Removing stm32f10x_rcc.o(i.RCC_AdjustHSICalibrationValue), (24 bytes).
    Removing stm32f10x_rcc.o(i.RCC_BackupResetCmd), (12 bytes).
    Removing stm32f10x_rcc.o(i.RCC_ClearFlag), (20 bytes).
    Removing stm32f10x_rcc.o(i.RCC_ClearITPendingBit), (12 bytes).
    Removing stm32f10x_rcc.o(i.RCC_ClockSecuritySystemCmd), (12 bytes).
    Removing stm32f10x_rcc.o(i.RCC_DeInit), (76 bytes).
    Removing stm32f10x_rcc.o(i.RCC_GetFlagStatus), (60 bytes).
    Removing stm32f10x_rcc.o(i.RCC_GetITStatus), (24 bytes).
    Removing stm32f10x_rcc.o(i.RCC_GetSYSCLKSource), (16 bytes).
    Removing stm32f10x_rcc.o(i.RCC_HCLKConfig), (24 bytes).
    Removing stm32f10x_rcc.o(i.RCC_HSEConfig), (76 bytes).
    Removing stm32f10x_rcc.o(i.RCC_HSICmd), (12 bytes).
    Removing stm32f10x_rcc.o(i.RCC_ITConfig), (32 bytes).
    Removing stm32f10x_rcc.o(i.RCC_LSEConfig), (52 bytes).
    Removing stm32f10x_rcc.o(i.RCC_LSICmd), (12 bytes).
    Removing stm32f10x_rcc.o(i.RCC_MCOConfig), (12 bytes).
    Removing stm32f10x_rcc.o(i.RCC_PCLK1Config), (24 bytes).
    Removing stm32f10x_rcc.o(i.RCC_PCLK2Config), (24 bytes).
    Removing stm32f10x_rcc.o(i.RCC_PLLCmd), (12 bytes).
    Removing stm32f10x_rcc.o(i.RCC_PLLConfig), (28 bytes).
    Removing stm32f10x_rcc.o(i.RCC_RTCCLKCmd), (12 bytes).
    Removing stm32f10x_rcc.o(i.RCC_RTCCLKConfig), (16 bytes).
    Removing stm32f10x_rcc.o(i.RCC_SYSCLKConfig), (24 bytes).
    Removing stm32f10x_rcc.o(i.RCC_USBCLKConfig), (12 bytes).
    Removing stm32f10x_rcc.o(i.RCC_WaitForHSEStartUp), (56 bytes).
    Removing stm32f10x_gpio.o(i.GPIO_AFIODeInit), (20 bytes).
    Removing stm32f10x_gpio.o(i.GPIO_DeInit), (200 bytes).
    Removing stm32f10x_gpio.o(i.GPIO_ETH_MediaInterfaceConfig), (12 bytes).
    Removing stm32f10x_gpio.o(i.GPIO_EXTILineConfig), (64 bytes).
    Removing stm32f10x_gpio.o(i.GPIO_EventOutputCmd), (12 bytes).
    Removing stm32f10x_gpio.o(i.GPIO_EventOutputConfig), (32 bytes).
    Removing stm32f10x_gpio.o(i.GPIO_PinLockConfig), (18 bytes).
    Removing stm32f10x_gpio.o(i.GPIO_PinRemapConfig), (144 bytes).
    Removing stm32f10x_gpio.o(i.GPIO_ReadInputData), (8 bytes).
    Removing stm32f10x_gpio.o(i.GPIO_ReadOutputData), (8 bytes).
    Removing stm32f10x_gpio.o(i.GPIO_ReadOutputDataBit), (18 bytes).
    Removing stm32f10x_gpio.o(i.GPIO_StructInit), (16 bytes).
    Removing stm32f10x_gpio.o(i.GPIO_Write), (4 bytes).
    Removing stm32f10x_gpio.o(i.GPIO_WriteBit), (10 bytes).
    Removing stm32f10x_adc.o(i.ADC_AnalogWatchdogCmd), (20 bytes).
    Removing stm32f10x_adc.o(i.ADC_AnalogWatchdogSingleChannelConfig), (16 bytes).
    Removing stm32f10x_adc.o(i.ADC_AnalogWatchdogThresholdsConfig), (6 bytes).
    Removing stm32f10x_adc.o(i.ADC_AutoInjectedConvCmd), (22 bytes).
    Removing stm32f10x_adc.o(i.ADC_ClearFlag), (6 bytes).
    Removing stm32f10x_adc.o(i.ADC_ClearITPendingBit), (10 bytes).
    Removing stm32f10x_adc.o(i.ADC_Cmd), (22 bytes).
    Removing stm32f10x_adc.o(i.ADC_DMACmd), (22 bytes).
    Removing stm32f10x_adc.o(i.ADC_DeInit), (92 bytes).
    Removing stm32f10x_adc.o(i.ADC_DiscModeChannelCountConfig), (24 bytes).
    Removing stm32f10x_adc.o(i.ADC_DiscModeCmd), (22 bytes).
    Removing stm32f10x_adc.o(i.ADC_ExternalTrigConvCmd), (22 bytes).
    Removing stm32f10x_adc.o(i.ADC_ExternalTrigInjectedConvCmd), (22 bytes).
    Removing stm32f10x_adc.o(i.ADC_ExternalTrigInjectedConvConfig), (16 bytes).
    Removing stm32f10x_adc.o(i.ADC_GetCalibrationStatus), (20 bytes).
    Removing stm32f10x_adc.o(i.ADC_GetConversionValue), (8 bytes).
    Removing stm32f10x_adc.o(i.ADC_GetDualModeConversionValue), (12 bytes).
    Removing stm32f10x_adc.o(i.ADC_GetFlagStatus), (18 bytes).
    Removing stm32f10x_adc.o(i.ADC_GetITStatus), (36 bytes).
    Removing stm32f10x_adc.o(i.ADC_GetInjectedConversionValue), (28 bytes).
    Removing stm32f10x_adc.o(i.ADC_GetResetCalibrationStatus), (20 bytes).
    Removing stm32f10x_adc.o(i.ADC_GetSoftwareStartConvStatus), (20 bytes).
    Removing stm32f10x_adc.o(i.ADC_GetSoftwareStartInjectedConvCmdStatus), (20 bytes).
    Removing stm32f10x_adc.o(i.ADC_ITConfig), (24 bytes).
    Removing stm32f10x_adc.o(i.ADC_Init), (80 bytes).
    Removing stm32f10x_adc.o(i.ADC_InjectedChannelConfig), (130 bytes).
    Removing stm32f10x_adc.o(i.ADC_InjectedDiscModeCmd), (22 bytes).
    Removing stm32f10x_adc.o(i.ADC_InjectedSequencerLengthConfig), (24 bytes).
    Removing stm32f10x_adc.o(i.ADC_RegularChannelConfig), (184 bytes).
    Removing stm32f10x_adc.o(i.ADC_ResetCalibration), (10 bytes).
    Removing stm32f10x_adc.o(i.ADC_SetInjectedOffset), (20 bytes).
    Removing stm32f10x_adc.o(i.ADC_SoftwareStartConvCmd), (22 bytes).
    Removing stm32f10x_adc.o(i.ADC_SoftwareStartInjectedConvCmd), (22 bytes).
    Removing stm32f10x_adc.o(i.ADC_StartCalibration), (10 bytes).
    Removing stm32f10x_adc.o(i.ADC_StructInit), (18 bytes).
    Removing stm32f10x_adc.o(i.ADC_TempSensorVrefintCmd), (36 bytes).
    Removing stm32f10x_bkp.o(i.BKP_ClearFlag), (20 bytes).
    Removing stm32f10x_bkp.o(i.BKP_ClearITPendingBit), (20 bytes).
    Removing stm32f10x_bkp.o(i.BKP_DeInit), (16 bytes).
    Removing stm32f10x_bkp.o(i.BKP_GetFlagStatus), (12 bytes).
    Removing stm32f10x_bkp.o(i.BKP_GetITStatus), (12 bytes).
    Removing stm32f10x_bkp.o(i.BKP_ITConfig), (12 bytes).
    Removing stm32f10x_bkp.o(i.BKP_RTCOutputConfig), (28 bytes).
    Removing stm32f10x_bkp.o(i.BKP_ReadBackupRegister), (28 bytes).
    Removing stm32f10x_bkp.o(i.BKP_SetRTCCalibrationValue), (28 bytes).
    Removing stm32f10x_bkp.o(i.BKP_TamperPinCmd), (12 bytes).
    Removing stm32f10x_bkp.o(i.BKP_TamperPinLevelConfig), (12 bytes).
    Removing stm32f10x_bkp.o(i.BKP_WriteBackupRegister), (28 bytes).
    Removing stm32f10x_can.o(i.CAN_CancelTransmit), (48 bytes).
    Removing stm32f10x_can.o(i.CAN_ClearFlag), (56 bytes).
    Removing stm32f10x_can.o(i.CAN_ClearITPendingBit), (168 bytes).
    Removing stm32f10x_can.o(i.CAN_DBGFreeze), (22 bytes).
    Removing stm32f10x_can.o(i.CAN_DeInit), (56 bytes).
    Removing stm32f10x_can.o(i.CAN_FIFORelease), (22 bytes).
    Removing stm32f10x_can.o(i.CAN_FilterInit), (264 bytes).
    Removing stm32f10x_can.o(i.CAN_GetFlagStatus), (120 bytes).
    Removing stm32f10x_can.o(i.CAN_GetITStatus), (288 bytes).
    Removing stm32f10x_can.o(i.CAN_GetLSBTransmitErrorCounter), (12 bytes).
    Removing stm32f10x_can.o(i.CAN_GetLastErrorCode), (12 bytes).
    Removing stm32f10x_can.o(i.CAN_GetReceiveErrorCounter), (10 bytes).
    Removing stm32f10x_can.o(i.CAN_ITConfig), (18 bytes).
    Removing stm32f10x_can.o(i.CAN_Init), (276 bytes).
    Removing stm32f10x_can.o(i.CAN_MessagePending), (30 bytes).
    Removing stm32f10x_can.o(i.CAN_OperatingModeRequest), (162 bytes).
    Removing stm32f10x_can.o(i.CAN_Receive), (240 bytes).
    Removing stm32f10x_can.o(i.CAN_SlaveStartBank), (52 bytes).
    Removing stm32f10x_can.o(i.CAN_Sleep), (30 bytes).
    Removing stm32f10x_can.o(i.CAN_StructInit), (32 bytes).
    Removing stm32f10x_can.o(i.CAN_TTComModeCmd), (118 bytes).
    Removing stm32f10x_can.o(i.CAN_Transmit), (294 bytes).
    Removing stm32f10x_can.o(i.CAN_TransmitStatus), (160 bytes).
    Removing stm32f10x_can.o(i.CAN_WakeUp), (48 bytes).
    Removing stm32f10x_can.o(i.CheckITStatus), (18 bytes).
    Removing stm32f10x_cec.o(i.CEC_ClearFlag), (36 bytes).
    Removing stm32f10x_cec.o(i.CEC_ClearITPendingBit), (36 bytes).
    Removing stm32f10x_cec.o(i.CEC_Cmd), (32 bytes).
    Removing stm32f10x_cec.o(i.CEC_DeInit), (22 bytes).
    Removing stm32f10x_cec.o(i.CEC_EndOfMessageCmd), (12 bytes).
    Removing stm32f10x_cec.o(i.CEC_GetFlagStatus), (48 bytes).
    Removing stm32f10x_cec.o(i.CEC_GetITStatus), (40 bytes).
    Removing stm32f10x_cec.o(i.CEC_ITConfig), (12 bytes).
    Removing stm32f10x_cec.o(i.CEC_Init), (32 bytes).
    Removing stm32f10x_cec.o(i.CEC_OwnAddressConfig), (12 bytes).
    Removing stm32f10x_cec.o(i.CEC_ReceiveDataByte), (12 bytes).
    Removing stm32f10x_cec.o(i.CEC_SendDataByte), (12 bytes).
    Removing stm32f10x_cec.o(i.CEC_SetPrescaler), (12 bytes).
    Removing stm32f10x_cec.o(i.CEC_StartOfMessage), (12 bytes).
    Removing stm32f10x_crc.o(i.CRC_CalcBlockCRC), (36 bytes).
    Removing stm32f10x_crc.o(i.CRC_CalcCRC), (16 bytes).
    Removing stm32f10x_crc.o(i.CRC_GetCRC), (12 bytes).
    Removing stm32f10x_crc.o(i.CRC_GetIDRegister), (12 bytes).
    Removing stm32f10x_crc.o(i.CRC_ResetDR), (12 bytes).
    Removing stm32f10x_crc.o(i.CRC_SetIDRegister), (12 bytes).
    Removing stm32f10x_dac.o(i.DAC_Cmd), (40 bytes).
    Removing stm32f10x_dac.o(i.DAC_DMACmd), (44 bytes).
    Removing stm32f10x_dac.o(i.DAC_DeInit), (22 bytes).
    Removing stm32f10x_dac.o(i.DAC_DualSoftwareTriggerCmd), (36 bytes).
    Removing stm32f10x_dac.o(i.DAC_GetDataOutputValue), (36 bytes).
    Removing stm32f10x_dac.o(i.DAC_Init), (52 bytes).
    Removing stm32f10x_dac.o(i.DAC_SetChannel1Data), (32 bytes).
    Removing stm32f10x_dac.o(i.DAC_SetChannel2Data), (32 bytes).
    Removing stm32f10x_dac.o(i.DAC_SetDualChannelData), (36 bytes).
    Removing stm32f10x_dac.o(i.DAC_SoftwareTriggerCmd), (44 bytes).
    Removing stm32f10x_dac.o(i.DAC_StructInit), (12 bytes).
    Removing stm32f10x_dac.o(i.DAC_WaveGenerationCmd), (40 bytes).
    Removing stm32f10x_dbgmcu.o(i.DBGMCU_Config), (32 bytes).
    Removing stm32f10x_dbgmcu.o(i.DBGMCU_GetDEVID), (16 bytes).
    Removing stm32f10x_dbgmcu.o(i.DBGMCU_GetREVID), (12 bytes).
    Removing stm32f10x_dma.o(i.DMA_ClearFlag), (28 bytes).
    Removing stm32f10x_dma.o(i.DMA_ClearITPendingBit), (28 bytes).
    Removing stm32f10x_dma.o(i.DMA_GetFlagStatus), (44 bytes).
    Removing stm32f10x_dma.o(i.DMA_GetITStatus), (44 bytes).
    Removing stm32f10x_dma.o(i.DMA_ITConfig), (18 bytes).
    Removing stm32f10x_dma.o(i.DMA_SetCurrDataCounter), (4 bytes).
    Removing stm32f10x_dma.o(i.DMA_StructInit), (26 bytes).
    Removing stm32f10x_exti.o(i.EXTI_ClearFlag), (12 bytes).
    Removing stm32f10x_exti.o(i.EXTI_ClearITPendingBit), (12 bytes).
    Removing stm32f10x_exti.o(i.EXTI_DeInit), (36 bytes).
    Removing stm32f10x_exti.o(i.EXTI_GenerateSWInterrupt), (16 bytes).
    Removing stm32f10x_exti.o(i.EXTI_GetFlagStatus), (24 bytes).
    Removing stm32f10x_exti.o(i.EXTI_GetITStatus), (40 bytes).
    Removing stm32f10x_exti.o(i.EXTI_Init), (148 bytes).
    Removing stm32f10x_exti.o(i.EXTI_StructInit), (16 bytes).
    Removing stm32f10x_flash.o(i.FLASH_EnableWriteProtection), (196 bytes).
    Removing stm32f10x_flash.o(i.FLASH_EraseAllBank1Pages), (72 bytes).
    Removing stm32f10x_flash.o(i.FLASH_EraseAllPages), (72 bytes).
    Removing stm32f10x_flash.o(i.FLASH_EraseOptionBytes), (168 bytes).
    Removing stm32f10x_flash.o(i.FLASH_GetFlagStatus), (48 bytes).
    Removing stm32f10x_flash.o(i.FLASH_GetPrefetchBufferStatus), (24 bytes).
    Removing stm32f10x_flash.o(i.FLASH_GetReadOutProtectionStatus), (24 bytes).
    Removing stm32f10x_flash.o(i.FLASH_GetStatus), (52 bytes).
    Removing stm32f10x_flash.o(i.FLASH_GetUserOptionByte), (12 bytes).
    Removing stm32f10x_flash.o(i.FLASH_GetWriteProtectionOptionByte), (12 bytes).
    Removing stm32f10x_flash.o(i.FLASH_HalfCycleAccessCmd), (28 bytes).
    Removing stm32f10x_flash.o(i.FLASH_ITConfig), (32 bytes).
    Removing stm32f10x_flash.o(i.FLASH_Lock), (20 bytes).
    Removing stm32f10x_flash.o(i.FLASH_LockBank1), (20 bytes).
    Removing stm32f10x_flash.o(i.FLASH_PrefetchBufferCmd), (28 bytes).
    Removing stm32f10x_flash.o(i.FLASH_ProgramOptionByteData), (84 bytes).
    Removing stm32f10x_flash.o(i.FLASH_ProgramWord), (108 bytes).
    Removing stm32f10x_flash.o(i.FLASH_ReadOutProtection), (172 bytes).
    Removing stm32f10x_flash.o(i.FLASH_SetLatency), (24 bytes).
    Removing stm32f10x_flash.o(i.FLASH_Unlock), (24 bytes).
    Removing stm32f10x_flash.o(i.FLASH_UserOptionByteConfig), (104 bytes).
    Removing stm32f10x_flash.o(i.FLASH_WaitForLastBank1Operation), (38 bytes).
    Removing stm32f10x_fsmc.o(i.FSMC_ClearFlag), (64 bytes).
    Removing stm32f10x_fsmc.o(i.FSMC_ClearITPendingBit), (72 bytes).
    Removing stm32f10x_fsmc.o(i.FSMC_GetECC), (28 bytes).
    Removing stm32f10x_fsmc.o(i.FSMC_GetFlagStatus), (56 bytes).
    Removing stm32f10x_fsmc.o(i.FSMC_GetITStatus), (68 bytes).
    Removing stm32f10x_fsmc.o(i.FSMC_ITConfig), (128 bytes).
    Removing stm32f10x_fsmc.o(i.FSMC_NANDCmd), (92 bytes).
    Removing stm32f10x_fsmc.o(i.FSMC_NANDDeInit), (68 bytes).
    Removing stm32f10x_fsmc.o(i.FSMC_NANDECCCmd), (92 bytes).
    Removing stm32f10x_fsmc.o(i.FSMC_NANDInit), (136 bytes).
    Removing stm32f10x_fsmc.o(i.FSMC_NANDStructInit), (54 bytes).
    Removing stm32f10x_fsmc.o(i.FSMC_NORSRAMCmd), (52 bytes).
    Removing stm32f10x_fsmc.o(i.FSMC_NORSRAMDeInit), (54 bytes).
    Removing stm32f10x_fsmc.o(i.FSMC_NORSRAMInit), (230 bytes).
    Removing stm32f10x_fsmc.o(i.FSMC_NORSRAMStructInit), (114 bytes).
    Removing stm32f10x_fsmc.o(i.FSMC_PCCARDCmd), (48 bytes).
    Removing stm32f10x_fsmc.o(i.FSMC_PCCARDDeInit), (40 bytes).
    Removing stm32f10x_fsmc.o(i.FSMC_PCCARDInit), (132 bytes).
    Removing stm32f10x_fsmc.o(i.FSMC_PCCARDStructInit), (60 bytes).
    Removing stm32f10x_i2c.o(i.I2C_ARPCmd), (24 bytes).
    Removing stm32f10x_i2c.o(i.I2C_AcknowledgeConfig), (24 bytes).
    Removing stm32f10x_i2c.o(i.I2C_CalculatePEC), (24 bytes).
    Removing stm32f10x_i2c.o(i.I2C_CheckEvent), (42 bytes).
    Removing stm32f10x_i2c.o(i.I2C_ClearFlag), (12 bytes).
    Removing stm32f10x_i2c.o(i.I2C_ClearITPendingBit), (12 bytes).
    Removing stm32f10x_i2c.o(i.I2C_Cmd), (24 bytes).
    Removing stm32f10x_i2c.o(i.I2C_DMACmd), (24 bytes).
    Removing stm32f10x_i2c.o(i.I2C_DMALastTransferCmd), (24 bytes).
    Removing stm32f10x_i2c.o(i.I2C_DeInit), (56 bytes).
    Removing stm32f10x_i2c.o(i.I2C_DualAddressCmd), (24 bytes).
    Removing stm32f10x_i2c.o(i.I2C_FastModeDutyCycleConfig), (28 bytes).
    Removing stm32f10x_i2c.o(i.I2C_GeneralCallCmd), (24 bytes).
    Removing stm32f10x_i2c.o(i.I2C_GenerateSTART), (24 bytes).
    Removing stm32f10x_i2c.o(i.I2C_GenerateSTOP), (24 bytes).
    Removing stm32f10x_i2c.o(i.I2C_GetFlagStatus), (58 bytes).
    Removing stm32f10x_i2c.o(i.I2C_GetITStatus), (38 bytes).
    Removing stm32f10x_i2c.o(i.I2C_GetLastEvent), (26 bytes).
    Removing stm32f10x_i2c.o(i.I2C_GetPEC), (8 bytes).
    Removing stm32f10x_i2c.o(i.I2C_ITConfig), (18 bytes).
    Removing stm32f10x_i2c.o(i.I2C_Init), (236 bytes).
    Removing stm32f10x_i2c.o(i.I2C_NACKPositionConfig), (28 bytes).
    Removing stm32f10x_i2c.o(i.I2C_OwnAddress2Config), (22 bytes).
    Removing stm32f10x_i2c.o(i.I2C_PECPositionConfig), (28 bytes).
    Removing stm32f10x_i2c.o(i.I2C_ReadRegister), (22 bytes).
    Removing stm32f10x_i2c.o(i.I2C_ReceiveData), (8 bytes).
    Removing stm32f10x_i2c.o(i.I2C_SMBusAlertConfig), (28 bytes).
    Removing stm32f10x_i2c.o(i.I2C_Send7bitAddress), (18 bytes).
    Removing stm32f10x_i2c.o(i.I2C_SendData), (4 bytes).
    Removing stm32f10x_i2c.o(i.I2C_SoftwareResetCmd), (22 bytes).
    Removing stm32f10x_i2c.o(i.I2C_StretchClockCmd), (24 bytes).
    Removing stm32f10x_i2c.o(i.I2C_StructInit), (30 bytes).
    Removing stm32f10x_i2c.o(i.I2C_TransmitPEC), (24 bytes).
    Removing stm32f10x_iwdg.o(i.IWDG_Enable), (16 bytes).
    Removing stm32f10x_iwdg.o(i.IWDG_GetFlagStatus), (24 bytes).
    Removing stm32f10x_iwdg.o(i.IWDG_ReloadCounter), (16 bytes).
    Removing stm32f10x_iwdg.o(i.IWDG_SetPrescaler), (12 bytes).
    Removing stm32f10x_iwdg.o(i.IWDG_SetReload), (12 bytes).
    Removing stm32f10x_iwdg.o(i.IWDG_WriteAccessCmd), (12 bytes).
    Removing stm32f10x_pwr.o(i.PWR_BackupAccessCmd), (12 bytes).
    Removing stm32f10x_pwr.o(i.PWR_ClearFlag), (20 bytes).
    Removing stm32f10x_pwr.o(i.PWR_DeInit), (22 bytes).
    Removing stm32f10x_pwr.o(i.PWR_EnterSTANDBYMode), (40 bytes).
    Removing stm32f10x_pwr.o(i.PWR_EnterSTOPMode), (64 bytes).
    Removing stm32f10x_pwr.o(i.PWR_GetFlagStatus), (24 bytes).
    Removing stm32f10x_pwr.o(i.PWR_PVDCmd), (12 bytes).
    Removing stm32f10x_pwr.o(i.PWR_PVDLevelConfig), (24 bytes).
    Removing stm32f10x_pwr.o(i.PWR_WakeUpPinCmd), (12 bytes).
    Removing stm32f10x_rtc.o(i.RTC_ClearFlag), (16 bytes).
    Removing stm32f10x_rtc.o(i.RTC_ClearITPendingBit), (16 bytes).
    Removing stm32f10x_rtc.o(i.RTC_EnterConfigMode), (20 bytes).
    Removing stm32f10x_rtc.o(i.RTC_ExitConfigMode), (20 bytes).
    Removing stm32f10x_rtc.o(i.RTC_GetCounter), (44 bytes).
    Removing stm32f10x_rtc.o(i.RTC_GetDivider), (24 bytes).
    Removing stm32f10x_rtc.o(i.RTC_GetFlagStatus), (24 bytes).
    Removing stm32f10x_rtc.o(i.RTC_GetITStatus), (36 bytes).
    Removing stm32f10x_rtc.o(i.RTC_ITConfig), (32 bytes).
    Removing stm32f10x_rtc.o(i.RTC_SetAlarm), (28 bytes).
    Removing stm32f10x_rtc.o(i.RTC_SetCounter), (28 bytes).
    Removing stm32f10x_rtc.o(i.RTC_SetPrescaler), (32 bytes).
    Removing stm32f10x_rtc.o(i.RTC_WaitForLastTask), (20 bytes).
    Removing stm32f10x_rtc.o(i.RTC_WaitForSynchro), (36 bytes).
    Removing stm32f10x_sdio.o(i.SDIO_CEATAITCmd), (16 bytes).
    Removing stm32f10x_sdio.o(i.SDIO_ClearFlag), (12 bytes).
    Removing stm32f10x_sdio.o(i.SDIO_ClearITPendingBit), (12 bytes).
    Removing stm32f10x_sdio.o(i.SDIO_ClockCmd), (12 bytes).
    Removing stm32f10x_sdio.o(i.SDIO_CmdStructInit), (14 bytes).
    Removing stm32f10x_sdio.o(i.SDIO_CommandCompletionCmd), (12 bytes).
    Removing stm32f10x_sdio.o(i.SDIO_DMACmd), (12 bytes).
    Removing stm32f10x_sdio.o(i.SDIO_DataConfig), (48 bytes).
    Removing stm32f10x_sdio.o(i.SDIO_DataStructInit), (20 bytes).
    Removing stm32f10x_sdio.o(i.SDIO_DeInit), (36 bytes).
    Removing stm32f10x_sdio.o(i.SDIO_GetCommandResponse), (12 bytes).
    Removing stm32f10x_sdio.o(i.SDIO_GetDataCounter), (12 bytes).
    Removing stm32f10x_sdio.o(i.SDIO_GetFIFOCount), (12 bytes).
    Removing stm32f10x_sdio.o(i.SDIO_GetFlagStatus), (24 bytes).
    Removing stm32f10x_sdio.o(i.SDIO_GetITStatus), (24 bytes).
    Removing stm32f10x_sdio.o(i.SDIO_GetPowerState), (16 bytes).
    Removing stm32f10x_sdio.o(i.SDIO_GetResponse), (24 bytes).
    Removing stm32f10x_sdio.o(i.SDIO_ITConfig), (32 bytes).
    Removing stm32f10x_sdio.o(i.SDIO_Init), (48 bytes).
    Removing stm32f10x_sdio.o(i.SDIO_ReadData), (12 bytes).
    Removing stm32f10x_sdio.o(i.SDIO_SendCEATACmd), (12 bytes).
    Removing stm32f10x_sdio.o(i.SDIO_SendCommand), (44 bytes).
    Removing stm32f10x_sdio.o(i.SDIO_SendSDIOSuspendCmd), (12 bytes).
    Removing stm32f10x_sdio.o(i.SDIO_SetPowerState), (12 bytes).
    Removing stm32f10x_sdio.o(i.SDIO_SetSDIOOperation), (12 bytes).
    Removing stm32f10x_sdio.o(i.SDIO_SetSDIOReadWaitMode), (12 bytes).
    Removing stm32f10x_sdio.o(i.SDIO_StartSDIOReadWait), (12 bytes).
    Removing stm32f10x_sdio.o(i.SDIO_StopSDIOReadWait), (12 bytes).
    Removing stm32f10x_sdio.o(i.SDIO_StructInit), (16 bytes).
    Removing stm32f10x_sdio.o(i.SDIO_WriteData), (12 bytes).
    Removing stm32f10x_spi.o(i.I2S_Cmd), (24 bytes).
    Removing stm32f10x_spi.o(i.I2S_Init), (232 bytes).
    Removing stm32f10x_spi.o(i.I2S_StructInit), (20 bytes).
    Removing stm32f10x_spi.o(i.SPI_BiDirectionalLineConfig), (28 bytes).
    Removing stm32f10x_spi.o(i.SPI_CalculateCRC), (24 bytes).
    Removing stm32f10x_spi.o(i.SPI_Cmd), (24 bytes).
    Removing stm32f10x_spi.o(i.SPI_DataSizeConfig), (18 bytes).
    Removing stm32f10x_spi.o(i.SPI_GetCRC), (16 bytes).
    Removing stm32f10x_spi.o(i.SPI_GetCRCPolynomial), (6 bytes).
    Removing stm32f10x_spi.o(i.SPI_I2S_ClearFlag), (6 bytes).
    Removing stm32f10x_spi.o(i.SPI_I2S_ClearITPendingBit), (20 bytes).
    Removing stm32f10x_spi.o(i.SPI_I2S_DMACmd), (18 bytes).
    Removing stm32f10x_spi.o(i.SPI_I2S_DeInit), (88 bytes).
    Removing stm32f10x_spi.o(i.SPI_I2S_GetFlagStatus), (18 bytes).
    Removing stm32f10x_spi.o(i.SPI_I2S_GetITStatus), (52 bytes).
    Removing stm32f10x_spi.o(i.SPI_I2S_ITConfig), (32 bytes).
    Removing stm32f10x_spi.o(i.SPI_I2S_ReceiveData), (6 bytes).
    Removing stm32f10x_spi.o(i.SPI_I2S_SendData), (4 bytes).
    Removing stm32f10x_spi.o(i.SPI_Init), (60 bytes).
    Removing stm32f10x_spi.o(i.SPI_NSSInternalSoftwareConfig), (30 bytes).
    Removing stm32f10x_spi.o(i.SPI_SSOutputCmd), (24 bytes).
    Removing stm32f10x_spi.o(i.SPI_StructInit), (24 bytes).
    Removing stm32f10x_spi.o(i.SPI_TransmitCRC), (10 bytes).
    Removing stm32f10x_tim.o(i.TI1_Config), (128 bytes).
    Removing stm32f10x_tim.o(i.TI2_Config), (152 bytes).
    Removing stm32f10x_tim.o(i.TI3_Config), (144 bytes).
    Removing stm32f10x_tim.o(i.TI4_Config), (152 bytes).
    Removing stm32f10x_tim.o(i.TIM_ARRPreloadConfig), (24 bytes).
    Removing stm32f10x_tim.o(i.TIM_BDTRConfig), (32 bytes).
    Removing stm32f10x_tim.o(i.TIM_BDTRStructInit), (18 bytes).
    Removing stm32f10x_tim.o(i.TIM_CCPreloadControl), (24 bytes).
    Removing stm32f10x_tim.o(i.TIM_CCxCmd), (30 bytes).
    Removing stm32f10x_tim.o(i.TIM_CCxNCmd), (30 bytes).
    Removing stm32f10x_tim.o(i.TIM_ClearFlag), (6 bytes).
    Removing stm32f10x_tim.o(i.TIM_ClearITPendingBit), (6 bytes).
    Removing stm32f10x_tim.o(i.TIM_ClearOC1Ref), (18 bytes).
    Removing stm32f10x_tim.o(i.TIM_ClearOC2Ref), (24 bytes).
    Removing stm32f10x_tim.o(i.TIM_ClearOC3Ref), (18 bytes).
    Removing stm32f10x_tim.o(i.TIM_ClearOC4Ref), (24 bytes).
    Removing stm32f10x_tim.o(i.TIM_Cmd), (24 bytes).
    Removing stm32f10x_tim.o(i.TIM_CounterModeConfig), (18 bytes).
    Removing stm32f10x_tim.o(i.TIM_CtrlPWMOutputs), (30 bytes).
    Removing stm32f10x_tim.o(i.TIM_DMACmd), (18 bytes).
    Removing stm32f10x_tim.o(i.TIM_DMAConfig), (10 bytes).
    Removing stm32f10x_tim.o(i.TIM_DeInit), (488 bytes).
    Removing stm32f10x_tim.o(i.TIM_ETRClockMode1Config), (54 bytes).
    Removing stm32f10x_tim.o(i.TIM_ETRClockMode2Config), (32 bytes).
    Removing stm32f10x_tim.o(i.TIM_ETRConfig), (28 bytes).
    Removing stm32f10x_tim.o(i.TIM_EncoderInterfaceConfig), (66 bytes).
    Removing stm32f10x_tim.o(i.TIM_ForcedOC1Config), (18 bytes).
    Removing stm32f10x_tim.o(i.TIM_ForcedOC2Config), (26 bytes).
    Removing stm32f10x_tim.o(i.TIM_ForcedOC3Config), (18 bytes).
    Removing stm32f10x_tim.o(i.TIM_ForcedOC4Config), (26 bytes).
    Removing stm32f10x_tim.o(i.TIM_GenerateEvent), (4 bytes).
    Removing stm32f10x_tim.o(i.TIM_GetCapture1), (6 bytes).
    Removing stm32f10x_tim.o(i.TIM_GetCapture2), (6 bytes).
    Removing stm32f10x_tim.o(i.TIM_GetCapture3), (6 bytes).
    Removing stm32f10x_tim.o(i.TIM_GetCapture4), (8 bytes).
    Removing stm32f10x_tim.o(i.TIM_GetCounter), (6 bytes).
    Removing stm32f10x_tim.o(i.TIM_GetFlagStatus), (18 bytes).
    Removing stm32f10x_tim.o(i.TIM_GetITStatus), (34 bytes).
    Removing stm32f10x_tim.o(i.TIM_GetPrescaler), (6 bytes).
    Removing stm32f10x_tim.o(i.TIM_ICInit), (172 bytes).
    Removing stm32f10x_tim.o(i.TIM_ICStructInit), (18 bytes).
    Removing stm32f10x_tim.o(i.TIM_ITConfig), (18 bytes).
    Removing stm32f10x_tim.o(i.TIM_ITRxExternalClockConfig), (24 bytes).
    Removing stm32f10x_tim.o(i.TIM_InternalClockConfig), (12 bytes).
    Removing stm32f10x_tim.o(i.TIM_OC1FastConfig), (18 bytes).
    Removing stm32f10x_tim.o(i.TIM_OC1Init), (152 bytes).
    Removing stm32f10x_tim.o(i.TIM_OC1NPolarityConfig), (18 bytes).
    Removing stm32f10x_tim.o(i.TIM_OC1PolarityConfig), (18 bytes).
    Removing stm32f10x_tim.o(i.TIM_OC1PreloadConfig), (18 bytes).
    Removing stm32f10x_tim.o(i.TIM_OC2FastConfig), (26 bytes).
    Removing stm32f10x_tim.o(i.TIM_OC2Init), (164 bytes).
    Removing stm32f10x_tim.o(i.TIM_OC2NPolarityConfig), (26 bytes).
    Removing stm32f10x_tim.o(i.TIM_OC2PolarityConfig), (26 bytes).
    Removing stm32f10x_tim.o(i.TIM_OC2PreloadConfig), (26 bytes).
    Removing stm32f10x_tim.o(i.TIM_OC3FastConfig), (18 bytes).
    Removing stm32f10x_tim.o(i.TIM_OC3Init), (160 bytes).
    Removing stm32f10x_tim.o(i.TIM_OC3NPolarityConfig), (26 bytes).
    Removing stm32f10x_tim.o(i.TIM_OC3PolarityConfig), (26 bytes).
    Removing stm32f10x_tim.o(i.TIM_OC3PreloadConfig), (18 bytes).
    Removing stm32f10x_tim.o(i.TIM_OC4FastConfig), (26 bytes).
    Removing stm32f10x_tim.o(i.TIM_OC4Init), (124 bytes).
    Removing stm32f10x_tim.o(i.TIM_OC4PolarityConfig), (26 bytes).
    Removing stm32f10x_tim.o(i.TIM_OC4PreloadConfig), (26 bytes).
    Removing stm32f10x_tim.o(i.TIM_OCStructInit), (20 bytes).
    Removing stm32f10x_tim.o(i.TIM_PWMIConfig), (124 bytes).
    Removing stm32f10x_tim.o(i.TIM_PrescalerConfig), (6 bytes).
    Removing stm32f10x_tim.o(i.TIM_SelectCCDMA), (24 bytes).
    Removing stm32f10x_tim.o(i.TIM_SelectCOM), (24 bytes).
    Removing stm32f10x_tim.o(i.TIM_SelectHallSensor), (24 bytes).
    Removing stm32f10x_tim.o(i.TIM_SelectInputTrigger), (18 bytes).
    Removing stm32f10x_tim.o(i.TIM_SelectMasterSlaveMode), (18 bytes).
    Removing stm32f10x_tim.o(i.TIM_SelectOCxM), (82 bytes).
    Removing stm32f10x_tim.o(i.TIM_SelectOnePulseMode), (18 bytes).
    Removing stm32f10x_tim.o(i.TIM_SelectOutputTrigger), (18 bytes).
    Removing stm32f10x_tim.o(i.TIM_SelectSlaveMode), (18 bytes).
    Removing stm32f10x_tim.o(i.TIM_SetAutoreload), (4 bytes).
    Removing stm32f10x_tim.o(i.TIM_SetClockDivision), (18 bytes).
    Removing stm32f10x_tim.o(i.TIM_SetCompare1), (4 bytes).
    Removing stm32f10x_tim.o(i.TIM_SetCompare2), (4 bytes).
    Removing stm32f10x_tim.o(i.TIM_SetCompare3), (4 bytes).
    Removing stm32f10x_tim.o(i.TIM_SetCompare4), (6 bytes).
    Removing stm32f10x_tim.o(i.TIM_SetCounter), (4 bytes).
    Removing stm32f10x_tim.o(i.TIM_SetIC1Prescaler), (18 bytes).
    Removing stm32f10x_tim.o(i.TIM_SetIC2Prescaler), (26 bytes).
    Removing stm32f10x_tim.o(i.TIM_SetIC3Prescaler), (18 bytes).
    Removing stm32f10x_tim.o(i.TIM_SetIC4Prescaler), (26 bytes).
    Removing stm32f10x_tim.o(i.TIM_TIxExternalClockConfig), (62 bytes).
    Removing stm32f10x_tim.o(i.TIM_TimeBaseInit), (164 bytes).
    Removing stm32f10x_tim.o(i.TIM_TimeBaseStructInit), (18 bytes).
    Removing stm32f10x_tim.o(i.TIM_UpdateDisableConfig), (24 bytes).
    Removing stm32f10x_tim.o(i.TIM_UpdateRequestConfig), (24 bytes).
    Removing stm32f10x_usart.o(i.USART_ClearITPendingBit), (30 bytes).
    Removing stm32f10x_usart.o(i.USART_ClockInit), (34 bytes).
    Removing stm32f10x_usart.o(i.USART_ClockStructInit), (12 bytes).
    Removing stm32f10x_usart.o(i.USART_HalfDuplexCmd), (24 bytes).
    Removing stm32f10x_usart.o(i.USART_IrDACmd), (24 bytes).
    Removing stm32f10x_usart.o(i.USART_IrDAConfig), (18 bytes).
    Removing stm32f10x_usart.o(i.USART_LINBreakDetectLengthConfig), (18 bytes).
    Removing stm32f10x_usart.o(i.USART_LINCmd), (24 bytes).
    Removing stm32f10x_usart.o(i.USART_OneBitMethodCmd), (24 bytes).
    Removing stm32f10x_usart.o(i.USART_OverSampling8Cmd), (22 bytes).
    Removing stm32f10x_usart.o(i.USART_ReceiverWakeUpCmd), (24 bytes).
    Removing stm32f10x_usart.o(i.USART_SendBreak), (10 bytes).
    Removing stm32f10x_usart.o(i.USART_SetAddress), (18 bytes).
    Removing stm32f10x_usart.o(i.USART_SetGuardTime), (16 bytes).
    Removing stm32f10x_usart.o(i.USART_SetPrescaler), (16 bytes).
    Removing stm32f10x_usart.o(i.USART_SmartCardCmd), (24 bytes).
    Removing stm32f10x_usart.o(i.USART_SmartCardNACKCmd), (24 bytes).
    Removing stm32f10x_usart.o(i.USART_StructInit), (24 bytes).
    Removing stm32f10x_usart.o(i.USART_WakeUpConfig), (18 bytes).
    Removing stm32f10x_wwdg.o(i.WWDG_ClearFlag), (12 bytes).
    Removing stm32f10x_wwdg.o(i.WWDG_DeInit), (22 bytes).
    Removing stm32f10x_wwdg.o(i.WWDG_Enable), (16 bytes).
    Removing stm32f10x_wwdg.o(i.WWDG_EnableIT), (12 bytes).
    Removing stm32f10x_wwdg.o(i.WWDG_GetFlagStatus), (12 bytes).
    Removing stm32f10x_wwdg.o(i.WWDG_SetCounter), (16 bytes).
    Removing stm32f10x_wwdg.o(i.WWDG_SetPrescaler), (24 bytes).
    Removing stm32f10x_wwdg.o(i.WWDG_SetWindowValue), (40 bytes).
    Removing board.o(i.rt_hw_udelay), (64 bytes).
    Removing cpuport.o(i.rt_hw_cpu_reset), (16 bytes).
    Removing cpuport.o(i.rt_hw_cpu_shutdown), (24 bytes).
    Removing cpuport.o(i.rt_hw_exception_install), (12 bytes).
    Removing cpuport.o(.constdata), (19 bytes).
    Removing clock.o(i.rt_system_tick_init), (2 bytes).
    Removing clock.o(i.rt_tick_set), (28 bytes).
    Removing device.o(i.rt_device_close), (180 bytes).
    Removing device.o(i.rt_device_control), (148 bytes).
    Removing device.o(i.rt_device_create), (46 bytes).
    Removing device.o(i.rt_device_destroy), (200 bytes).
    Removing device.o(i.rt_device_find), (124 bytes).
    Removing device.o(i.rt_device_init), (72 bytes).
    Removing device.o(i.rt_device_init_all), (4 bytes).
    Removing device.o(i.rt_device_open), (268 bytes).
    Removing device.o(i.rt_device_read), (180 bytes).
    Removing device.o(i.rt_device_register), (54 bytes).
    Removing device.o(i.rt_device_set_rx_indicate), (128 bytes).
    Removing device.o(i.rt_device_set_tx_complete), (128 bytes).
    Removing device.o(i.rt_device_unregister), (184 bytes).
    Removing device.o(i.rt_device_write), (180 bytes).
    Removing device.o(.constdata), (201 bytes).
    Removing idle.o(i.rt_thread_idle_delhook), (68 bytes).
    Removing idle.o(i.rt_thread_idle_gethandler), (20 bytes).
    Removing idle.o(i.rt_thread_idle_sethook), (64 bytes).
    Removing ipc.o(i.rt_event_control), (120 bytes).
    Removing ipc.o(i.rt_event_create), (84 bytes).
    Removing ipc.o(i.rt_event_delete), (208 bytes).
    Removing ipc.o(i.rt_event_detach), (160 bytes).
    Removing ipc.o(i.rt_event_init), (72 bytes).
    Removing ipc.o(i.rt_event_recv), (416 bytes).
    Removing ipc.o(i.rt_event_send), (264 bytes).
    Removing ipc.o(i.rt_mb_create), (124 bytes).
    Removing ipc.o(i.rt_mb_delete), (216 bytes).
    Removing ipc.o(i.rt_mb_detach), (160 bytes).
    Removing ipc.o(i.rt_mq_control), (152 bytes).
    Removing ipc.o(i.rt_mq_create), (180 bytes).
    Removing ipc.o(i.rt_mq_delete), (216 bytes).
    Removing ipc.o(i.rt_mq_detach), (160 bytes).
    Removing ipc.o(i.rt_mq_init), (148 bytes).
    Removing ipc.o(i.rt_mq_recv), (544 bytes).
    Removing ipc.o(i.rt_mq_send), (22 bytes).
    Removing ipc.o(i.rt_mq_send_wait), (504 bytes).
    Removing ipc.o(i.rt_mq_urgent), (276 bytes).
    Removing ipc.o(i.rt_mutex_control), (80 bytes).
    Removing ipc.o(i.rt_mutex_create), (100 bytes).
    Removing ipc.o(i.rt_mutex_delete), (208 bytes).
    Removing ipc.o(i.rt_mutex_detach), (160 bytes).
    Removing ipc.o(i.rt_sem_control), (116 bytes).
    Removing ipc.o(i.rt_sem_create), (124 bytes).
    Removing ipc.o(i.rt_sem_delete), (200 bytes).
    Removing ipc.o(i.rt_sem_detach), (144 bytes).
    Removing ipc.o(i.rt_sem_trytake), (14 bytes).
    Removing irq.o(i.rt_interrupt_enter_sethook), (12 bytes).
    Removing irq.o(i.rt_interrupt_leave_sethook), (12 bytes).
    Removing kservice.o(i._rt_errno), (36 bytes).
    Removing kservice.o(i.rt_assert_set_hook), (12 bytes).
    Removing kservice.o(i.rt_free_align), (16 bytes).
    Removing kservice.o(i.rt_get_errno), (36 bytes).
    Removing kservice.o(i.rt_malloc_align), (70 bytes).
    Removing kservice.o(i.rt_memcmp), (38 bytes).
    Removing kservice.o(i.rt_memcpy), (124 bytes).
    Removing kservice.o(i.rt_memmove), (66 bytes).
    Removing kservice.o(i.rt_set_errno), (40 bytes).
    Removing kservice.o(i.rt_snprintf), (38 bytes).
    Removing kservice.o(i.rt_strcasecmp), (48 bytes).
    Removing kservice.o(i.rt_strcmp), (28 bytes).
    Removing kservice.o(i.rt_strdup), (40 bytes).
    Removing kservice.o(i.rt_strncmp), (40 bytes).
    Removing kservice.o(i.rt_strnlen), (24 bytes).
    Removing kservice.o(i.rt_strstr), (58 bytes).
    Removing mem.o(i.rt_calloc), (34 bytes).
    Removing mem.o(i.rt_free_sethook), (12 bytes).
    Removing mem.o(i.rt_malloc_sethook), (12 bytes).
    Removing mem.o(i.rt_memory_info), (40 bytes).
    Removing mem.o(i.rt_realloc), (340 bytes).
    Removing memheap.o(i.rt_memheap_alloc), (416 bytes).
    Removing memheap.o(i.rt_memheap_detach), (192 bytes).
    Removing memheap.o(i.rt_memheap_free), (544 bytes).
    Removing memheap.o(i.rt_memheap_init), (204 bytes).
    Removing memheap.o(i.rt_memheap_realloc), (676 bytes).
    Removing memheap.o(.constdata), (86 bytes).
    Removing mempool.o(i.rt_list_init), (6 bytes).
    Removing mempool.o(i.rt_list_isempty), (16 bytes).
    Removing mempool.o(i.rt_mp_alloc), (328 bytes).
    Removing mempool.o(i.rt_mp_alloc_sethook), (12 bytes).
    Removing mempool.o(i.rt_mp_create), (256 bytes).
    Removing mempool.o(i.rt_mp_delete), (292 bytes).
    Removing mempool.o(i.rt_mp_detach), (228 bytes).
    Removing mempool.o(i.rt_mp_free), (108 bytes).
    Removing mempool.o(i.rt_mp_free_sethook), (12 bytes).
    Removing mempool.o(i.rt_mp_init), (260 bytes).
    Removing mempool.o(.constdata), (62 bytes).
    Removing mempool.o(.data), (8 bytes).
    Removing object.o(i.rt_object_attach_sethook), (12 bytes).
    Removing object.o(i.rt_object_detach_sethook), (12 bytes).
    Removing object.o(i.rt_object_find), (168 bytes).
    Removing object.o(i.rt_object_put_sethook), (12 bytes).
    Removing object.o(i.rt_object_take_sethook), (12 bytes).
    Removing object.o(i.rt_object_trytake_sethook), (12 bytes).
    Removing object.o(i.rt_system_object_init), (2 bytes).
    Removing scheduler.o(i.rt_critical_level), (12 bytes).
    Removing scheduler.o(i.rt_scheduler_sethook), (12 bytes).
    Removing thread.o(i.rt_thread_delay), (12 bytes).
    Removing thread.o(i.rt_thread_delay_until), (204 bytes).
    Removing thread.o(i.rt_thread_detach), (220 bytes).
    Removing thread.o(i.rt_thread_find), (124 bytes).
    Removing thread.o(i.rt_thread_inited_sethook), (12 bytes).
    Removing thread.o(i.rt_thread_resume_sethook), (12 bytes).
    Removing thread.o(i.rt_thread_suspend_sethook), (12 bytes).
    Removing timer.o(i.rt_timer_delete), (228 bytes).
    Removing timer.o(i.rt_timer_enter_sethook), (12 bytes).
    Removing timer.o(i.rt_timer_exit_sethook), (12 bytes).
    Removing timer.o(i.rt_timer_list_next_timeout), (28 bytes).
    Removing timer.o(i.rt_timer_next_timeout_tick), (16 bytes).
    Removing completion.o(i.rt_completion_done), (104 bytes).
    Removing completion.o(i.rt_completion_init), (72 bytes).
    Removing completion.o(i.rt_completion_wait), (272 bytes).
    Removing completion.o(i.rt_list_isempty), (16 bytes).
    Removing completion.o(.constdata), (57 bytes).
    Removing dataqueue.o(i.rt_data_queue_init), (100 bytes).
    Removing dataqueue.o(i.rt_data_queue_peak), (128 bytes).
    Removing dataqueue.o(i.rt_data_queue_pop), (400 bytes).
    Removing dataqueue.o(i.rt_data_queue_push), (304 bytes).
    Removing dataqueue.o(i.rt_data_queue_reset), (106 bytes).
    Removing dataqueue.o(i.rt_list_init), (6 bytes).
    Removing dataqueue.o(i.rt_list_insert_before), (14 bytes).
    Removing dataqueue.o(i.rt_list_isempty), (16 bytes).
    Removing dataqueue.o(.constdata), (75 bytes).
    Removing pipe.o(i.rt_pipe_close), (56 bytes).
    Removing pipe.o(i.rt_pipe_control), (6 bytes).
    Removing pipe.o(i.rt_pipe_create), (192 bytes).
    Removing pipe.o(i.rt_pipe_delete), (88 bytes).
    Removing pipe.o(i.rt_pipe_open), (54 bytes).
    Removing pipe.o(i.rt_pipe_read), (100 bytes).
    Removing pipe.o(i.rt_pipe_write), (100 bytes).
    Removing pipe.o(i.rt_wqueue_init), (56 bytes).
    Removing pipe.o(.constdata), (30 bytes).
    Removing ringblk_buf.o(i.find_empty_blk_in_set), (64 bytes).
    Removing ringblk_buf.o(i.rt_rbb_blk_alloc), (368 bytes).
    Removing ringblk_buf.o(i.rt_rbb_blk_buf), (36 bytes).
    Removing ringblk_buf.o(i.rt_rbb_blk_free), (132 bytes).
    Removing ringblk_buf.o(i.rt_rbb_blk_get), (100 bytes).
    Removing ringblk_buf.o(i.rt_rbb_blk_put), (88 bytes).
    Removing ringblk_buf.o(i.rt_rbb_blk_queue_buf), (40 bytes).
    Removing ringblk_buf.o(i.rt_rbb_blk_queue_free), (84 bytes).
    Removing ringblk_buf.o(i.rt_rbb_blk_queue_get), (208 bytes).
    Removing ringblk_buf.o(i.rt_rbb_blk_queue_len), (68 bytes).
    Removing ringblk_buf.o(i.rt_rbb_blk_size), (36 bytes).
    Removing ringblk_buf.o(i.rt_rbb_create), (100 bytes).
    Removing ringblk_buf.o(i.rt_rbb_destroy), (44 bytes).
    Removing ringblk_buf.o(i.rt_rbb_get_buf_size), (32 bytes).
    Removing ringblk_buf.o(i.rt_rbb_init), (120 bytes).
    Removing ringblk_buf.o(i.rt_rbb_next_blk_queue_len), (132 bytes).
    Removing ringblk_buf.o(i.rt_slist_append), (20 bytes).
    Removing ringblk_buf.o(i.rt_slist_isempty), (14 bytes).
    Removing ringblk_buf.o(i.rt_slist_len), (18 bytes).
    Removing ringblk_buf.o(i.rt_slist_remove), (30 bytes).
    Removing ringblk_buf.o(.constdata), (274 bytes).
    Removing ringbuffer.o(i.rt_ringbuffer_create), (88 bytes).
    Removing ringbuffer.o(i.rt_ringbuffer_data_len), (76 bytes).
    Removing ringbuffer.o(i.rt_ringbuffer_destroy), (52 bytes).
    Removing ringbuffer.o(i.rt_ringbuffer_get), (200 bytes).
    Removing ringbuffer.o(i.rt_ringbuffer_getchar), (124 bytes).
    Removing ringbuffer.o(i.rt_ringbuffer_init), (112 bytes).
    Removing ringbuffer.o(i.rt_ringbuffer_put), (200 bytes).
    Removing ringbuffer.o(i.rt_ringbuffer_put_force), (252 bytes).
    Removing ringbuffer.o(i.rt_ringbuffer_putchar), (124 bytes).
    Removing ringbuffer.o(i.rt_ringbuffer_putchar_force), (160 bytes).
    Removing ringbuffer.o(i.rt_ringbuffer_reset), (76 bytes).
    Removing ringbuffer.o(i.rt_ringbuffer_status), (42 bytes).
    Removing ringbuffer.o(.constdata), (214 bytes).
    Removing waitqueue.o(i.__wqueue_default_wake), (6 bytes).
    Removing waitqueue.o(i.rt_wqueue_add), (38 bytes).
    Removing waitqueue.o(i.rt_wqueue_remove), (38 bytes).
    Removing waitqueue.o(i.rt_wqueue_wait), (200 bytes).
    Removing waitqueue.o(i.rt_wqueue_wakeup), (102 bytes).
    Removing waitqueue.o(.constdata), (15 bytes).
    Removing workqueue.o(i._delayed_work_timeout_handler), (60 bytes).
    Removing workqueue.o(i._workqueue_cancel_delayed_work), (112 bytes).
    Removing workqueue.o(i._workqueue_cancel_work), (54 bytes).
    Removing workqueue.o(i._workqueue_submit_delayed_work), (144 bytes).
    Removing workqueue.o(i._workqueue_submit_work), (104 bytes).
    Removing workqueue.o(i._workqueue_thread_entry), (188 bytes).
    Removing workqueue.o(i.rt_delayed_work_init), (32 bytes).
    Removing workqueue.o(i.rt_list_init), (6 bytes).
    Removing workqueue.o(i.rt_list_insert_after), (14 bytes).
    Removing workqueue.o(i.rt_list_remove), (18 bytes).
    Removing workqueue.o(i.rt_workqueue_cancel_all_work), (72 bytes).
    Removing workqueue.o(i.rt_workqueue_cancel_work), (100 bytes).
    Removing workqueue.o(i.rt_workqueue_cancel_work_sync), (124 bytes).
    Removing workqueue.o(i.rt_workqueue_create), (104 bytes).
    Removing workqueue.o(i.rt_workqueue_critical_work), (144 bytes).
    Removing workqueue.o(i.rt_workqueue_destroy), (60 bytes).
    Removing workqueue.o(i.rt_workqueue_dowork), (84 bytes).
    Removing workqueue.o(i.rt_workqueue_submit_work), (116 bytes).
    Removing workqueue.o(.constdata), (201 bytes).
    Removing fadd.o(.text), (176 bytes).
    Removing fmul.o(.text), (100 bytes).
    Removing fdiv.o(.text), (124 bytes).
    Removing fflti.o(.text), (18 bytes).
    Removing ffltui.o(.text), (10 bytes).
    Removing dfixui.o(.text), (50 bytes).
    Removing d2f.o(.text), (56 bytes).
    Removing cfrcmple.o(.text), (20 bytes).
    Removing fepilogue.o(.text), (110 bytes).

711 unused section(s) (total 45112 bytes) removed from the image.
