<html>
<body>
<pre>
<h1>µVision Build Log</h1>
<h2>Tool Versions:</h2>
IDE-Version: ¶ÃVision V5.34.0.0
Copyright (C) 2021 ARM Ltd and ARM Germany GmbH. All rights reserved.
License Information: rt 2099599807@qq.com, rtrt, LIC=LSNXV-PNMUU-GKZBG-VDYPW-Q96M5-JPGTR
 
Tool Versions:
Toolchain:       MDK-ARM Plus  Version: 5.34.0.0
Toolchain Path:  D:\ProfessionalSoftware\Stm32\KeilCore\ARM\ARMCC\Bin
C Compiler:      Armcc.exe V5.06 update 7 (build 960)
Assembler:       Armasm.exe V5.06 update 7 (build 960)
Linker/Locator:  ArmLink.exe V5.06 update 7 (build 960)
Library Manager: ArmAr.exe V5.06 update 7 (build 960)
Hex Converter:   FromElf.exe V5.06 update 7 (build 960)
CPU DLL:         SARMCM3.DLL V5.34.0.0
Dialog DLL:      DCM.DLL V1.17.3.0
Target DLL:      STLink\ST-LINKIII-KEIL_SWO.dll V3.0.8.0
Dialog DLL:      TCM.DLL V1.48.0.0
 
<h2>Project:</h2>
C:\Users\20995\Desktop\±œ…Ë\rtt_demo\Project\RttDemo.uvprojx
Project File Date:  03/14/2026

<h2>Output:</h2>
*** Using Compiler 'V5.06 update 7 (build 960)', folder: 'D:\ProfessionalSoftware\Stm32\KeilCore\ARM\ARMCC\Bin'
Rebuild target 'RttDemo'
compiling sensor_thread.c...
compiling sensor.c...
..\Application\dev\htu21d.h(24): warning:  #1-D: last line of file ends without a newline
  #endif //__HTU21D_H__
..\Application\sensor\sensor.c: 1 warning, 0 errors
compiling htu21d.c...
..\Application\dev\htu21d.h(24): warning:  #1-D: last line of file ends without a newline
  #endif //__HTU21D_H__
..\Application\dev\htu21d.c(111): warning:  #1-D: last line of file ends without a newline
  }
..\Application\dev\htu21d.c: 2 warnings, 0 errors
compiling at_hw.c...
compiling drv_fan.c...
compiling rf_if_hw.c...
compiling main.c...
compiling at_thread.c...
compiling rf_thread.c...
compiling rf_if_app.c...
compiling zxbee.c...
compiling at_app.c...
compiling wifi_drv.c...
compiling flash.c...
compiling delay.c...
compiling iic.c...
assembling startup_stm32f10x_md.s...
compiling uart1.c...
compiling iic2.c...
compiling uart3.c...
compiling uart2.c...
compiling led.c...
compiling key.c...
compiling serial.c...
compiling stm32f10x_it.c...
compiling system_stm32f10x.c...
compiling misc.c...
compiling stm32f10x_gpio.c...
compiling stm32f10x_adc.c...
compiling stm32f10x_bkp.c...
compiling stm32f10x_rcc.c...
compiling stm32f10x_cec.c...
compiling stm32f10x_crc.c...
compiling stm32f10x_can.c...
compiling stm32f10x_dac.c...
compiling stm32f10x_dbgmcu.c...
compiling stm32f10x_dma.c...
compiling stm32f10x_exti.c...
compiling stm32f10x_flash.c...
compiling stm32f10x_i2c.c...
compiling stm32f10x_fsmc.c...
compiling stm32f10x_iwdg.c...
compiling stm32f10x_rtc.c...
compiling stm32f10x_sdio.c...
compiling stm32f10x_pwr.c...
compiling stm32f10x_spi.c...
assembling context_rvds.S...
compiling stm32f10x_tim.c...
compiling stm32f10x_usart.c...
compiling stm32f10x_wwdg.c...
compiling cpuport.c...
..\rt-thread\libcpu\cpuport.c(295): warning:  #177-D: variable "context"  was declared but never referenced
      struct stack_frame* context = &exception_info->stack_frame;
..\rt-thread\libcpu\cpuport.c: 1 warning, 0 errors
compiling clock.c...
compiling components.c...
compiling cpu.c...
compiling device.c...
compiling idle.c...
compiling board.c...
compiling ipc.c...
compiling irq.c...
compiling mem.c...
compiling memheap.c...
compiling kservice.c...
compiling mempool.c...
compiling scheduler.c...
compiling object.c...
compiling slab.c...
compiling signal.c...
compiling completion.c...
compiling thread.c...
compiling timer.c...
compiling dataqueue.c...
compiling pipe.c...
compiling waitqueue.c...
compiling ringbuffer.c...
compiling workqueue.c...
compiling ringblk_buf.c...
linking...
Program Size: Code=30592 RO-data=2728 RW-data=444 ZI-data=12236  
FromELF: creating hex file...
".\Objects\RttDemo.axf" - 0 Error(s), 4 Warning(s).

<h2>Software Packages used:</h2>

Package Vendor: Keil
                http://www.keil.com/pack/Keil.STM32F1xx_DFP.2.1.0.pack
                Keil.STM32F1xx_DFP.2.1.0
                STMicroelectronics STM32F1 Series Device Support, Drivers and Examples

<h2>Collection of Component include folders:</h2>
  C:\Users\20995\AppData\Local\Arm\Packs\Keil\STM32F1xx_DFP\2.1.0\Device\Include

<h2>Collection of Component Files used:</h2>
Build Time Elapsed:  00:00:05
</pre>
</body>
</html>
